Archive member included to satisfy reference by file (symbol)

/usr/lib/gcc/arm-none-eabi/4.8/../../../arm-none-eabi/lib/armv7-m/libg.a(lib_a-memcpy.o)
                              build/obj/uip.o (memcpy)
/usr/lib/gcc/arm-none-eabi/4.8/../../../arm-none-eabi/lib/armv7-m/libg.a(lib_a-memset.o)
                              build/obj/uip_arp.o (memset)
/usr/lib/gcc/arm-none-eabi/4.8/../../../arm-none-eabi/lib/armv7-m/libg.a(lib_a-puts.o)
                              build/obj/psock.o (puts)
/usr/lib/gcc/arm-none-eabi/4.8/../../../arm-none-eabi/lib/armv7-m/libg.a(lib_a-strlen.o)
                              build/obj/util.o (strlen)
/usr/lib/gcc/arm-none-eabi/4.8/../../../arm-none-eabi/lib/armv7-m/libg.a(lib_a-vsprintf.o)
                              build/obj/util.o (vsprintf)
/usr/lib/gcc/arm-none-eabi/4.8/../../../arm-none-eabi/lib/armv7-m/libg.a(lib_a-fvwrite.o)
                              /usr/lib/gcc/arm-none-eabi/4.8/../../../arm-none-eabi/lib/armv7-m/libg.a(lib_a-puts.o) (__sfvwrite_r)
/usr/lib/gcc/arm-none-eabi/4.8/../../../arm-none-eabi/lib/armv7-m/libg.a(lib_a-impure.o)
                              /usr/lib/gcc/arm-none-eabi/4.8/../../../arm-none-eabi/lib/armv7-m/libg.a(lib_a-puts.o) (_impure_ptr)
/usr/lib/gcc/arm-none-eabi/4.8/../../../arm-none-eabi/lib/armv7-m/libg.a(lib_a-mallocr.o)
                              /usr/lib/gcc/arm-none-eabi/4.8/../../../arm-none-eabi/lib/armv7-m/libg.a(lib_a-fvwrite.o) (_malloc_r)
/usr/lib/gcc/arm-none-eabi/4.8/../../../arm-none-eabi/lib/armv7-m/libg.a(lib_a-memchr-stub.o)
                              /usr/lib/gcc/arm-none-eabi/4.8/../../../arm-none-eabi/lib/armv7-m/libg.a(lib_a-fvwrite.o) (memchr)
/usr/lib/gcc/arm-none-eabi/4.8/../../../arm-none-eabi/lib/armv7-m/libg.a(lib_a-memmove.o)
                              /usr/lib/gcc/arm-none-eabi/4.8/../../../arm-none-eabi/lib/armv7-m/libg.a(lib_a-fvwrite.o) (memmove)
/usr/lib/gcc/arm-none-eabi/4.8/../../../arm-none-eabi/lib/armv7-m/libg.a(lib_a-mlock.o)
                              /usr/lib/gcc/arm-none-eabi/4.8/../../../arm-none-eabi/lib/armv7-m/libg.a(lib_a-mallocr.o) (__malloc_lock)
/usr/lib/gcc/arm-none-eabi/4.8/../../../arm-none-eabi/lib/armv7-m/libg.a(lib_a-reallocr.o)
                              /usr/lib/gcc/arm-none-eabi/4.8/../../../arm-none-eabi/lib/armv7-m/libg.a(lib_a-fvwrite.o) (_realloc_r)
/usr/lib/gcc/arm-none-eabi/4.8/../../../arm-none-eabi/lib/armv7-m/libg.a(lib_a-svfprintf.o)
                              /usr/lib/gcc/arm-none-eabi/4.8/../../../arm-none-eabi/lib/armv7-m/libg.a(lib_a-vsprintf.o) (_svfprintf_r)
/usr/lib/gcc/arm-none-eabi/4.8/../../../arm-none-eabi/lib/armv7-m/libg.a(lib_a-wsetup.o)
                              /usr/lib/gcc/arm-none-eabi/4.8/../../../arm-none-eabi/lib/armv7-m/libg.a(lib_a-fvwrite.o) (__swsetup_r)
/usr/lib/gcc/arm-none-eabi/4.8/../../../arm-none-eabi/lib/armv7-m/libg.a(lib_a-dtoa.o)
                              /usr/lib/gcc/arm-none-eabi/4.8/../../../arm-none-eabi/lib/armv7-m/libg.a(lib_a-svfprintf.o) (_dtoa_r)
/usr/lib/gcc/arm-none-eabi/4.8/../../../arm-none-eabi/lib/armv7-m/libg.a(lib_a-fflush.o)
                              /usr/lib/gcc/arm-none-eabi/4.8/../../../arm-none-eabi/lib/armv7-m/libg.a(lib_a-fvwrite.o) (_fflush_r)
/usr/lib/gcc/arm-none-eabi/4.8/../../../arm-none-eabi/lib/armv7-m/libg.a(lib_a-findfp.o)
                              /usr/lib/gcc/arm-none-eabi/4.8/../../../arm-none-eabi/lib/armv7-m/libg.a(lib_a-wsetup.o) (__sinit)
/usr/lib/gcc/arm-none-eabi/4.8/../../../arm-none-eabi/lib/armv7-m/libg.a(lib_a-freer.o)
                              /usr/lib/gcc/arm-none-eabi/4.8/../../../arm-none-eabi/lib/armv7-m/libg.a(lib_a-fvwrite.o) (_free_r)
/usr/lib/gcc/arm-none-eabi/4.8/../../../arm-none-eabi/lib/armv7-m/libg.a(lib_a-fwalk.o)
                              /usr/lib/gcc/arm-none-eabi/4.8/../../../arm-none-eabi/lib/armv7-m/libg.a(lib_a-findfp.o) (_fwalk)
/usr/lib/gcc/arm-none-eabi/4.8/../../../arm-none-eabi/lib/armv7-m/libg.a(lib_a-locale.o)
                              /usr/lib/gcc/arm-none-eabi/4.8/../../../arm-none-eabi/lib/armv7-m/libg.a(lib_a-svfprintf.o) (_localeconv_r)
/usr/lib/gcc/arm-none-eabi/4.8/../../../arm-none-eabi/lib/armv7-m/libg.a(lib_a-makebuf.o)
                              /usr/lib/gcc/arm-none-eabi/4.8/../../../arm-none-eabi/lib/armv7-m/libg.a(lib_a-wsetup.o) (__smakebuf_r)
/usr/lib/gcc/arm-none-eabi/4.8/../../../arm-none-eabi/lib/armv7-m/libg.a(lib_a-mprec.o)
                              /usr/lib/gcc/arm-none-eabi/4.8/../../../arm-none-eabi/lib/armv7-m/libg.a(lib_a-dtoa.o) (_Balloc)
/usr/lib/gcc/arm-none-eabi/4.8/../../../arm-none-eabi/lib/armv7-m/libg.a(lib_a-s_fpclassify.o)
                              /usr/lib/gcc/arm-none-eabi/4.8/../../../arm-none-eabi/lib/armv7-m/libg.a(lib_a-svfprintf.o) (__fpclassifyd)
/usr/lib/gcc/arm-none-eabi/4.8/../../../arm-none-eabi/lib/armv7-m/libg.a(lib_a-stdio.o)
[...]
Memory Configuration

Name             Origin             Length             Attributes
flash            0x0000000008000000 0x0000000000010000
ram              0x0000000020000000 0x0000000000005000
*default*        0x0000000000000000 0xffffffffffffffff

Linker script and memory map

LOAD build/obj/crt0.o
LOAD build/obj/vectors.o
LOAD build/obj/chcore.o
LOAD build/obj/chcore_v7m.o
LOAD build/obj/nvic.o
LOAD build/obj/chsys.o
LOAD build/obj/chdebug.o
LOAD build/obj/chlists.o
LOAD build/obj/chvt.o
LOAD build/obj/chschd.o
LOAD build/obj/chthreads.o
LOAD build/obj/chdynamic.o
LOAD build/obj/chregistry.o
LOAD build/obj/chsem.o
LOAD build/obj/chmtx.o
LOAD build/obj/chcond.o
LOAD build/obj/chevents.o
LOAD build/obj/chmsg.o
LOAD build/obj/chmboxes.o
LOAD build/obj/chqueues.o
LOAD build/obj/chmemcore.o
LOAD build/obj/chheap.o
LOAD build/obj/chmempools.o
LOAD build/obj/hal.o
LOAD build/obj/adc.o
LOAD build/obj/can.o
LOAD build/obj/ext.o
LOAD build/obj/gpt.o
LOAD build/obj/i2c.o
LOAD build/obj/icu.o
LOAD build/obj/mac.o
LOAD build/obj/mmc_spi.o
LOAD build/obj/mmcsd.o
LOAD build/obj/pal.o
LOAD build/obj/pwm.o
LOAD build/obj/rtc.o
LOAD build/obj/sdc.o
LOAD build/obj/serial.o
LOAD build/obj/serial_usb.o
LOAD build/obj/spi.o
LOAD build/obj/tm.o
LOAD build/obj/uart.o
LOAD build/obj/usb.o
LOAD build/obj/stm32_dma.o
LOAD build/obj/hal_lld.o
LOAD build/obj/adc_lld.o
LOAD build/obj/ext_lld_isr.o
LOAD build/obj/can_lld.o
LOAD build/obj/ext_lld.o
LOAD build/obj/mac_lld.o
LOAD build/obj/sdc_lld.o
LOAD build/obj/pal_lld.o
LOAD build/obj/i2c_lld.o
LOAD build/obj/rtc_lld.o
LOAD build/obj/spi_lld.o
LOAD build/obj/gpt_lld.o
LOAD build/obj/icu_lld.o
LOAD build/obj/pwm_lld.o
LOAD build/obj/serial_lld.o
LOAD build/obj/uart_lld.o
LOAD build/obj/usb_lld.o
LOAD build/obj/board.o
LOAD build/obj/uip.o
LOAD build/obj/uip_arp.o
LOAD build/obj/uiplib.o
LOAD build/obj/psock.o
LOAD build/obj/evtimer.o
LOAD build/obj/syscalls.o
LOAD build/obj/main.o
LOAD build/obj/enc.o
LOAD build/obj/rfm.o
LOAD build/obj/util.o
LOAD build/obj/modbus_tcp.o
                0x0000000000000400                __main_stack_size__ = 0x400
                0x0000000000000400                __process_stack_size__ = 0x400
                0x0000000020000000                __ram_start__ = ORIGIN (ram)
                0x0000000000005000                __ram_size__ = 0x5000
                0x0000000020005000                __ram_end__ = (__ram_start__ + __ram_size__)
                0x0000000000000000                . = 0x0
                0x0000000000000000                _text = .

startup         0x0000000008000000       0xec
 *(vectors)
 vectors        0x0000000008000000       0xec build/obj/vectors.o
                0x0000000008000000                _vectors

constructors    0x00000000080000ec        0x0
                0x00000000080000ec                PROVIDE (__init_array_start, .)
 *(SORT(.init_array.*))
 *(.init_array)
                0x00000000080000ec                PROVIDE (__init_array_end, .)

destructors     0x00000000080000ec        0x0
                0x00000000080000ec                PROVIDE (__fini_array_start, .)
 *(.fini_array)
 *(SORT(.fini_array.*))
                0x00000000080000ec                PROVIDE (__fini_array_end, .)

.text           0x00000000080000f0     0x8bac
 *(.text.startup.*)
 .text.startup.main
                0x00000000080000f0      0x190 build/obj/main.o
                0x00000000080000f0                main
 *(.text)
 .text          0x0000000008000280       0xec /usr/lib/gcc/arm-none-eabi/4.8/../../../arm-none-eabi/lib/armv7-m/libg.a(lib_a-memcpy.o)
                0x0000000008000280                memcpy
 *fill*         0x000000000800036c        0x4 
 .text          0x0000000008000370      0x370 /usr/lib/gcc/arm-none-eabi/4.8/armv7-m/libgcc.a(_arm_addsubdf3.o)
                0x0000000008000370                __aeabi_drsub
                0x0000000008000378                __aeabi_dsub
                0x0000000008000378                __subdf3
                0x000000000800037c                __adddf3
                0x000000000800037c                __aeabi_dadd
                0x00000000080005f4                __aeabi_ui2d
                0x00000000080005f4                __floatunsidf
                0x0000000008000614                __floatsidf
                0x0000000008000614                __aeabi_i2d
                0x0000000008000638                __extendsfdf2
                0x0000000008000638                __aeabi_f2d
                0x0000000008000674                __aeabi_ul2d
                0x0000000008000674                __floatundidf
                0x0000000008000684                __floatdidf
                0x0000000008000684                __aeabi_l2d
 .text          0x00000000080006e0      0x424 /usr/lib/gcc/arm-none-eabi/4.8/armv7-m/libgcc.a(_arm_muldivdf3.o)
                0x00000000080006e0                __aeabi_dmul
                0x00000000080006e0                __muldf3
                0x0000000008000934                __aeabi_ddiv
                0x0000000008000934                __divdf3
 *fill*         0x0000000008000b04        0xc 
 .text          0x0000000008000b10      0x110 /usr/lib/gcc/arm-none-eabi/4.8/armv7-m/libgcc.a(_arm_cmpdf2.o)
                0x0000000008000b10                __gtdf2
                0x0000000008000b10                __gedf2
                0x0000000008000b18                __ltdf2
                0x0000000008000b18                __ledf2
                0x0000000008000b20                __cmpdf2
                0x0000000008000b20                __eqdf2
                0x0000000008000b20                __nedf2
                0x0000000008000b9c                __aeabi_cdrcmple
                0x0000000008000bac                __aeabi_cdcmple
                0x0000000008000bac                __aeabi_cdcmpeq
                0x0000000008000bbc                __aeabi_dcmpeq
                0x0000000008000bd0                __aeabi_dcmplt
                0x0000000008000be4                __aeabi_dcmple
                0x0000000008000bf8                __aeabi_dcmpge
                0x0000000008000c0c                __aeabi_dcmpgt
 .text          0x0000000008000c20       0x50 /usr/lib/gcc/arm-none-eabi/4.8/armv7-m/libgcc.a(_arm_fixdfsi.o)
                0x0000000008000c20                __fixdfsi
                0x0000000008000c20                __aeabi_d2iz
 .text          0x0000000008000c70       0x2c /usr/lib/gcc/arm-none-eabi/4.8/armv7-m/libgcc.a(_aeabi_uldivmod.o)
                0x0000000008000c70                __aeabi_uldivmod
 *fill*         0x0000000008000c9c        0x4 
 .text          0x0000000008000ca0       0x60 /usr/lib/gcc/arm-none-eabi/4.8/armv7-m/libgcc.a(bpabi.o)
                0x0000000008000ca0                __gnu_ldivmod_helper
                0x0000000008000cd0                __gnu_uldivmod_helper
 .text          0x0000000008000d00        0x4 /usr/lib/gcc/arm-none-eabi/4.8/armv7-m/libgcc.a(_dvmd_tls.o)
                0x0000000008000d00                __aeabi_ldiv0
                0x0000000008000d00                __aeabi_idiv0
 *fill*         0x0000000008000d04        0xc 
 .text          0x0000000008000d10      0x2a0 /usr/lib/gcc/arm-none-eabi/4.8/armv7-m/libgcc.a(_divdi3.o)
                0x0000000008000d10                __divdi3
 .text          0x0000000008000fb0      0x290 /usr/lib/gcc/arm-none-eabi/4.8/armv7-m/libgcc.a(_udivdi3.o)
                0x0000000008000fb0                __udivdi3
 *(.text.*)
 .text.__late_init
                0x0000000008001240       0x10 build/obj/crt0.o
                0x0000000008001240                __late_init
 .text._default_exit
                0x0000000008001250       0x10 build/obj/crt0.o
                0x0000000008001250                _default_exit
 .text.ResetHandler
                0x0000000008001260      0x100 build/obj/crt0.o
                0x0000000008001260                ResetHandler
 .text._unhandled_exception
                0x0000000008001360       0x10 build/obj/vectors.o
                0x0000000008001360                VectorAC
                0x0000000008001360                NMIVector
                0x0000000008001360                Vector8C
                0x0000000008001360                VectorDC
                0x0000000008001360                VectorC8
                0x0000000008001360                Vector94
                0x0000000008001360                VectorA8
                0x0000000008001360                VectorB4
                0x0000000008001360                UsageFaultVector
                0x0000000008001360                DebugMonitorVector
                0x0000000008001360                Vector40
                0x0000000008001360                VectorBC
                0x0000000008001360                PendSVVector
                0x0000000008001360                VectorCC
                0x0000000008001360                Vector54
                0x0000000008001360                Vector98
                0x0000000008001360                Vector24
                0x0000000008001360                BusFaultVector
                0x0000000008001360                VectorD0
                0x0000000008001360                VectorC0
                0x0000000008001360                HardFaultVector
                0x0000000008001360                MemManageVector
                0x0000000008001360                VectorA0
                0x0000000008001360                VectorC4
                0x0000000008001360                VectorB0
                0x0000000008001360                Vector90
                0x0000000008001360                Vector1C
                0x0000000008001360                Vector48
                0x0000000008001360                VectorD4
                0x0000000008001360                Vector4C
                0x0000000008001360                _unhandled_exception
                0x0000000008001360                Vector88
                0x0000000008001360                Vector50
                0x0000000008001360                Vector28
                0x0000000008001360                VectorB8
                0x0000000008001360                Vector34
                0x0000000008001360                VectorA4
                0x0000000008001360                Vector20
 .text.port_halt
                0x0000000008001370       0x10 build/obj/chcore.o
                0x0000000008001370                port_halt
 .text._port_switch_from_isr
                0x0000000008001380       0x10 build/obj/chcore_v7m.o
                0x0000000008001380                _port_switch_from_isr
 .text.SVCallVector
                0x0000000008001390       0x20 build/obj/chcore_v7m.o
                0x0000000008001390                SVCallVector
 .text._port_init
                0x00000000080013b0       0x30 build/obj/chcore_v7m.o
                0x00000000080013b0                _port_init
 .text._port_lock
                0x00000000080013e0       0x10 build/obj/chcore_v7m.o
                0x00000000080013e0                _port_lock
 .text._port_unlock
                0x00000000080013f0       0x10 build/obj/chcore_v7m.o
                0x00000000080013f0                _port_unlock
 .text._port_irq_epilogue
                0x0000000008001400       0x80 build/obj/chcore_v7m.o
                0x0000000008001400                _port_irq_epilogue
 .text.SysTickVector
                0x0000000008001480       0x20 build/obj/chcore_v7m.o
                0x0000000008001480                SysTickVector
 .text._port_switch
                0x00000000080014a0       0x10 build/obj/chcore_v7m.o
                0x00000000080014a0                _port_switch
 .text._port_thread_start
                0x00000000080014b0       0x20 build/obj/chcore_v7m.o
                0x00000000080014b0                _port_thread_start
 .text.nvicEnableVector
                0x00000000080014d0       0x50 build/obj/nvic.o
                0x00000000080014d0                nvicEnableVector
 .text.nvicDisableVector
                0x0000000008001520       0x50 build/obj/nvic.o
                0x0000000008001520                nvicDisableVector
 .text.nvicSetSystemHandlerPriority
                0x0000000008001570       0x30 build/obj/nvic.o
                0x0000000008001570                nvicSetSystemHandlerPriority
 .text._idle_thread
                0x00000000080015a0       0x10 build/obj/chsys.o
                0x00000000080015a0                _idle_thread
 .text.chSysInit
                0x00000000080015b0       0x50 build/obj/chsys.o
                0x00000000080015b0                chSysInit
 .text.chSysTimerHandlerI
                0x0000000008001600       0x50 build/obj/chsys.o
                0x0000000008001600                chSysTimerHandlerI
 .text.prio_insert
                0x0000000008001650       0x30 build/obj/chlists.o
                0x0000000008001650                prio_insert
 .text.fifo_remove
                0x0000000008001680       0x10 build/obj/chlists.o
                0x0000000008001680                fifo_remove
 .text.dequeue  0x0000000008001690       0x10 build/obj/chlists.o
                0x0000000008001690                dequeue
 .text.list_remove
                0x00000000080016a0       0x10 build/obj/chlists.o
                0x00000000080016a0                list_remove
 .text._vt_init
                0x00000000080016b0       0x20 build/obj/chvt.o
                0x00000000080016b0                _vt_init
 .text.chVTSetI
                0x00000000080016d0       0x40 build/obj/chvt.o
                0x00000000080016d0                chVTSetI
 .text.chVTResetI
                0x0000000008001710       0x30 build/obj/chvt.o
                0x0000000008001710                chVTResetI
 .text.wakeup   0x0000000008001740       0x60 build/obj/chschd.o
 .text._scheduler_init
                0x00000000080017a0       0x10 build/obj/chschd.o
                0x00000000080017a0                _scheduler_init
 .text.chSchReadyI
                0x00000000080017b0       0x30 build/obj/chschd.o
                0x00000000080017b0                chSchReadyI
 .text.chSchGoSleepS
                0x00000000080017e0       0x30 build/obj/chschd.o
                0x00000000080017e0                chSchGoSleepS
 .text.chSchGoSleepTimeoutS
                0x0000000008001810       0x50 build/obj/chschd.o
                0x0000000008001810                chSchGoSleepTimeoutS
 .text.chSchWakeupS
                0x0000000008001860       0x60 build/obj/chschd.o
                0x0000000008001860                chSchWakeupS
 .text.chSchDoRescheduleBehind
                0x00000000080018c0       0x50 build/obj/chschd.o
                0x00000000080018c0                chSchDoRescheduleBehind
 .text.chSchDoRescheduleAhead
                0x0000000008001910       0x40 build/obj/chschd.o
                0x0000000008001910                chSchDoRescheduleAhead
 .text.chSchRescheduleS
                0x0000000008001950       0x20 build/obj/chschd.o
                0x0000000008001950                chSchRescheduleS
 .text.chSchDoReschedule
                0x0000000008001970       0x20 build/obj/chschd.o
                0x0000000008001970                chSchDoReschedule
 .text._thread_init
                0x0000000008001990       0x30 build/obj/chthreads.o
                0x0000000008001990                _thread_init
 .text.chThdCreateStatic
                0x00000000080019c0       0x60 build/obj/chthreads.o
                0x00000000080019c0                chThdCreateStatic
 .text.chThdSleep
                0x0000000008001a20       0x20 build/obj/chthreads.o
                0x0000000008001a20                chThdSleep
 .text.chThdExitS
                0x0000000008001a40       0x30 build/obj/chthreads.o
                0x0000000008001a40                chThdExitS
 .text.chThdExit
                0x0000000008001a70       0x10 build/obj/chthreads.o
                0x0000000008001a70                chThdExit
 .text.chMtxInit
                0x0000000008001a80       0x10 build/obj/chmtx.o
                0x0000000008001a80                chMtxInit
 .text.chMtxLockS
                0x0000000008001a90       0x80 build/obj/chmtx.o
                0x0000000008001a90                chMtxLockS
 .text.chMtxLock
                0x0000000008001b10       0x10 build/obj/chmtx.o
                0x0000000008001b10                chMtxLock
 .text.chMtxTryLock
                0x0000000008001b20       0x40 build/obj/chmtx.o
                0x0000000008001b20                chMtxTryLock
 .text.chMtxUnlock
                0x0000000008001b60       0x60 build/obj/chmtx.o
                0x0000000008001b60                chMtxUnlock
 .text.chEvtRegisterMask
                0x0000000008001bc0       0x30 build/obj/chevents.o
                0x0000000008001bc0                chEvtRegisterMask
 .text.chEvtSignalI
                0x0000000008001bf0       0x30 build/obj/chevents.o
                0x0000000008001bf0                chEvtSignalI
 .text.chEvtBroadcastFlagsI
                0x0000000008001c20       0x30 build/obj/chevents.o
                0x0000000008001c20                chEvtBroadcastFlagsI
 .text.chEvtBroadcastFlags
                0x0000000008001c50       0x20 build/obj/chevents.o
                0x0000000008001c50                chEvtBroadcastFlags
 .text.chEvtWaitOneTimeout
                0x0000000008001c70       0x50 build/obj/chevents.o
                0x0000000008001c70                chEvtWaitOneTimeout
 .text.halInit  0x0000000008001cc0       0x30 build/obj/hal.o
                0x0000000008001cc0                halInit
 .text.extInit  0x0000000008001cf0       0x10 build/obj/ext.o
                0x0000000008001cf0                extInit
 .text.extObjectInit
                0x0000000008001d00       0x10 build/obj/ext.o
                0x0000000008001d00                extObjectInit
 .text.extStart
                0x0000000008001d10       0x20 build/obj/ext.o
                0x0000000008001d10                extStart
 .text.spiInit  0x0000000008001d30       0x10 build/obj/spi.o
                0x0000000008001d30                spiInit
 .text.spiObjectInit
                0x0000000008001d40       0x10 build/obj/spi.o
                0x0000000008001d40                spiObjectInit
 .text.spiStart
                0x0000000008001d50       0x20 build/obj/spi.o
                0x0000000008001d50                spiStart
 .text.spiStop  0x0000000008001d70       0x20 build/obj/spi.o
                0x0000000008001d70                spiStop
 .text.spiSelect
                0x0000000008001d90       0x10 build/obj/spi.o
                0x0000000008001d90                spiSelect
 .text.spiUnselect
                0x0000000008001da0       0x10 build/obj/spi.o
                0x0000000008001da0                spiUnselect
 .text.spiSend  0x0000000008001db0       0x30 build/obj/spi.o
                0x0000000008001db0                spiSend
 .text.spiReceive
                0x0000000008001de0       0x30 build/obj/spi.o
                0x0000000008001de0                spiReceive
 .text.spiAcquireBus
                0x0000000008001e10       0x10 build/obj/spi.o
                0x0000000008001e10                spiAcquireBus
 .text.spiReleaseBus
                0x0000000008001e20       0x10 build/obj/spi.o
                0x0000000008001e20                spiReleaseBus
 .text.tm_start
                0x0000000008001e30       0x10 build/obj/tm.o
 .text.tm_stop  0x0000000008001e40       0x30 build/obj/tm.o
 .text.tmInit   0x0000000008001e70       0x40 build/obj/tm.o
                0x0000000008001e70                tmInit
 .text.uartInit
                0x0000000008001eb0       0x10 build/obj/uart.o
                0x0000000008001eb0                uartInit
 .text.uartObjectInit
                0x0000000008001ec0       0x10 build/obj/uart.o
                0x0000000008001ec0                uartObjectInit
 .text.uartStart
                0x0000000008001ed0       0x20 build/obj/uart.o
                0x0000000008001ed0                uartStart
 .text.uartStartSend
                0x0000000008001ef0       0x20 build/obj/uart.o
                0x0000000008001ef0                uartStartSend
 .text.uartStartReceive
                0x0000000008001f10       0x20 build/obj/uart.o
                0x0000000008001f10                uartStartReceive
 .text.Vector6C
                0x0000000008001f30       0x30 build/obj/stm32_dma.o
                0x0000000008001f30                Vector6C
 .text.Vector70
                0x0000000008001f60       0x30 build/obj/stm32_dma.o
                0x0000000008001f60                Vector70
 .text.Vector74
                0x0000000008001f90       0x30 build/obj/stm32_dma.o
                0x0000000008001f90                Vector74
 .text.Vector78
                0x0000000008001fc0       0x30 build/obj/stm32_dma.o
                0x0000000008001fc0                Vector78
 .text.Vector7C
                0x0000000008001ff0       0x30 build/obj/stm32_dma.o
                0x0000000008001ff0                Vector7C
 .text.Vector80
                0x0000000008002020       0x30 build/obj/stm32_dma.o
                0x0000000008002020                Vector80
 .text.Vector84
                0x0000000008002050       0x30 build/obj/stm32_dma.o
                0x0000000008002050                Vector84
 .text.dmaInit  0x0000000008002080       0x40 build/obj/stm32_dma.o
                0x0000000008002080                dmaInit
 .text.dmaStreamAllocate
                0x00000000080020c0       0x80 build/obj/stm32_dma.o
                0x00000000080020c0                dmaStreamAllocate
 .text.dmaStreamRelease
                0x0000000008002140       0x40 build/obj/stm32_dma.o
                0x0000000008002140                dmaStreamRelease
 .text.hal_lld_init
                0x0000000008002180       0x70 build/obj/hal_lld.o
                0x0000000008002180                hal_lld_init
 .text.stm32_clock_init
                0x00000000080021f0       0x90 build/obj/hal_lld.o
                0x00000000080021f0                stm32_clock_init
 .text.Vector58
                0x0000000008002280       0x30 build/obj/ext_lld_isr.o
                0x0000000008002280                Vector58
 .text.Vector5C
                0x00000000080022b0       0x30 build/obj/ext_lld_isr.o
                0x00000000080022b0                Vector5C
 .text.Vector60
                0x00000000080022e0       0x30 build/obj/ext_lld_isr.o
                0x00000000080022e0                Vector60
 .text.Vector64
                0x0000000008002310       0x30 build/obj/ext_lld_isr.o
                0x0000000008002310                Vector64
 .text.Vector68
                0x0000000008002340       0x30 build/obj/ext_lld_isr.o
                0x0000000008002340                Vector68
 .text.Vector9C
                0x0000000008002370       0x70 build/obj/ext_lld_isr.o
                0x0000000008002370                Vector9C
 .text.VectorE0
                0x00000000080023e0       0x80 build/obj/ext_lld_isr.o
                0x00000000080023e0                VectorE0
 .text.Vector44
                0x0000000008002460       0x30 build/obj/ext_lld_isr.o
                0x0000000008002460                Vector44
 .text.VectorE4
                0x0000000008002490       0x30 build/obj/ext_lld_isr.o
                0x0000000008002490                VectorE4
 .text.VectorE8
                0x00000000080024c0       0x30 build/obj/ext_lld_isr.o
                0x00000000080024c0                VectorE8
 .text.ext_lld_exti_irq_enable
                0x00000000080024f0       0x60 build/obj/ext_lld_isr.o
                0x00000000080024f0                ext_lld_exti_irq_enable
 .text.ext_lld_init
                0x0000000008002550       0x10 build/obj/ext_lld.o
                0x0000000008002550                ext_lld_init
 .text.ext_lld_channel_enable
                0x0000000008002560       0xa0 build/obj/ext_lld.o
                0x0000000008002560                ext_lld_channel_enable
 .text.ext_lld_channel_disable
                0x0000000008002600       0x30 build/obj/ext_lld.o
                0x0000000008002600                ext_lld_channel_disable
 .text.ext_lld_start
                0x0000000008002630       0x40 build/obj/ext_lld.o
                0x0000000008002630                ext_lld_start
 .text._pal_lld_init
                0x0000000008002670       0x70 build/obj/pal_lld.o
                0x0000000008002670                _pal_lld_init
 .text.spi_lld_serve_tx_interrupt
                0x00000000080026e0       0x10 build/obj/spi_lld.o
 .text.spi_lld_serve_rx_interrupt
                0x00000000080026f0       0x80 build/obj/spi_lld.o
 .text.spi_lld_init
                0x0000000008002770       0x70 build/obj/spi_lld.o
                0x0000000008002770                spi_lld_init
 .text.spi_lld_start
                0x00000000080027e0       0xe0 build/obj/spi_lld.o
                0x00000000080027e0                spi_lld_start
 .text.spi_lld_stop
                0x00000000080028c0       0x60 build/obj/spi_lld.o
                0x00000000080028c0                spi_lld_stop
 .text.spi_lld_select
                0x0000000008002920       0x10 build/obj/spi_lld.o
                0x0000000008002920                spi_lld_select
 .text.spi_lld_unselect
                0x0000000008002930       0x10 build/obj/spi_lld.o
                0x0000000008002930                spi_lld_unselect
 .text.spi_lld_send
                0x0000000008002940       0x60 build/obj/spi_lld.o
                0x0000000008002940                spi_lld_send
 .text.spi_lld_receive
                0x00000000080029a0       0x60 build/obj/spi_lld.o
                0x00000000080029a0                spi_lld_receive
 .text.set_rx_idle_loop
                0x0000000008002a00       0x40 build/obj/uart_lld.o
 .text.usart_stop
                0x0000000008002a40       0x50 build/obj/uart_lld.o
 .text.uart_lld_serve_tx_end_irq
                0x0000000008002a90       0x60 build/obj/uart_lld.o
 .text.uart_lld_serve_rx_end_irq
                0x0000000008002af0       0x60 build/obj/uart_lld.o
 .text.VectorD8
                0x0000000008002b50       0x80 build/obj/uart_lld.o
                0x0000000008002b50                VectorD8
 .text.uart_lld_init
                0x0000000008002bd0       0x30 build/obj/uart_lld.o
                0x0000000008002bd0                uart_lld_init
 .text.uart_lld_start
                0x0000000008002c00       0xf0 build/obj/uart_lld.o
                0x0000000008002c00                uart_lld_start
 .text.uart_lld_start_send
                0x0000000008002cf0       0x30 build/obj/uart_lld.o
                0x0000000008002cf0                uart_lld_start_send
 .text.uart_lld_start_receive
                0x0000000008002d20       0x50 build/obj/uart_lld.o
                0x0000000008002d20                uart_lld_start_receive
 .text.__early_init
                0x0000000008002d70       0x10 build/obj/board.o
                0x0000000008002d70                __early_init
 .text.boardInit
                0x0000000008002d80       0x10 build/obj/board.o
                0x0000000008002d80                boardInit
 .text.chksum   0x0000000008002d90       0x50 build/obj/uip.o
 .text.upper_layer_chksum
                0x0000000008002de0       0x40 build/obj/uip.o
 .text.uip_add32
                0x0000000008002e20       0x60 build/obj/uip.o
                0x0000000008002e20                uip_add32
 .text.unlikely.uip_add_rcv_nxt
                0x0000000008002e80       0x2c build/obj/uip.o
 *fill*         0x0000000008002eac        0x4 
 .text.uip_ipchksum
                0x0000000008002eb0       0x20 build/obj/uip.o
                0x0000000008002eb0                uip_ipchksum
 .text.uip_init
                0x0000000008002ed0       0x40 build/obj/uip.o
                0x0000000008002ed0                uip_init
 .text.uip_listen
                0x0000000008002f10       0x30 build/obj/uip.o
                0x0000000008002f10                uip_listen
 .text.uip_process
                0x0000000008002f40      0xc70 build/obj/uip.o
                0x0000000008002f40                uip_process
 .text.htons    0x0000000008003bb0       0x10 build/obj/uip.o
                0x0000000008003bb0                htons
 .text.uip_send
                0x0000000008003bc0       0x30 build/obj/uip.o
                0x0000000008003bc0                uip_send
 .text.uip_arp_update.constprop.0
                0x0000000008003bf0      0x120 build/obj/uip_arp.o
 .text.uip_arp_timer
                0x0000000008003d10       0x70 build/obj/uip_arp.o
                0x0000000008003d10                uip_arp_timer
 .text.uip_arp_arpin
                0x0000000008003d80       0xe0 build/obj/uip_arp.o
                0x0000000008003d80                uip_arp_arpin
 .text.uip_arp_out
                0x0000000008003e60      0x180 build/obj/uip_arp.o
                0x0000000008003e60                uip_arp_out
 .text.tmrcb    0x0000000008003fe0       0x30 build/obj/evtimer.o
 .text.evtStart
                0x0000000008004010       0x30 build/obj/evtimer.o
                0x0000000008004010                evtStart
 .text._sbrk_r  0x0000000008004040       0x10 build/obj/syscalls.o
                0x0000000008004040                _sbrk_r
 .text.ThreadModbusSerial
                0x0000000008004050       0x40 build/obj/main.o
 .text.ThreadButton
                0x0000000008004090       0x30 build/obj/main.o
 .text.ThreadRFM
                0x00000000080040c0       0x80 build/obj/main.o
 .text.enc_fix_error
                0x0000000008004140       0xc0 build/obj/main.o
 .text.ThreadBlink
                0x0000000008004200       0x40 build/obj/main.o
 .text.network_send
                0x0000000008004240       0x50 build/obj/main.o
 .text.network_thread
                0x0000000008004290      0x1e0 build/obj/main.o
 .text.uart_thread
                0x0000000008004470       0x50 build/obj/main.o
 .text.rxend    0x00000000080044c0       0x20 build/obj/main.o
 .text.rfm_int  0x00000000080044e0       0x10 build/obj/main.o
 .text.enc_int  0x00000000080044f0       0x10 build/obj/main.o
 .text.button_int
                0x0000000008004500       0x10 build/obj/main.o
 .text.enc_write_data.isra.0
                0x0000000008004510       0x30 build/obj/enc.o
 .text.enc_set_bank
                0x0000000008004540       0x40 build/obj/enc.o
 .text.enc_register_write
                0x0000000008004580       0x30 build/obj/enc.o
 .text.enc_buffer_write.isra.1
                0x00000000080045b0       0x40 build/obj/enc.o
 .text.enc_read.isra.2
                0x00000000080045f0       0x40 build/obj/enc.o
 .text.enc_register_read
                0x0000000008004630       0x40 build/obj/enc.o
 .text.enc_reset
                0x0000000008004670       0x50 build/obj/enc.o
                0x0000000008004670                enc_reset
 .text.enc_bit_set
                0x00000000080046c0       0x30 build/obj/enc.o
                0x00000000080046c0                enc_bit_set
 .text.enc_bit_clr
                0x00000000080046f0       0x30 build/obj/enc.o
                0x00000000080046f0                enc_bit_clr
 .text.enc_int_flags
                0x0000000008004720       0x10 build/obj/enc.o
                0x0000000008004720                enc_int_flags
 .text.enc_read_REG
                0x0000000008004730       0x10 build/obj/enc.o
                0x0000000008004730                enc_read_REG
 .text.enc_packet_send
                0x0000000008004740       0xe0 build/obj/enc.o
                0x0000000008004740                enc_packet_send
 .text.enc_packet_receive
                0x0000000008004820       0xb0 build/obj/enc.o
                0x0000000008004820                enc_packet_receive
 .text.enc_init
                0x00000000080048d0      0x140 build/obj/enc.o
                0x00000000080048d0                enc_init
 .text.rfm_write.isra.0
                0x0000000008004a10       0x40 build/obj/rfm.o
 .text.rfm_read.isra.1
                0x0000000008004a50       0x40 build/obj/rfm.o
 .text.rfm_init
                0x0000000008004a90      0x1e0 build/obj/rfm.o
                0x0000000008004a90                rfm_init
 .text.rfm_receive_start
                0x0000000008004c70       0x20 build/obj/rfm.o
                0x0000000008004c70                rfm_receive_start
 .text.senddbgmsg
                0x0000000008004c90       0x50 build/obj/util.o
                0x0000000008004c90                senddbgmsg
 .text.modbusInit
                0x0000000008004ce0       0x20 build/obj/modbus_tcp.o
                0x0000000008004ce0                modbusInit
 .text.isValid  0x0000000008004d00       0x60 build/obj/modbus_tcp.o
                0x0000000008004d00                isValid
 .text.modbus_tcp_gateway
                0x0000000008004d60       0xd0 build/obj/modbus_tcp.o
                0x0000000008004d60                modbus_tcp_gateway
 .text.memset   0x0000000008004e30       0x94 /usr/lib/gcc/arm-none-eabi/4.8/../../../arm-none-eabi/lib/armv7-m/libg.a(lib_a-memset.o)
                0x0000000008004e30                memset
 *fill*         0x0000000008004ec4        0xc 
 .text.strlen   0x0000000008004ed0       0x5c /usr/lib/gcc/arm-none-eabi/4.8/../../../arm-none-eabi/lib/armv7-m/libg.a(lib_a-strlen.o)
                0x0000000008004ed0                strlen
 *fill*         0x0000000008004f2c        0x4 
 .text._vsprintf_r
                0x0000000008004f30       0x34 /usr/lib/gcc/arm-none-eabi/4.8/../../../arm-none-eabi/lib/armv7-m/libg.a(lib_a-vsprintf.o)
                0x0000000008004f30                _vsprintf_r
 *fill*         0x0000000008004f64        0xc 
 .text.vsprintf
                0x0000000008004f70       0x18 /usr/lib/gcc/arm-none-eabi/4.8/../../../arm-none-eabi/lib/armv7-m/libg.a(lib_a-vsprintf.o)
                0x0000000008004f70                vsprintf
 *fill*         0x0000000008004f88        0x8 
 .text._malloc_r
                0x0000000008004f90      0x538 /usr/lib/gcc/arm-none-eabi/4.8/../../../arm-none-eabi/lib/armv7-m/libg.a(lib_a-mallocr.o)
                0x0000000008004f90                _malloc_r
 *fill*         0x00000000080054c8        0x8 
 .text.memchr   0x00000000080054d0       0x94 /usr/lib/gcc/arm-none-eabi/4.8/../../../arm-none-eabi/lib/armv7-m/libg.a(lib_a-memchr-stub.o)
                0x00000000080054d0                memchr
 *fill*         0x0000000008005564        0xc 
 .text.memmove  0x0000000008005570       0xcc /usr/lib/gcc/arm-none-eabi/4.8/../../../arm-none-eabi/lib/armv7-m/libg.a(lib_a-memmove.o)
                0x0000000008005570                memmove
 *fill*         0x000000000800563c        0x4 
 .text.__malloc_lock
                0x0000000008005640        0x4 /usr/lib/gcc/arm-none-eabi/4.8/../../../arm-none-eabi/lib/armv7-m/libg.a(lib_a-mlock.o)
                0x0000000008005640                __malloc_lock
 *fill*         0x0000000008005644        0xc 
 .text.__malloc_unlock
                0x0000000008005650        0x4 /usr/lib/gcc/arm-none-eabi/4.8/../../../arm-none-eabi/lib/armv7-m/libg.a(lib_a-mlock.o)
                0x0000000008005650                __malloc_unlock
 *fill*         0x0000000008005654        0xc 
 .text._realloc_r
                0x0000000008005660      0x3c0 /usr/lib/gcc/arm-none-eabi/4.8/../../../arm-none-eabi/lib/armv7-m/libg.a(lib_a-reallocr.o)
                0x0000000008005660                _realloc_r
 .text._svfprintf_r
                0x0000000008005a20     0x14e0 /usr/lib/gcc/arm-none-eabi/4.8/../../../arm-none-eabi/lib/armv7-m/libg.a(lib_a-svfprintf.o)
                0x0000000008005a20                _svfprintf_r
 .text.quorem   0x0000000008006f00      0x134 /usr/lib/gcc/arm-none-eabi/4.8/../../../arm-none-eabi/lib/armv7-m/libg.a(lib_a-dtoa.o)
 *fill*         0x0000000008007034        0xc 
 .text._dtoa_r  0x0000000008007040      0xe38 /usr/lib/gcc/arm-none-eabi/4.8/../../../arm-none-eabi/lib/armv7-m/libg.a(lib_a-dtoa.o)
                0x0000000008007040                _dtoa_r
 *fill*         0x0000000008007e78        0x8 
 .text._malloc_trim_r
                0x0000000008007e80       0x9c /usr/lib/gcc/arm-none-eabi/4.8/../../../arm-none-eabi/lib/armv7-m/libg.a(lib_a-freer.o)
                0x0000000008007e80                _malloc_trim_r
 *fill*         0x0000000008007f1c        0x4 
 .text._free_r  0x0000000008007f20      0x198 /usr/lib/gcc/arm-none-eabi/4.8/../../../arm-none-eabi/lib/armv7-m/libg.a(lib_a-freer.o)
                0x0000000008007f20                _free_r
 *fill*         0x00000000080080b8        0x8 
 .text._localeconv_r
                0x00000000080080c0        0x8 /usr/lib/gcc/arm-none-eabi/4.8/../../../arm-none-eabi/lib/armv7-m/libg.a(lib_a-locale.o)
                0x00000000080080c0                _localeconv_r
 *fill*         0x00000000080080c8        0x8 
 .text._Balloc  0x00000000080080d0       0x4c /usr/lib/gcc/arm-none-eabi/4.8/../../../arm-none-eabi/lib/armv7-m/libg.a(lib_a-mprec.o)
                0x00000000080080d0                _Balloc
 *fill*         0x000000000800811c        0x4 
 .text._Bfree   0x0000000008008120       0x14 /usr/lib/gcc/arm-none-eabi/4.8/../../../arm-none-eabi/lib/armv7-m/libg.a(lib_a-mprec.o)
                0x0000000008008120                _Bfree
 *fill*         0x0000000008008134        0xc 
 .text.__multadd
                0x0000000008008140       0x94 /usr/lib/gcc/arm-none-eabi/4.8/../../../arm-none-eabi/lib/armv7-m/libg.a(lib_a-mprec.o)
                0x0000000008008140                __multadd
 *fill*         0x00000000080081d4        0xc 
 .text.__hi0bits
                0x00000000080081e0       0x40 /usr/lib/gcc/arm-none-eabi/4.8/../../../arm-none-eabi/lib/armv7-m/libg.a(lib_a-mprec.o)
                0x00000000080081e0                __hi0bits
 .text.__lo0bits
                0x0000000008008220       0x5c /usr/lib/gcc/arm-none-eabi/4.8/../../../arm-none-eabi/lib/armv7-m/libg.a(lib_a-mprec.o)
                0x0000000008008220                __lo0bits
 *fill*         0x000000000800827c        0x4 
 .text.__i2b    0x0000000008008280       0x14 /usr/lib/gcc/arm-none-eabi/4.8/../../../arm-none-eabi/lib/armv7-m/libg.a(lib_a-mprec.o)
                0x0000000008008280                __i2b
 *fill*         0x0000000008008294        0xc 
 .text.__multiply
                0x00000000080082a0      0x13c /usr/lib/gcc/arm-none-eabi/4.8/../../../arm-none-eabi/lib/armv7-m/libg.a(lib_a-mprec.o)
                0x00000000080082a0                __multiply
 *fill*         0x00000000080083dc        0x4 
 .text.__pow5mult
                0x00000000080083e0       0x9c /usr/lib/gcc/arm-none-eabi/4.8/../../../arm-none-eabi/lib/armv7-m/libg.a(lib_a-mprec.o)
                0x00000000080083e0                __pow5mult
 *fill*         0x000000000800847c        0x4 
 .text.__lshift
                0x0000000008008480       0xbc /usr/lib/gcc/arm-none-eabi/4.8/../../../arm-none-eabi/lib/armv7-m/libg.a(lib_a-mprec.o)
                0x0000000008008480                __lshift
 *fill*         0x000000000800853c        0x4 
 .text.__mcmp   0x0000000008008540       0x48 /usr/lib/gcc/arm-none-eabi/4.8/../../../arm-none-eabi/lib/armv7-m/libg.a(lib_a-mprec.o)
                0x0000000008008540                __mcmp
 *fill*         0x0000000008008588        0x8 
 .text.__mdiff  0x0000000008008590       0xd8 /usr/lib/gcc/arm-none-eabi/4.8/../../../arm-none-eabi/lib/armv7-m/libg.a(lib_a-mprec.o)
                0x0000000008008590                __mdiff
 *fill*         0x0000000008008668        0x8 
 .text.__d2b    0x0000000008008670       0xbc /usr/lib/gcc/arm-none-eabi/4.8/../../../arm-none-eabi/lib/armv7-m/libg.a(lib_a-mprec.o)
                0x0000000008008670                __d2b
 *fill*         0x000000000800872c        0x4 
 .text.__fpclassifyd
                0x0000000008008730       0x50 /usr/lib/gcc/arm-none-eabi/4.8/../../../arm-none-eabi/lib/armv7-m/libg.a(lib_a-s_fpclassify.o)
                0x0000000008008730                __fpclassifyd
 .text.__ssprint_r
                0x0000000008008780      0x100 /usr/lib/gcc/arm-none-eabi/4.8/../../../arm-none-eabi/lib/armv7-m/libg.a(lib_a-svfiprintf.o)
                0x0000000008008780                __ssprint_r
 .text._calloc_r
                0x0000000008008880       0x60 /usr/lib/gcc/arm-none-eabi/4.8/../../../arm-none-eabi/lib/armv7-m/libg.a(lib_a-callocr.o)
                0x0000000008008880                _calloc_r
 *(.rodata)
 *(.rodata.*)
 .rodata._stm32_dma_streams
                0x00000000080088e0       0x54 build/obj/stm32_dma.o
                0x00000000080088e0                _stm32_dma_streams
 *fill*         0x0000000008008934        0xc 
 .rodata.pal_default_config
                0x0000000008008940       0x3c build/obj/board.o
                0x0000000008008940                pal_default_config
 *fill*         0x000000000800897c        0x4 
 .rodata.broadcast_ethaddr
                0x0000000008008980        0x8 build/obj/uip_arp.o
 *fill*         0x0000000008008988        0x8 
 .rodata.extcfg
                0x0000000008008990       0x98 build/obj/main.o
 *fill*         0x0000000008008a28        0x8 
 .rodata.str1.4
                0x0000000008008a30       0x4a build/obj/main.o
                                         0x4c (size before relaxing)
 *fill*         0x0000000008008a7a        0x6 
 .rodata.str1.4
                0x0000000008008a80       0x6b build/obj/modbus_tcp.o
                                         0x6c (size before relaxing)
 *fill*         0x0000000008008aeb        0x5 
 .rodata.str1.4
                0x0000000008008af0        0x2 /usr/lib/gcc/arm-none-eabi/4.8/../../../arm-none-eabi/lib/armv7-m/libg.a(lib_a-impure.o)
                                          0x4 (size before relaxing)
 *fill*         0x0000000008008af2        0xe 
 .rodata.blanks.6795
                0x0000000008008b00       0x10 /usr/lib/gcc/arm-none-eabi/4.8/../../../arm-none-eabi/lib/armv7-m/libg.a(lib_a-svfprintf.o)
 .rodata.str1.4
                0x0000000008008b10       0x42 /usr/lib/gcc/arm-none-eabi/4.8/../../../arm-none-eabi/lib/armv7-m/libg.a(lib_a-svfprintf.o)
                                         0x44 (size before relaxing)
 *fill*         0x0000000008008b52        0xe 
 .rodata.zeroes.6796
                0x0000000008008b60       0x10 /usr/lib/gcc/arm-none-eabi/4.8/../../../arm-none-eabi/lib/armv7-m/libg.a(lib_a-svfprintf.o)
 .rodata.str1.4
                0x0000000008008b70       0x10 /usr/lib/gcc/arm-none-eabi/4.8/../../../arm-none-eabi/lib/armv7-m/libg.a(lib_a-dtoa.o)
                                         0x14 (size before relaxing)
 .rodata.str1.4
                0x0000000008008b80        0xc /usr/lib/gcc/arm-none-eabi/4.8/../../../arm-none-eabi/lib/armv7-m/libg.a(lib_a-locale.o)
                                         0x14 (size before relaxing)
 *fill*         0x0000000008008b8c        0x4 
 .rodata.__mprec_tens
                0x0000000008008b90       0xc8 /usr/lib/gcc/arm-none-eabi/4.8/../../../arm-none-eabi/lib/armv7-m/libg.a(lib_a-mprec.o)
                0x0000000008008b90                __mprec_tens
 *fill*         0x0000000008008c58        0x8 
 .rodata.__mprec_bigtens
                0x0000000008008c60       0x28 /usr/lib/gcc/arm-none-eabi/4.8/../../../arm-none-eabi/lib/armv7-m/libg.a(lib_a-mprec.o)
                0x0000000008008c60                __mprec_bigtens
 *fill*         0x0000000008008c88        0x8 
 .rodata.p05.5269
                0x0000000008008c90        0xc /usr/lib/gcc/arm-none-eabi/4.8/../../../arm-none-eabi/lib/armv7-m/libg.a(lib_a-mprec.o)
 *(.glue_7t)
 .glue_7t       0x0000000008008c9c        0x0 linker stubs
 *(.glue_7)
 .glue_7        0x0000000008008c9c        0x0 linker stubs
 *(.gcc*)

.vfp11_veneer   0x0000000008008c9c        0x0
 .vfp11_veneer  0x0000000008008c9c        0x0 linker stubs

.v4_bx          0x0000000008008c9c        0x0
 .v4_bx         0x0000000008008c9c        0x0 linker stubs

.iplt           0x0000000008008c9c        0x0
 .iplt          0x0000000008008c9c        0x0 build/obj/crt0.o

.ARM.extab
 *(.ARM.extab* .gnu.linkonce.armextab.*)

.ARM.exidx      0x0000000008008c9c        0x8
                0x0000000008008c9c                PROVIDE (__exidx_start, .)
 *(.ARM.exidx* .gnu.linkonce.armexidx.*)
 .ARM.exidx     0x0000000008008c9c        0x8 /usr/lib/gcc/arm-none-eabi/4.8/armv7-m/libgcc.a(_divdi3.o)
 .ARM.exidx     0x0000000008008ca4        0x0 /usr/lib/gcc/arm-none-eabi/4.8/armv7-m/libgcc.a(_udivdi3.o)
                                          0x8 (size before relaxing)
                0x0000000008008ca4                PROVIDE (__exidx_end, .)

.rel.dyn        0x0000000008008ca4        0x0
 .rel.iplt      0x0000000008008ca4        0x0 build/obj/crt0.o

.eh_frame_hdr
 *(.eh_frame_hdr)

.eh_frame
 *(.eh_frame)

.textalign      0x0000000008008ca4        0x4
                0x0000000008008ca8                . = ALIGN (0x8)
 *fill*         0x0000000008008ca4        0x4 
                0x0000000008008ca8                . = ALIGN (0x4)
                0x0000000008008ca8                _etext = .
                0x0000000008008ca8                _textdata = _etext

.stacks         0x0000000020000000      0x800
                0x0000000020000000                . = ALIGN (0x8)
                0x0000000020000000                __main_stack_base__ = .
                0x0000000020000400                . = (. + __main_stack_size__)
 *fill*         0x0000000020000000      0x400 
                0x0000000020000400                . = ALIGN (0x8)
                0x0000000020000400                __main_stack_end__ = .
                0x0000000020000400                __process_stack_base__ = .
                0x0000000020000400                __main_thread_stack_base__ = .
                0x0000000020000800                . = (. + __process_stack_size__)
 *fill*         0x0000000020000400      0x400 
                0x0000000020000800                . = ALIGN (0x8)
                0x0000000020000800                __process_stack_end__ = .
                0x0000000020000800                __main_thread_stack_end__ = .

.data           0x0000000020000800      0x8d4 load address 0x0000000008008ca8
                0x0000000020000800                . = ALIGN (0x4)
                0x0000000020000800                PROVIDE (_data, .)
 *(.data)
 *(.data.*)
 .data.rfm_int_event
                0x0000000020000800        0x4 build/obj/main.o
 .data.send_req_event
                0x0000000020000804        0x4 build/obj/main.o
                0x0000000020000804                send_req_event
 .data.enc_int_es
                0x0000000020000808        0x4 build/obj/main.o
 .data.button_int_event
                0x000000002000080c        0x4 build/obj/main.o
 .data.RfmSpiconfig
                0x0000000020000810       0x10 build/obj/main.o
                0x0000000020000810                RfmSpiconfig
 .data.encST    0x0000000020000820       0x1c build/obj/main.o
                0x0000000020000820                encST
 .data.uart_cfg_1
                0x000000002000083c       0x20 build/obj/main.o
 *fill*         0x000000002000085c        0x4 
 .data.impure_data
                0x0000000020000860      0x428 /usr/lib/gcc/arm-none-eabi/4.8/../../../arm-none-eabi/lib/armv7-m/libg.a(lib_a-impure.o)
 .data._impure_ptr
                0x0000000020000c88        0x4 /usr/lib/gcc/arm-none-eabi/4.8/../../../arm-none-eabi/lib/armv7-m/libg.a(lib_a-impure.o)
                0x0000000020000c88                _impure_ptr
 .data.__malloc_av_
                0x0000000020000c8c      0x408 /usr/lib/gcc/arm-none-eabi/4.8/../../../arm-none-eabi/lib/armv7-m/libg.a(lib_a-mallocr.o)
                0x0000000020000c8c                __malloc_av_
 .data.__malloc_trim_threshold
                0x0000000020001094        0x4 /usr/lib/gcc/arm-none-eabi/4.8/../../../arm-none-eabi/lib/armv7-m/libg.a(lib_a-mallocr.o)
                0x0000000020001094                __malloc_trim_threshold
 .data.__malloc_sbrk_base
                0x0000000020001098        0x4 /usr/lib/gcc/arm-none-eabi/4.8/../../../arm-none-eabi/lib/armv7-m/libg.a(lib_a-mallocr.o)
                0x0000000020001098                __malloc_sbrk_base
 .data.lconv    0x000000002000109c       0x38 /usr/lib/gcc/arm-none-eabi/4.8/../../../arm-none-eabi/lib/armv7-m/libg.a(lib_a-locale.o)
 *(.ramtext)
                0x00000000200010d4                . = ALIGN (0x4)
                0x00000000200010d4                PROVIDE (_edata, .)

.igot.plt       0x00000000200010d4        0x0 load address 0x000000000800957c
 .igot.plt      0x00000000200010d4        0x0 build/obj/crt0.o

.bss            0x00000000200010d4     0x2648
                0x00000000200010d4                . = ALIGN (0x4)
                0x00000000200010d4                PROVIDE (_bss_start, .)
 *(.bss)
 *(.bss.*)
 .bss.mainthread.4673
                0x00000000200010d4       0x34 build/obj/chsys.o
 .bss._idle_thread_wa
                0x0000000020001108       0xc8 build/obj/chsys.o
                0x0000000020001108                _idle_thread_wa
 .bss.vtlist    0x00000000200011d0       0x10 build/obj/chvt.o
                0x00000000200011d0                vtlist
 .bss.rlist     0x00000000200011e0       0x14 build/obj/chschd.o
                0x00000000200011e0                rlist
 .bss.measurement_offset
                0x00000000200011f4        0x4 build/obj/tm.o
 .bss.dma_isr_redir
                0x00000000200011f8       0x38 build/obj/stm32_dma.o
 .bss.dma_streams_mask
                0x0000000020001230        0x4 build/obj/stm32_dma.o
 .bss.EXTD1     0x0000000020001234        0x8 build/obj/ext_lld.o
                0x0000000020001234                EXTD1
 .bss.dummytx   0x000000002000123c        0x2 build/obj/spi_lld.o
 *fill*         0x000000002000123e        0x2 
 .bss.SPID1     0x0000000020001240       0x30 build/obj/spi_lld.o
                0x0000000020001240                SPID1
 .bss.SPID2     0x0000000020001270       0x30 build/obj/spi_lld.o
                0x0000000020001270                SPID2
 .bss.dummyrx   0x00000000200012a0        0x2 build/obj/spi_lld.o
 *fill*         0x00000000200012a2        0x2 
 .bss.UARTD2    0x00000000200012a4       0x1c build/obj/uart_lld.o
                0x00000000200012a4                UARTD2
 .bss.uip_conn  0x00000000200012c0        0x4 build/obj/uip.o
                0x00000000200012c0                uip_conn
 .bss.uip_conns
                0x00000000200012c4      0x190 build/obj/uip.o
                0x00000000200012c4                uip_conns
 .bss.uip_netmask
                0x0000000020001454        0x4 build/obj/uip.o
                0x0000000020001454                uip_netmask
 .bss.uip_len   0x0000000020001458        0x2 build/obj/uip.o
                0x0000000020001458                uip_len
 .bss.ipid      0x000000002000145a        0x2 build/obj/uip.o
 .bss.uip_draddr
                0x000000002000145c        0x4 build/obj/uip.o
                0x000000002000145c                uip_draddr
 .bss.uip_slen  0x0000000020001460        0x2 build/obj/uip.o
                0x0000000020001460                uip_slen
 .bss.tmp16     0x0000000020001462        0x2 build/obj/uip.o
 .bss.uip_buf   0x0000000020001464      0x5f0 build/obj/uip.o
                0x0000000020001464                uip_buf
 .bss.uip_appdata
                0x0000000020001a54        0x4 build/obj/uip.o
                0x0000000020001a54                uip_appdata
 .bss.iss       0x0000000020001a58        0x4 build/obj/uip.o
 .bss.uip_hostaddr
                0x0000000020001a5c        0x4 build/obj/uip.o
                0x0000000020001a5c                uip_hostaddr
 .bss.uip_flags
                0x0000000020001a60        0x1 build/obj/uip.o
                0x0000000020001a60                uip_flags
 *fill*         0x0000000020001a61        0x3 
 .bss.uip_acc32
                0x0000000020001a64        0x4 build/obj/uip.o
                0x0000000020001a64                uip_acc32
 .bss.lastport  0x0000000020001a68        0x2 build/obj/uip.o
 *fill*         0x0000000020001a6a        0x2 
 .bss.uip_stat  0x0000000020001a6c       0x2c build/obj/uip.o
                0x0000000020001a6c                uip_stat
 .bss.uip_ethaddr
                0x0000000020001a98        0x8 build/obj/uip.o
                0x0000000020001a98                uip_ethaddr
 .bss.c         0x0000000020001aa0        0x1 build/obj/uip.o
 *fill*         0x0000000020001aa1        0x3 
 .bss.uip_listenports
                0x0000000020001aa4        0x4 build/obj/uip.o
                0x0000000020001aa4                uip_listenports
 .bss.uip_sappdata
                0x0000000020001aa8        0x4 build/obj/uip.o
                0x0000000020001aa8                uip_sappdata
 .bss.opt       0x0000000020001aac        0x1 build/obj/uip.o
 .bss.i         0x0000000020001aad        0x1 build/obj/uip_arp.o
 .bss.tmpage    0x0000000020001aae        0x1 build/obj/uip_arp.o
 *fill*         0x0000000020001aaf        0x1 
 .bss.arp_table
                0x0000000020001ab0       0x60 build/obj/uip_arp.o
 .bss.c         0x0000000020001b10        0x1 build/obj/uip_arp.o
 .bss.arptime   0x0000000020001b11        0x1 build/obj/uip_arp.o
 *fill*         0x0000000020001b12        0x2 
 .bss.ipaddr    0x0000000020001b14        0x4 build/obj/uip_arp.o
 .bss.uart_wa   0x0000000020001b18      0x2b8 build/obj/main.o
 .bss.mtx       0x0000000020001dd0       0x10 build/obj/main.o
 .bss.waThreadModbusSerial
                0x0000000020001de0      0x4b8 build/obj/main.o
 .bss.rxbuf     0x0000000020002298       0x10 build/obj/main.o
 .bss.arp_evt   0x00000000200022a8       0x1c build/obj/main.o
                0x00000000200022a8                arp_evt
 *fill*         0x00000000200022c4        0x4 
 .bss.waThreadBlink
                0x00000000200022c8      0x4b8 build/obj/main.o
 .bss.per_evt   0x0000000020002780       0x1c build/obj/main.o
                0x0000000020002780                per_evt
 .bss.uartTp    0x000000002000279c        0x4 build/obj/main.o
                0x000000002000279c                uartTp
 .bss.uartMtx   0x00000000200027a0       0x10 build/obj/main.o
                0x00000000200027a0                uartMtx
 .bss.network_wa
                0x00000000200027b0      0x8b8 build/obj/main.o
 .bss.waThreadRFM
                0x0000000020003068      0x2b8 build/obj/main.o
 .bss.tp2       0x0000000020003320        0x4 build/obj/main.o
                0x0000000020003320                tp2
 *fill*         0x0000000020003324        0x4 
 .bss.waThreadButton
                0x0000000020003328      0x2b8 build/obj/main.o
 .bss.rfm69_condition
                0x00000000200035e0        0x1 build/obj/rfm.o
                0x00000000200035e0                rfm69_condition
 *fill*         0x00000000200035e1        0x3 
 .bss.modbusSerialState
                0x00000000200035e4        0x4 build/obj/modbus_tcp.o
                0x00000000200035e4                modbusSerialState
 .bss.modbusSerialBuffer
                0x00000000200035e8      0x100 build/obj/modbus_tcp.o
                0x00000000200035e8                modbusSerialBuffer
 .bss.__malloc_max_total_mem
                0x00000000200036e8        0x4 /usr/lib/gcc/arm-none-eabi/4.8/../../../arm-none-eabi/lib/armv7-m/libg.a(lib_a-mallocr.o)
                0x00000000200036e8                __malloc_max_total_mem
 .bss.__malloc_max_sbrked_mem
                0x00000000200036ec        0x4 /usr/lib/gcc/arm-none-eabi/4.8/../../../arm-none-eabi/lib/armv7-m/libg.a(lib_a-mallocr.o)
                0x00000000200036ec                __malloc_max_sbrked_mem
 .bss.__malloc_top_pad
                0x00000000200036f0        0x4 /usr/lib/gcc/arm-none-eabi/4.8/../../../arm-none-eabi/lib/armv7-m/libg.a(lib_a-mallocr.o)
                0x00000000200036f0                __malloc_top_pad
 .bss.__malloc_current_mallinfo
                0x00000000200036f4       0x28 /usr/lib/gcc/arm-none-eabi/4.8/../../../arm-none-eabi/lib/armv7-m/libg.a(lib_a-mallocr.o)
                0x00000000200036f4                __malloc_current_mallinfo
 *(COMMON)
                0x000000002000371c                . = ALIGN (0x4)
                0x000000002000371c                PROVIDE (_bss_end, .)
                0x000000002000371c                PROVIDE (end, .)
                0x000000002000371c                _end = .
                0x000000002000371c                __heap_base__ = _end
                0x0000000020005000                __heap_end__ = __ram_end__
START GROUP
LOAD /usr/lib/gcc/arm-none-eabi/4.8/armv7-m/libgcc.a
LOAD /usr/lib/gcc/arm-none-eabi/4.8/../../../arm-none-eabi/lib/armv7-m/libg.a
LOAD /usr/lib/gcc/arm-none-eabi/4.8/../../../arm-none-eabi/lib/armv7-m/libc.a
END GROUP
OUTPUT(build/ch.elf elf32-littlearm)

.debug_info     0x0000000000000000    0x1d3b6
 .debug_info    0x0000000000000000      0x2af build/obj/crt0.o
 .debug_info    0x00000000000002af      0x1c5 build/obj/vectors.o
 .debug_info    0x0000000000000474       0x8b build/obj/chcore.o
 .debug_info    0x00000000000004ff      0x70c build/obj/chcore_v7m.o
 .debug_info    0x0000000000000c0b      0x3ff build/obj/nvic.o
 .debug_info    0x000000000000100a      0x62a build/obj/chsys.o
 .debug_info    0x0000000000001634      0x49f build/obj/chlists.o
 .debug_info    0x0000000000001ad3      0x1fc build/obj/chvt.o
 .debug_info    0x0000000000001ccf      0x836 build/obj/chschd.o
 .debug_info    0x0000000000002505      0x931 build/obj/chthreads.o
 .debug_info    0x0000000000002e36      0x755 build/obj/chmtx.o
 .debug_info    0x000000000000358b      0x8b2 build/obj/chevents.o
 .debug_info    0x0000000000003e3d      0x355 build/obj/hal.o
 .debug_info    0x0000000000004192      0x3c0 build/obj/ext.o
 .debug_info    0x0000000000004552      0xd4b build/obj/spi.o
 .debug_info    0x000000000000529d      0x2d1 build/obj/tm.o
 .debug_info    0x000000000000556e      0x869 build/obj/uart.o
 .debug_info    0x0000000000005dd7      0x683 build/obj/stm32_dma.o
 .debug_info    0x000000000000645a      0x38b build/obj/hal_lld.o
 .debug_info    0x00000000000067e5      0x7cf build/obj/ext_lld_isr.o
 .debug_info    0x0000000000006fb4      0x3f9 build/obj/ext_lld.o
 .debug_info    0x00000000000073ad      0x374 build/obj/pal_lld.o
 .debug_info    0x0000000000007721      0xbfb build/obj/spi_lld.o
 .debug_info    0x000000000000831c      0xc79 build/obj/uart_lld.o
 .debug_info    0x0000000000008f95      0x18c build/obj/board.o
 .debug_info    0x0000000000009121      0xdd0 build/obj/uip.o
 .debug_info    0x0000000000009ef1      0x4c9 build/obj/uip_arp.o
 .debug_info    0x000000000000a3ba      0x5a2 build/obj/evtimer.o
 .debug_info    0x000000000000a95c      0xbdb build/obj/syscalls.o
 .debug_info    0x000000000000b537     0x2194 build/obj/main.o
 .debug_info    0x000000000000d6cb     0x1b8b build/obj/enc.o
 .debug_info    0x000000000000f256     0x12d6 build/obj/rfm.o
 .debug_info    0x000000000001052c      0x951 build/obj/util.o
 .debug_info    0x0000000000010e7d      0x6bd build/obj/modbus_tcp.o
 .debug_info    0x000000000001153a       0xd6 /usr/lib/gcc/arm-none-eabi/4.8/../../../arm-none-eabi/lib/armv7-m/libg.a(lib_a-memcpy.o)
 .debug_info    0x0000000000011610      0x117 /usr/lib/gcc/arm-none-eabi/4.8/../../../arm-none-eabi/lib/armv7-m/libg.a(lib_a-memset.o)
 .debug_info    0x0000000000011727       0xb5 /usr/lib/gcc/arm-none-eabi/4.8/../../../arm-none-eabi/lib/armv7-m/libg.a(lib_a-strlen.o)
 .debug_info    0x00000000000117dc      0x9bc /usr/lib/gcc/arm-none-eabi/4.8/../../../arm-none-eabi/lib/armv7-m/libg.a(lib_a-vsprintf.o)
 .debug_info    0x0000000000012198      0x894 /usr/lib/gcc/arm-none-eabi/4.8/../../../arm-none-eabi/lib/armv7-m/libg.a(lib_a-impure.o)
 .debug_info    0x0000000000012a2c      0xd81 /usr/lib/gcc/arm-none-eabi/4.8/../../../arm-none-eabi/lib/armv7-m/libg.a(lib_a-mallocr.o)
 .debug_info    0x00000000000137ad      0x129 /usr/lib/gcc/arm-none-eabi/4.8/../../../arm-none-eabi/lib/armv7-m/libg.a(lib_a-memchr-stub.o)
 .debug_info    0x00000000000138d6      0x131 /usr/lib/gcc/arm-none-eabi/4.8/../../../arm-none-eabi/lib/armv7-m/libg.a(lib_a-memmove.o)
 .debug_info    0x0000000000013a07      0x8b4 /usr/lib/gcc/arm-none-eabi/4.8/../../../arm-none-eabi/lib/armv7-m/libg.a(lib_a-mlock.o)
 .debug_info    0x00000000000142bb      0xcb3 /usr/lib/gcc/arm-none-eabi/4.8/../../../arm-none-eabi/lib/armv7-m/libg.a(lib_a-reallocr.o)
 .debug_info    0x0000000000014f6e     0x16a1 /usr/lib/gcc/arm-none-eabi/4.8/../../../arm-none-eabi/lib/armv7-m/libg.a(lib_a-svfprintf.o)
 .debug_info    0x000000000001660f     0x134f /usr/lib/gcc/arm-none-eabi/4.8/../../../arm-none-eabi/lib/armv7-m/libg.a(lib_a-dtoa.o)
 .debug_info    0x000000000001795e      0xc1a /usr/lib/gcc/arm-none-eabi/4.8/../../../arm-none-eabi/lib/armv7-m/libg.a(lib_a-freer.o)
 .debug_info    0x0000000000018578      0xbe5 /usr/lib/gcc/arm-none-eabi/4.8/../../../arm-none-eabi/lib/armv7-m/libg.a(lib_a-locale.o)
 .debug_info    0x000000000001915d     0x167d /usr/lib/gcc/arm-none-eabi/4.8/../../../arm-none-eabi/lib/armv7-m/libg.a(lib_a-mprec.o)
 .debug_info    0x000000000001a7da       0xdb /usr/lib/gcc/arm-none-eabi/4.8/../../../arm-none-eabi/lib/armv7-m/libg.a(lib_a-s_fpclassify.o)
 .debug_info    0x000000000001a8b5     0x1002 /usr/lib/gcc/arm-none-eabi/4.8/../../../arm-none-eabi/lib/armv7-m/libg.a(lib_a-svfiprintf.o)
 .debug_info    0x000000000001b8b7      0x9e0 /usr/lib/gcc/arm-none-eabi/4.8/../../../arm-none-eabi/lib/armv7-m/libg.a(lib_a-callocr.o)
 .debug_info    0x000000000001c297       0xc5 /usr/lib/gcc/arm-none-eabi/4.8/armv7-m/libgcc.a(_arm_addsubdf3.o)
 .debug_info    0x000000000001c35c       0xc5 /usr/lib/gcc/arm-none-eabi/4.8/armv7-m/libgcc.a(_arm_muldivdf3.o)
 .debug_info    0x000000000001c421       0xc5 /usr/lib/gcc/arm-none-eabi/4.8/armv7-m/libgcc.a(_arm_cmpdf2.o)
 .debug_info    0x000000000001c4e6       0xc5 /usr/lib/gcc/arm-none-eabi/4.8/armv7-m/libgcc.a(_arm_fixdfsi.o)
 .debug_info    0x000000000001c5ab       0xc0 /usr/lib/gcc/arm-none-eabi/4.8/armv7-m/libgcc.a(_aeabi_uldivmod.o)
 .debug_info    0x000000000001c66b      0x164 /usr/lib/gcc/arm-none-eabi/4.8/armv7-m/libgcc.a(bpabi.o)
 .debug_info    0x000000000001c7cf       0xc4 /usr/lib/gcc/arm-none-eabi/4.8/armv7-m/libgcc.a(_dvmd_tls.o)
 .debug_info    0x000000000001c893      0x5ac /usr/lib/gcc/arm-none-eabi/4.8/armv7-m/libgcc.a(_divdi3.o)
 .debug_info    0x000000000001ce3f      0x577 /usr/lib/gcc/arm-none-eabi/4.8/armv7-m/libgcc.a(_udivdi3.o)

.debug_abbrev   0x0000000000000000     0x6790
 .debug_abbrev  0x0000000000000000       0xfd build/obj/crt0.o
 .debug_abbrev  0x00000000000000fd       0xaf build/obj/vectors.o
 .debug_abbrev  0x00000000000001ac       0x42 build/obj/chcore.o
 .debug_abbrev  0x00000000000001ee      0x1b4 build/obj/chcore_v7m.o
 .debug_abbrev  0x00000000000003a2      0x10e build/obj/nvic.o
 .debug_abbrev  0x00000000000004b0      0x20a build/obj/chsys.o
 .debug_abbrev  0x00000000000006ba      0x145 build/obj/chlists.o
 .debug_abbrev  0x00000000000007ff      0x117 build/obj/chvt.o
 .debug_abbrev  0x0000000000000916      0x2e6 build/obj/chschd.o
 .debug_abbrev  0x0000000000000bfc      0x2d6 build/obj/chthreads.o
 .debug_abbrev  0x0000000000000ed2      0x272 build/obj/chmtx.o
 .debug_abbrev  0x0000000000001144      0x2b4 build/obj/chevents.o
 .debug_abbrev  0x00000000000013f8      0x1c8 build/obj/hal.o
 .debug_abbrev  0x00000000000015c0      0x17e build/obj/ext.o
 .debug_abbrev  0x000000000000173e      0x237 build/obj/spi.o
 .debug_abbrev  0x0000000000001975      0x19a build/obj/tm.o
 .debug_abbrev  0x0000000000001b0f      0x26c build/obj/uart.o
 .debug_abbrev  0x0000000000001d7b      0x1f6 build/obj/stm32_dma.o
 .debug_abbrev  0x0000000000001f71      0x119 build/obj/hal_lld.o
 .debug_abbrev  0x000000000000208a      0x1ea build/obj/ext_lld_isr.o
 .debug_abbrev  0x0000000000002274      0x1cf build/obj/ext_lld.o
 .debug_abbrev  0x0000000000002443      0x12a build/obj/pal_lld.o
 .debug_abbrev  0x000000000000256d      0x2d9 build/obj/spi_lld.o
 .debug_abbrev  0x0000000000002846      0x371 build/obj/uart_lld.o
 .debug_abbrev  0x0000000000002bb7       0xe3 build/obj/board.o
 .debug_abbrev  0x0000000000002c9a      0x305 build/obj/uip.o
 .debug_abbrev  0x0000000000002f9f      0x1f7 build/obj/uip_arp.o
 .debug_abbrev  0x0000000000003196      0x161 build/obj/evtimer.o
 .debug_abbrev  0x00000000000032f7      0x1e4 build/obj/syscalls.o
 .debug_abbrev  0x00000000000034db      0x396 build/obj/main.o
 .debug_abbrev  0x0000000000003871      0x36d build/obj/enc.o
 .debug_abbrev  0x0000000000003bde      0x2b7 build/obj/rfm.o
 .debug_abbrev  0x0000000000003e95      0x24c build/obj/util.o
 .debug_abbrev  0x00000000000040e1      0x1e0 build/obj/modbus_tcp.o
 .debug_abbrev  0x00000000000042c1       0x14 /usr/lib/gcc/arm-none-eabi/4.8/../../../arm-none-eabi/lib/armv7-m/libg.a(lib_a-memcpy.o)
 .debug_abbrev  0x00000000000042d5       0x9f /usr/lib/gcc/arm-none-eabi/4.8/../../../arm-none-eabi/lib/armv7-m/libg.a(lib_a-memset.o)
 .debug_abbrev  0x0000000000004374       0x70 /usr/lib/gcc/arm-none-eabi/4.8/../../../arm-none-eabi/lib/armv7-m/libg.a(lib_a-strlen.o)
 .debug_abbrev  0x00000000000043e4      0x212 /usr/lib/gcc/arm-none-eabi/4.8/../../../arm-none-eabi/lib/armv7-m/libg.a(lib_a-vsprintf.o)
 .debug_abbrev  0x00000000000045f6      0x180 /usr/lib/gcc/arm-none-eabi/4.8/../../../arm-none-eabi/lib/armv7-m/libg.a(lib_a-impure.o)
 .debug_abbrev  0x0000000000004776      0x2a2 /usr/lib/gcc/arm-none-eabi/4.8/../../../arm-none-eabi/lib/armv7-m/libg.a(lib_a-mallocr.o)
 .debug_abbrev  0x0000000000004a18       0xba /usr/lib/gcc/arm-none-eabi/4.8/../../../arm-none-eabi/lib/armv7-m/libg.a(lib_a-memchr-stub.o)
 .debug_abbrev  0x0000000000004ad2       0xab /usr/lib/gcc/arm-none-eabi/4.8/../../../arm-none-eabi/lib/armv7-m/libg.a(lib_a-memmove.o)
 .debug_abbrev  0x0000000000004b7d      0x19a /usr/lib/gcc/arm-none-eabi/4.8/../../../arm-none-eabi/lib/armv7-m/libg.a(lib_a-mlock.o)
 .debug_abbrev  0x0000000000004d17      0x260 /usr/lib/gcc/arm-none-eabi/4.8/../../../arm-none-eabi/lib/armv7-m/libg.a(lib_a-reallocr.o)
 .debug_abbrev  0x0000000000004f77      0x36f /usr/lib/gcc/arm-none-eabi/4.8/../../../arm-none-eabi/lib/armv7-m/libg.a(lib_a-svfprintf.o)
 .debug_abbrev  0x00000000000052e6      0x2bc /usr/lib/gcc/arm-none-eabi/4.8/../../../arm-none-eabi/lib/armv7-m/libg.a(lib_a-dtoa.o)
 .debug_abbrev  0x00000000000055a2      0x28a /usr/lib/gcc/arm-none-eabi/4.8/../../../arm-none-eabi/lib/armv7-m/libg.a(lib_a-freer.o)
 .debug_abbrev  0x000000000000582c      0x2a3 /usr/lib/gcc/arm-none-eabi/4.8/../../../arm-none-eabi/lib/armv7-m/libg.a(lib_a-locale.o)
 .debug_abbrev  0x0000000000005acf      0x39d /usr/lib/gcc/arm-none-eabi/4.8/../../../arm-none-eabi/lib/armv7-m/libg.a(lib_a-mprec.o)
 .debug_abbrev  0x0000000000005e6c       0x6f /usr/lib/gcc/arm-none-eabi/4.8/../../../arm-none-eabi/lib/armv7-m/libg.a(lib_a-s_fpclassify.o)
 .debug_abbrev  0x0000000000005edb      0x2c5 /usr/lib/gcc/arm-none-eabi/4.8/../../../arm-none-eabi/lib/armv7-m/libg.a(lib_a-svfiprintf.o)
 .debug_abbrev  0x00000000000061a0      0x213 /usr/lib/gcc/arm-none-eabi/4.8/../../../arm-none-eabi/lib/armv7-m/libg.a(lib_a-callocr.o)
 .debug_abbrev  0x00000000000063b3       0x14 /usr/lib/gcc/arm-none-eabi/4.8/armv7-m/libgcc.a(_arm_addsubdf3.o)
 .debug_abbrev  0x00000000000063c7       0x14 /usr/lib/gcc/arm-none-eabi/4.8/armv7-m/libgcc.a(_arm_muldivdf3.o)
 .debug_abbrev  0x00000000000063db       0x14 /usr/lib/gcc/arm-none-eabi/4.8/armv7-m/libgcc.a(_arm_cmpdf2.o)
 .debug_abbrev  0x00000000000063ef       0x14 /usr/lib/gcc/arm-none-eabi/4.8/armv7-m/libgcc.a(_arm_fixdfsi.o)
 .debug_abbrev  0x0000000000006403       0x14 /usr/lib/gcc/arm-none-eabi/4.8/armv7-m/libgcc.a(_aeabi_uldivmod.o)
 .debug_abbrev  0x0000000000006417       0xb7 /usr/lib/gcc/arm-none-eabi/4.8/armv7-m/libgcc.a(bpabi.o)
 .debug_abbrev  0x00000000000064ce       0x14 /usr/lib/gcc/arm-none-eabi/4.8/armv7-m/libgcc.a(_dvmd_tls.o)
 .debug_abbrev  0x00000000000064e2      0x15a /usr/lib/gcc/arm-none-eabi/4.8/armv7-m/libgcc.a(_divdi3.o)
 .debug_abbrev  0x000000000000663c      0x154 /usr/lib/gcc/arm-none-eabi/4.8/armv7-m/libgcc.a(_udivdi3.o)

.debug_loc      0x0000000000000000    0x10742
 .debug_loc     0x0000000000000000       0xbc build/obj/crt0.o
 .debug_loc     0x00000000000000bc       0x5a build/obj/chcore_v7m.o
 .debug_loc     0x0000000000000116      0x169 build/obj/nvic.o
 .debug_loc     0x000000000000027f       0x31 build/obj/chsys.o
 .debug_loc     0x00000000000002b0       0x78 build/obj/chlists.o
 .debug_loc     0x0000000000000328       0x75 build/obj/chvt.o
 .debug_loc     0x000000000000039d      0x2c5 build/obj/chschd.o
 .debug_loc     0x0000000000000662      0x390 build/obj/chthreads.o
 .debug_loc     0x00000000000009f2      0x27f build/obj/chmtx.o
 .debug_loc     0x0000000000000c71      0x43f build/obj/chevents.o
 .debug_loc     0x00000000000010b0       0x9d build/obj/hal.o
 .debug_loc     0x000000000000114d      0x165 build/obj/ext.o
 .debug_loc     0x00000000000012b2      0x468 build/obj/spi.o
 .debug_loc     0x000000000000171a       0x87 build/obj/tm.o
 .debug_loc     0x00000000000017a1      0x2e9 build/obj/uart.o
 .debug_loc     0x0000000000001a8a      0x1ab build/obj/stm32_dma.o
 .debug_loc     0x0000000000001c35       0xbe build/obj/ext_lld_isr.o
 .debug_loc     0x0000000000001cf3      0x1f9 build/obj/ext_lld.o
 .debug_loc     0x0000000000001eec      0x13a build/obj/pal_lld.o
 .debug_loc     0x0000000000002026      0x216 build/obj/spi_lld.o
 .debug_loc     0x000000000000223c      0x4d2 build/obj/uart_lld.o
 .debug_loc     0x000000000000270e      0x542 build/obj/uip.o
 .debug_loc     0x0000000000002c50      0x149 build/obj/uip_arp.o
 .debug_loc     0x0000000000002d99       0x9a build/obj/evtimer.o
 .debug_loc     0x0000000000002e33      0x152 build/obj/syscalls.o
 .debug_loc     0x0000000000002f85      0x323 build/obj/main.o
 .debug_loc     0x00000000000032a8      0x843 build/obj/enc.o
 .debug_loc     0x0000000000003aeb      0x286 build/obj/rfm.o
 .debug_loc     0x0000000000003d71      0x168 build/obj/util.o
 .debug_loc     0x0000000000003ed9       0xd8 build/obj/modbus_tcp.o
 .debug_loc     0x0000000000003fb1      0x18b /usr/lib/gcc/arm-none-eabi/4.8/../../../arm-none-eabi/lib/armv7-m/libg.a(lib_a-memset.o)
 .debug_loc     0x000000000000413c       0x21 /usr/lib/gcc/arm-none-eabi/4.8/../../../arm-none-eabi/lib/armv7-m/libg.a(lib_a-strlen.o)
 .debug_loc     0x000000000000415d       0xe9 /usr/lib/gcc/arm-none-eabi/4.8/../../../arm-none-eabi/lib/armv7-m/libg.a(lib_a-vsprintf.o)
 .debug_loc     0x0000000000004246      0xcf9 /usr/lib/gcc/arm-none-eabi/4.8/../../../arm-none-eabi/lib/armv7-m/libg.a(lib_a-mallocr.o)
 .debug_loc     0x0000000000004f3f      0x17b /usr/lib/gcc/arm-none-eabi/4.8/../../../arm-none-eabi/lib/armv7-m/libg.a(lib_a-memchr-stub.o)
 .debug_loc     0x00000000000050ba      0x2ca /usr/lib/gcc/arm-none-eabi/4.8/../../../arm-none-eabi/lib/armv7-m/libg.a(lib_a-memmove.o)
 .debug_loc     0x0000000000005384     0x12dd /usr/lib/gcc/arm-none-eabi/4.8/../../../arm-none-eabi/lib/armv7-m/libg.a(lib_a-reallocr.o)
 .debug_loc     0x0000000000006661     0x2764 /usr/lib/gcc/arm-none-eabi/4.8/../../../arm-none-eabi/lib/armv7-m/libg.a(lib_a-svfprintf.o)
 .debug_loc     0x0000000000008dc5     0x262d /usr/lib/gcc/arm-none-eabi/4.8/../../../arm-none-eabi/lib/armv7-m/libg.a(lib_a-dtoa.o)
 .debug_loc     0x000000000000b3f2      0x4f3 /usr/lib/gcc/arm-none-eabi/4.8/../../../arm-none-eabi/lib/armv7-m/libg.a(lib_a-freer.o)
 .debug_loc     0x000000000000b8e5       0xe7 /usr/lib/gcc/arm-none-eabi/4.8/../../../arm-none-eabi/lib/armv7-m/libg.a(lib_a-locale.o)
 .debug_loc     0x000000000000b9cc     0x1c59 /usr/lib/gcc/arm-none-eabi/4.8/../../../arm-none-eabi/lib/armv7-m/libg.a(lib_a-mprec.o)
 .debug_loc     0x000000000000d625      0x126 /usr/lib/gcc/arm-none-eabi/4.8/../../../arm-none-eabi/lib/armv7-m/libg.a(lib_a-s_fpclassify.o)
 .debug_loc     0x000000000000d74b     0x13ad /usr/lib/gcc/arm-none-eabi/4.8/../../../arm-none-eabi/lib/armv7-m/libg.a(lib_a-svfiprintf.o)
 .debug_loc     0x000000000000eaf8      0x231 /usr/lib/gcc/arm-none-eabi/4.8/../../../arm-none-eabi/lib/armv7-m/libg.a(lib_a-callocr.o)
 .debug_loc     0x000000000000ed29       0xa0 /usr/lib/gcc/arm-none-eabi/4.8/armv7-m/libgcc.a(bpabi.o)
 .debug_loc     0x000000000000edc9      0xc65 /usr/lib/gcc/arm-none-eabi/4.8/armv7-m/libgcc.a(_divdi3.o)
 .debug_loc     0x000000000000fa2e      0xd14 /usr/lib/gcc/arm-none-eabi/4.8/armv7-m/libgcc.a(_udivdi3.o)

.debug_aranges  0x0000000000000000      0xf50
 .debug_aranges
                0x0000000000000000       0x38 build/obj/crt0.o
 .debug_aranges
                0x0000000000000038       0x20 build/obj/vectors.o
 .debug_aranges
                0x0000000000000058       0x20 build/obj/chcore.o
 .debug_aranges
                0x0000000000000078       0x60 build/obj/chcore_v7m.o
 .debug_aranges
                0x00000000000000d8       0x30 build/obj/nvic.o
 .debug_aranges
                0x0000000000000108       0x30 build/obj/chsys.o
 .debug_aranges
                0x0000000000000138       0x50 build/obj/chlists.o
 .debug_aranges
                0x0000000000000188       0x30 build/obj/chvt.o
 .debug_aranges
                0x00000000000001b8       0x68 build/obj/chschd.o
 .debug_aranges
                0x0000000000000220       0x78 build/obj/chthreads.o
 .debug_aranges
                0x0000000000000298       0x58 build/obj/chmtx.o
 .debug_aranges
                0x00000000000002f0       0x88 build/obj/chevents.o
 .debug_aranges
                0x0000000000000378       0x30 build/obj/hal.o
 .debug_aranges
                0x00000000000003a8       0x50 build/obj/ext.o
 .debug_aranges
                0x00000000000003f8       0x98 build/obj/spi.o
 .debug_aranges
                0x0000000000000490       0x38 build/obj/tm.o
 .debug_aranges
                0x00000000000004c8       0x78 build/obj/uart.o
 .debug_aranges
                0x0000000000000540       0x68 build/obj/stm32_dma.o
 .debug_aranges
                0x00000000000005a8       0x28 build/obj/hal_lld.o
 .debug_aranges
                0x00000000000005d0       0x78 build/obj/ext_lld_isr.o
 .debug_aranges
                0x0000000000000648       0x40 build/obj/ext_lld.o
 .debug_aranges
                0x0000000000000688       0x28 build/obj/pal_lld.o
 .debug_aranges
                0x00000000000006b0       0x78 build/obj/spi_lld.o
 .debug_aranges
                0x0000000000000728       0x78 build/obj/uart_lld.o
 .debug_aranges
                0x00000000000007a0       0x28 build/obj/board.o
 .debug_aranges
                0x00000000000007c8       0x98 build/obj/uip.o
 .debug_aranges
                0x0000000000000860       0x40 build/obj/uip_arp.o
 .debug_aranges
                0x00000000000008a0       0x30 build/obj/evtimer.o
 .debug_aranges
                0x00000000000008d0       0x50 build/obj/syscalls.o
 .debug_aranges
                0x0000000000000920       0x80 build/obj/main.o
 .debug_aranges
                0x00000000000009a0       0xa8 build/obj/enc.o
 .debug_aranges
                0x0000000000000a48       0x60 build/obj/rfm.o
 .debug_aranges
                0x0000000000000aa8       0x30 build/obj/util.o
 .debug_aranges
                0x0000000000000ad8       0x30 build/obj/modbus_tcp.o
 .debug_aranges
                0x0000000000000b08       0x20 /usr/lib/gcc/arm-none-eabi/4.8/../../../arm-none-eabi/lib/armv7-m/libg.a(lib_a-memcpy.o)
 .debug_aranges
                0x0000000000000b28       0x20 /usr/lib/gcc/arm-none-eabi/4.8/../../../arm-none-eabi/lib/armv7-m/libg.a(lib_a-memset.o)
 .debug_aranges
                0x0000000000000b48       0x20 /usr/lib/gcc/arm-none-eabi/4.8/../../../arm-none-eabi/lib/armv7-m/libg.a(lib_a-strlen.o)
 .debug_aranges
                0x0000000000000b68       0x28 /usr/lib/gcc/arm-none-eabi/4.8/../../../arm-none-eabi/lib/armv7-m/libg.a(lib_a-vsprintf.o)
 .debug_aranges
                0x0000000000000b90       0x18 /usr/lib/gcc/arm-none-eabi/4.8/../../../arm-none-eabi/lib/armv7-m/libg.a(lib_a-impure.o)
 .debug_aranges
                0x0000000000000ba8       0x20 /usr/lib/gcc/arm-none-eabi/4.8/../../../arm-none-eabi/lib/armv7-m/libg.a(lib_a-mallocr.o)
 .debug_aranges
                0x0000000000000bc8       0x20 /usr/lib/gcc/arm-none-eabi/4.8/../../../arm-none-eabi/lib/armv7-m/libg.a(lib_a-memchr-stub.o)
 .debug_aranges
                0x0000000000000be8       0x20 /usr/lib/gcc/arm-none-eabi/4.8/../../../arm-none-eabi/lib/armv7-m/libg.a(lib_a-memmove.o)
 .debug_aranges
                0x0000000000000c08       0x28 /usr/lib/gcc/arm-none-eabi/4.8/../../../arm-none-eabi/lib/armv7-m/libg.a(lib_a-mlock.o)
 .debug_aranges
                0x0000000000000c30       0x20 /usr/lib/gcc/arm-none-eabi/4.8/../../../arm-none-eabi/lib/armv7-m/libg.a(lib_a-reallocr.o)
 .debug_aranges
                0x0000000000000c50       0x20 /usr/lib/gcc/arm-none-eabi/4.8/../../../arm-none-eabi/lib/armv7-m/libg.a(lib_a-svfprintf.o)
 .debug_aranges
                0x0000000000000c70       0x28 /usr/lib/gcc/arm-none-eabi/4.8/../../../arm-none-eabi/lib/armv7-m/libg.a(lib_a-dtoa.o)
 .debug_aranges
                0x0000000000000c98       0x28 /usr/lib/gcc/arm-none-eabi/4.8/../../../arm-none-eabi/lib/armv7-m/libg.a(lib_a-freer.o)
 .debug_aranges
                0x0000000000000cc0       0x58 /usr/lib/gcc/arm-none-eabi/4.8/../../../arm-none-eabi/lib/armv7-m/libg.a(lib_a-locale.o)
 .debug_aranges
                0x0000000000000d18       0xb0 /usr/lib/gcc/arm-none-eabi/4.8/../../../arm-none-eabi/lib/armv7-m/libg.a(lib_a-mprec.o)
 .debug_aranges
                0x0000000000000dc8       0x20 /usr/lib/gcc/arm-none-eabi/4.8/../../../arm-none-eabi/lib/armv7-m/libg.a(lib_a-s_fpclassify.o)
 .debug_aranges
                0x0000000000000de8       0x28 /usr/lib/gcc/arm-none-eabi/4.8/../../../arm-none-eabi/lib/armv7-m/libg.a(lib_a-svfiprintf.o)
 .debug_aranges
                0x0000000000000e10       0x20 /usr/lib/gcc/arm-none-eabi/4.8/../../../arm-none-eabi/lib/armv7-m/libg.a(lib_a-callocr.o)
 .debug_aranges
                0x0000000000000e30       0x20 /usr/lib/gcc/arm-none-eabi/4.8/armv7-m/libgcc.a(_arm_addsubdf3.o)
 .debug_aranges
                0x0000000000000e50       0x20 /usr/lib/gcc/arm-none-eabi/4.8/armv7-m/libgcc.a(_arm_muldivdf3.o)
 .debug_aranges
                0x0000000000000e70       0x20 /usr/lib/gcc/arm-none-eabi/4.8/armv7-m/libgcc.a(_arm_cmpdf2.o)
 .debug_aranges
                0x0000000000000e90       0x20 /usr/lib/gcc/arm-none-eabi/4.8/armv7-m/libgcc.a(_arm_fixdfsi.o)
 .debug_aranges
                0x0000000000000eb0       0x20 /usr/lib/gcc/arm-none-eabi/4.8/armv7-m/libgcc.a(_aeabi_uldivmod.o)
 .debug_aranges
                0x0000000000000ed0       0x20 /usr/lib/gcc/arm-none-eabi/4.8/armv7-m/libgcc.a(bpabi.o)
 .debug_aranges
                0x0000000000000ef0       0x20 /usr/lib/gcc/arm-none-eabi/4.8/armv7-m/libgcc.a(_dvmd_tls.o)
 .debug_aranges
                0x0000000000000f10       0x20 /usr/lib/gcc/arm-none-eabi/4.8/armv7-m/libgcc.a(_divdi3.o)
 .debug_aranges
                0x0000000000000f30       0x20 /usr/lib/gcc/arm-none-eabi/4.8/armv7-m/libgcc.a(_udivdi3.o)

.debug_ranges   0x0000000000000000     0x12f0
 .debug_ranges  0x0000000000000000       0x58 build/obj/crt0.o
 .debug_ranges  0x0000000000000058       0x10 build/obj/vectors.o
 .debug_ranges  0x0000000000000068       0x10 build/obj/chcore.o
 .debug_ranges  0x0000000000000078       0x68 build/obj/chcore_v7m.o
 .debug_ranges  0x00000000000000e0       0x20 build/obj/nvic.o
 .debug_ranges  0x0000000000000100       0x38 build/obj/chsys.o
 .debug_ranges  0x0000000000000138       0x40 build/obj/chlists.o
 .debug_ranges  0x0000000000000178       0x20 build/obj/chvt.o
 .debug_ranges  0x0000000000000198       0xc0 build/obj/chschd.o
 .debug_ranges  0x0000000000000258       0xb0 build/obj/chthreads.o
 .debug_ranges  0x0000000000000308       0xa8 build/obj/chmtx.o
 .debug_ranges  0x00000000000003b0       0x78 build/obj/chevents.o
 .debug_ranges  0x0000000000000428       0x38 build/obj/hal.o
 .debug_ranges  0x0000000000000460       0x40 build/obj/ext.o
 .debug_ranges  0x00000000000004a0       0x88 build/obj/spi.o
 .debug_ranges  0x0000000000000528       0x78 build/obj/tm.o
 .debug_ranges  0x00000000000005a0       0x68 build/obj/uart.o
 .debug_ranges  0x0000000000000608       0x58 build/obj/stm32_dma.o
 .debug_ranges  0x0000000000000660       0x30 build/obj/hal_lld.o
 .debug_ranges  0x0000000000000690       0x68 build/obj/ext_lld_isr.o
 .debug_ranges  0x00000000000006f8       0x30 build/obj/ext_lld.o
 .debug_ranges  0x0000000000000728       0x18 build/obj/pal_lld.o
 .debug_ranges  0x0000000000000740       0x68 build/obj/spi_lld.o
 .debug_ranges  0x00000000000007a8       0xa0 build/obj/uart_lld.o
 .debug_ranges  0x0000000000000848       0x18 build/obj/board.o
 .debug_ranges  0x0000000000000860       0x88 build/obj/uip.o
 .debug_ranges  0x00000000000008e8       0x30 build/obj/uip_arp.o
 .debug_ranges  0x0000000000000918       0x20 build/obj/evtimer.o
 .debug_ranges  0x0000000000000938       0x40 build/obj/syscalls.o
 .debug_ranges  0x0000000000000978       0x70 build/obj/main.o
 .debug_ranges  0x00000000000009e8       0x98 build/obj/enc.o
 .debug_ranges  0x0000000000000a80       0x50 build/obj/rfm.o
 .debug_ranges  0x0000000000000ad0       0x20 build/obj/util.o
 .debug_ranges  0x0000000000000af0       0x20 build/obj/modbus_tcp.o
 .debug_ranges  0x0000000000000b10       0x10 /usr/lib/gcc/arm-none-eabi/4.8/../../../arm-none-eabi/lib/armv7-m/libg.a(lib_a-memset.o)
 .debug_ranges  0x0000000000000b20       0x10 /usr/lib/gcc/arm-none-eabi/4.8/../../../arm-none-eabi/lib/armv7-m/libg.a(lib_a-strlen.o)
 .debug_ranges  0x0000000000000b30       0x18 /usr/lib/gcc/arm-none-eabi/4.8/../../../arm-none-eabi/lib/armv7-m/libg.a(lib_a-vsprintf.o)
 .debug_ranges  0x0000000000000b48       0x48 /usr/lib/gcc/arm-none-eabi/4.8/../../../arm-none-eabi/lib/armv7-m/libg.a(lib_a-mallocr.o)
 .debug_ranges  0x0000000000000b90       0x10 /usr/lib/gcc/arm-none-eabi/4.8/../../../arm-none-eabi/lib/armv7-m/libg.a(lib_a-memchr-stub.o)
 .debug_ranges  0x0000000000000ba0       0x10 /usr/lib/gcc/arm-none-eabi/4.8/../../../arm-none-eabi/lib/armv7-m/libg.a(lib_a-memmove.o)
 .debug_ranges  0x0000000000000bb0       0x18 /usr/lib/gcc/arm-none-eabi/4.8/../../../arm-none-eabi/lib/armv7-m/libg.a(lib_a-mlock.o)
 .debug_ranges  0x0000000000000bc8      0x1a8 /usr/lib/gcc/arm-none-eabi/4.8/../../../arm-none-eabi/lib/armv7-m/libg.a(lib_a-reallocr.o)
 .debug_ranges  0x0000000000000d70      0x148 /usr/lib/gcc/arm-none-eabi/4.8/../../../arm-none-eabi/lib/armv7-m/libg.a(lib_a-svfprintf.o)
 .debug_ranges  0x0000000000000eb8       0x18 /usr/lib/gcc/arm-none-eabi/4.8/../../../arm-none-eabi/lib/armv7-m/libg.a(lib_a-dtoa.o)
 .debug_ranges  0x0000000000000ed0       0x18 /usr/lib/gcc/arm-none-eabi/4.8/../../../arm-none-eabi/lib/armv7-m/libg.a(lib_a-freer.o)
 .debug_ranges  0x0000000000000ee8       0x48 /usr/lib/gcc/arm-none-eabi/4.8/../../../arm-none-eabi/lib/armv7-m/libg.a(lib_a-locale.o)
 .debug_ranges  0x0000000000000f30      0x108 /usr/lib/gcc/arm-none-eabi/4.8/../../../arm-none-eabi/lib/armv7-m/libg.a(lib_a-mprec.o)
 .debug_ranges  0x0000000000001038       0x10 /usr/lib/gcc/arm-none-eabi/4.8/../../../arm-none-eabi/lib/armv7-m/libg.a(lib_a-s_fpclassify.o)
 .debug_ranges  0x0000000000001048       0x68 /usr/lib/gcc/arm-none-eabi/4.8/../../../arm-none-eabi/lib/armv7-m/libg.a(lib_a-svfiprintf.o)
 .debug_ranges  0x00000000000010b0       0x50 /usr/lib/gcc/arm-none-eabi/4.8/../../../arm-none-eabi/lib/armv7-m/libg.a(lib_a-callocr.o)
 .debug_ranges  0x0000000000001100       0xf0 /usr/lib/gcc/arm-none-eabi/4.8/armv7-m/libgcc.a(_divdi3.o)
 .debug_ranges  0x00000000000011f0      0x100 /usr/lib/gcc/arm-none-eabi/4.8/armv7-m/libgcc.a(_udivdi3.o)

.debug_line     0x0000000000000000     0x87e7
 .debug_line    0x0000000000000000      0x106 build/obj/crt0.o
 .debug_line    0x0000000000000106       0xab build/obj/vectors.o
 .debug_line    0x00000000000001b1       0x50 build/obj/chcore.o
 .debug_line    0x0000000000000201      0x1f7 build/obj/chcore_v7m.o
 .debug_line    0x00000000000003f8       0xe1 build/obj/nvic.o
 .debug_line    0x00000000000004d9      0x191 build/obj/chsys.o
 .debug_line    0x000000000000066a      0x192 build/obj/chlists.o
 .debug_line    0x00000000000007fc      0x119 build/obj/chvt.o
 .debug_line    0x0000000000000915      0x28d build/obj/chschd.o
 .debug_line    0x0000000000000ba2      0x2d2 build/obj/chthreads.o
 .debug_line    0x0000000000000e74      0x237 build/obj/chmtx.o
 .debug_line    0x00000000000010ab      0x29b build/obj/chevents.o
 .debug_line    0x0000000000001346      0x210 build/obj/hal.o
 .debug_line    0x0000000000001556      0x194 build/obj/ext.o
 .debug_line    0x00000000000016ea      0x356 build/obj/spi.o
 .debug_line    0x0000000000001a40      0x1a5 build/obj/tm.o
 .debug_line    0x0000000000001be5      0x28a build/obj/uart.o
 .debug_line    0x0000000000001e6f      0x26b build/obj/stm32_dma.o
 .debug_line    0x00000000000020da      0x199 build/obj/hal_lld.o
 .debug_line    0x0000000000002273      0x29d build/obj/ext_lld_isr.o
 .debug_line    0x0000000000002510      0x1c4 build/obj/ext_lld.o
 .debug_line    0x00000000000026d4      0x17f build/obj/pal_lld.o
 .debug_line    0x0000000000002853      0x37e build/obj/spi_lld.o
 .debug_line    0x0000000000002bd1      0x353 build/obj/uart_lld.o
 .debug_line    0x0000000000002f24      0x12e build/obj/board.o
 .debug_line    0x0000000000003052      0x6c3 build/obj/uip.o
 .debug_line    0x0000000000003715      0x23c build/obj/uip_arp.o
 .debug_line    0x0000000000003951      0x160 build/obj/evtimer.o
 .debug_line    0x0000000000003ab1      0x13d build/obj/syscalls.o
 .debug_line    0x0000000000003bee      0x52c build/obj/main.o
 .debug_line    0x000000000000411a      0x468 build/obj/enc.o
 .debug_line    0x0000000000004582      0x33b build/obj/rfm.o
 .debug_line    0x00000000000048bd      0x285 build/obj/util.o
 .debug_line    0x0000000000004b42      0x1ef build/obj/modbus_tcp.o
 .debug_line    0x0000000000004d31       0xbb /usr/lib/gcc/arm-none-eabi/4.8/../../../arm-none-eabi/lib/armv7-m/libg.a(lib_a-memcpy.o)
 .debug_line    0x0000000000004dec      0x127 /usr/lib/gcc/arm-none-eabi/4.8/../../../arm-none-eabi/lib/armv7-m/libg.a(lib_a-memset.o)
 .debug_line    0x0000000000004f13       0xf6 /usr/lib/gcc/arm-none-eabi/4.8/../../../arm-none-eabi/lib/armv7-m/libg.a(lib_a-strlen.o)
 .debug_line    0x0000000000005009      0x1a6 /usr/lib/gcc/arm-none-eabi/4.8/../../../arm-none-eabi/lib/armv7-m/libg.a(lib_a-vsprintf.o)
 .debug_line    0x00000000000051af       0xf5 /usr/lib/gcc/arm-none-eabi/4.8/../../../arm-none-eabi/lib/armv7-m/libg.a(lib_a-impure.o)
 .debug_line    0x00000000000052a4      0x395 /usr/lib/gcc/arm-none-eabi/4.8/../../../arm-none-eabi/lib/armv7-m/libg.a(lib_a-mallocr.o)
 .debug_line    0x0000000000005639      0x134 /usr/lib/gcc/arm-none-eabi/4.8/../../../arm-none-eabi/lib/armv7-m/libg.a(lib_a-memchr-stub.o)
 .debug_line    0x000000000000576d      0x133 /usr/lib/gcc/arm-none-eabi/4.8/../../../arm-none-eabi/lib/armv7-m/libg.a(lib_a-memmove.o)
 .debug_line    0x00000000000058a0      0x113 /usr/lib/gcc/arm-none-eabi/4.8/../../../arm-none-eabi/lib/armv7-m/libg.a(lib_a-mlock.o)
 .debug_line    0x00000000000059b3      0x2aa /usr/lib/gcc/arm-none-eabi/4.8/../../../arm-none-eabi/lib/armv7-m/libg.a(lib_a-reallocr.o)
 .debug_line    0x0000000000005c5d      0x923 /usr/lib/gcc/arm-none-eabi/4.8/../../../arm-none-eabi/lib/armv7-m/libg.a(lib_a-svfprintf.o)
 .debug_line    0x0000000000006580      0x688 /usr/lib/gcc/arm-none-eabi/4.8/../../../arm-none-eabi/lib/armv7-m/libg.a(lib_a-dtoa.o)
 .debug_line    0x0000000000006c08      0x275 /usr/lib/gcc/arm-none-eabi/4.8/../../../arm-none-eabi/lib/armv7-m/libg.a(lib_a-freer.o)
 .debug_line    0x0000000000006e7d      0x204 /usr/lib/gcc/arm-none-eabi/4.8/../../../arm-none-eabi/lib/armv7-m/libg.a(lib_a-locale.o)
 .debug_line    0x0000000000007081      0x6e5 /usr/lib/gcc/arm-none-eabi/4.8/../../../arm-none-eabi/lib/armv7-m/libg.a(lib_a-mprec.o)
 .debug_line    0x0000000000007766      0x14b /usr/lib/gcc/arm-none-eabi/4.8/../../../arm-none-eabi/lib/armv7-m/libg.a(lib_a-s_fpclassify.o)
 .debug_line    0x00000000000078b1      0x69c /usr/lib/gcc/arm-none-eabi/4.8/../../../arm-none-eabi/lib/armv7-m/libg.a(lib_a-svfiprintf.o)
 .debug_line    0x0000000000007f4d      0x130 /usr/lib/gcc/arm-none-eabi/4.8/../../../arm-none-eabi/lib/armv7-m/libg.a(lib_a-callocr.o)
 .debug_line    0x000000000000807d      0x17c /usr/lib/gcc/arm-none-eabi/4.8/armv7-m/libgcc.a(_arm_addsubdf3.o)
 .debug_line    0x00000000000081f9      0x1a0 /usr/lib/gcc/arm-none-eabi/4.8/armv7-m/libgcc.a(_arm_muldivdf3.o)
 .debug_line    0x0000000000008399       0xbd /usr/lib/gcc/arm-none-eabi/4.8/armv7-m/libgcc.a(_arm_cmpdf2.o)
 .debug_line    0x0000000000008456       0x7d /usr/lib/gcc/arm-none-eabi/4.8/armv7-m/libgcc.a(_arm_fixdfsi.o)
 .debug_line    0x00000000000084d3       0x68 /usr/lib/gcc/arm-none-eabi/4.8/armv7-m/libgcc.a(_aeabi_uldivmod.o)
 .debug_line    0x000000000000853b       0x68 /usr/lib/gcc/arm-none-eabi/4.8/armv7-m/libgcc.a(bpabi.o)
 .debug_line    0x00000000000085a3       0x64 /usr/lib/gcc/arm-none-eabi/4.8/armv7-m/libgcc.a(_dvmd_tls.o)
 .debug_line    0x0000000000008607       0xeb /usr/lib/gcc/arm-none-eabi/4.8/armv7-m/libgcc.a(_divdi3.o)
 .debug_line    0x00000000000086f2       0xf5 /usr/lib/gcc/arm-none-eabi/4.8/armv7-m/libgcc.a(_udivdi3.o)

.debug_str      0x0000000000000000     0x3d9f
 .debug_str     0x0000000000000000      0x2a4 build/obj/crt0.o
                                        0x2f4 (size before relaxing)
 .debug_str     0x00000000000002a4      0x142 build/obj/vectors.o
                                        0x310 (size before relaxing)
 .debug_str     0x00000000000003e6       0x2a build/obj/chcore.o
                                        0x1d8 (size before relaxing)
 .debug_str     0x0000000000000410      0x2a8 build/obj/chcore_v7m.o
                                        0x495 (size before relaxing)
 .debug_str     0x00000000000006b8       0x9b build/obj/nvic.o
                                        0x2e2 (size before relaxing)
 .debug_str     0x0000000000000753      0x100 build/obj/chsys.o
                                        0x45c (size before relaxing)
 .debug_str     0x0000000000000853       0x6c build/obj/chlists.o
                                        0x36a (size before relaxing)
 .debug_str     0x00000000000008bf       0x33 build/obj/chvt.o
                                        0x263 (size before relaxing)
 .debug_str     0x00000000000008f2       0xbe build/obj/chschd.o
                                        0x494 (size before relaxing)
 .debug_str     0x00000000000009b0       0xab build/obj/chthreads.o
                                        0x4f2 (size before relaxing)
 .debug_str     0x0000000000000a5b       0x82 build/obj/chmtx.o
                                        0x40f (size before relaxing)
 .debug_str     0x0000000000000add      0x18f build/obj/chevents.o
                                        0x508 (size before relaxing)
 .debug_str     0x0000000000000c6c      0x13b build/obj/hal.o
                                        0x324 (size before relaxing)
 .debug_str     0x0000000000000da7      0x14c build/obj/ext.o
                                        0x347 (size before relaxing)
 .debug_str     0x0000000000000ef3      0x2f9 build/obj/spi.o
                                        0x6a3 (size before relaxing)
 .debug_str     0x00000000000011ec       0x5f build/obj/tm.o
                                        0x2a9 (size before relaxing)
 .debug_str     0x000000000000124b      0x279 build/obj/uart.o
                                        0x55f (size before relaxing)
 .debug_str     0x00000000000014c4      0x41b build/obj/stm32_dma.o
                                        0x6d6 (size before relaxing)
 .debug_str     0x00000000000018df       0xbc build/obj/hal_lld.o
                                        0x351 (size before relaxing)
 .debug_str     0x000000000000199b       0xda build/obj/ext_lld_isr.o
                                        0x643 (size before relaxing)
 .debug_str     0x0000000000001a75       0x48 build/obj/ext_lld.o
                                        0x388 (size before relaxing)
 .debug_str     0x0000000000001abd       0x5e build/obj/pal_lld.o
                                        0x316 (size before relaxing)
 .debug_str     0x0000000000001b1b       0x9a build/obj/spi_lld.o
                                        0x6cf (size before relaxing)
 .debug_str     0x0000000000001bb5       0xba build/obj/uart_lld.o
                                        0x642 (size before relaxing)
 .debug_str     0x0000000000001c6f       0x10 build/obj/board.o
                                        0x26c (size before relaxing)
 .debug_str     0x0000000000001c7f      0x439 build/obj/uip.o
                                        0x680 (size before relaxing)
 .debug_str     0x00000000000020b8      0x119 build/obj/uip_arp.o
                                        0x3c2 (size before relaxing)
 .debug_str     0x00000000000021d1       0x4f build/obj/evtimer.o
                                        0x410 (size before relaxing)
 .debug_str     0x0000000000002220      0x485 build/obj/syscalls.o
                                        0x6bf (size before relaxing)
 .debug_str     0x00000000000026a5      0x33e build/obj/main.o
                                        0xe2b (size before relaxing)
 .debug_str     0x00000000000029e3       0xe3 build/obj/enc.o
                                        0x68f (size before relaxing)
 .debug_str     0x0000000000002ac6      0x103 build/obj/rfm.o
                                        0x65f (size before relaxing)
 .debug_str     0x0000000000002bc9       0x51 build/obj/util.o
                                        0x5d6 (size before relaxing)
 .debug_str     0x0000000000002c1a       0x33 build/obj/modbus_tcp.o
                                        0x50e (size before relaxing)
 .debug_str     0x0000000000002c4d      0x12b /usr/lib/gcc/arm-none-eabi/4.8/../../../arm-none-eabi/lib/armv7-m/libg.a(lib_a-memset.o)
                                        0x1d2 (size before relaxing)
 .debug_str     0x0000000000002d78       0xa6 /usr/lib/gcc/arm-none-eabi/4.8/../../../arm-none-eabi/lib/armv7-m/libg.a(lib_a-strlen.o)
                                        0x1cb (size before relaxing)
 .debug_str     0x0000000000002e1e       0xb2 /usr/lib/gcc/arm-none-eabi/4.8/../../../arm-none-eabi/lib/armv7-m/libg.a(lib_a-vsprintf.o)
                                        0x5bf (size before relaxing)