Archive member included because of file (symbol)

/usr/lib/gcc/avr/4.7.0/avr4/libgcc.a(_exit.o)
                              /usr/lib/gcc/avr/4.7.0/../../../avr/lib/avr4/crtm8.o (exit)
/usr/lib/gcc/avr/4.7.0/avr4/libgcc.a(_copy_data.o)
                              obj/Release/rfm_22_23.o (__do_copy_data)
/usr/lib/gcc/avr/4.7.0/avr4/libgcc.a(_clear_bss.o)
                              obj/Release/main.o (__do_clear_bss)
/usr/lib/gcc/avr/4.7.0/../../../avr/lib/avr4/libc.a(eerd_byte_atmega8.o)
                              obj/Release/main.o (__eerd_byte_m8)

Allocating common symbols
Common symbol       size              file

device_address      0x1               obj/Release/main.o
packet_condition    0x1               obj/Release/main.o
npack               0x2               obj/Release/main.o
buffer              0x100             obj/Release/main.o
connect_address     0x1               obj/Release/main.o
header              0x3               obj/Release/main.o

Memory Configuration

Name             Origin             Length             Attributes
text             0x0000000000000000 0x0000000000002000 xr
data             0x0000000000800060 0x000000000000ffa0 rw !x
eeprom           0x0000000000810000 0x0000000000010000 rw !x
fuse             0x0000000000820000 0x0000000000000400 rw !x
lock             0x0000000000830000 0x0000000000000400 rw !x
signature        0x0000000000840000 0x0000000000000400 rw !x
*default*        0x0000000000000000 0xffffffffffffffff

Linker script and memory map

LOAD /usr/lib/gcc/avr/4.7.0/../../../avr/lib/avr4/crtm8.o
LOAD obj/Release/configure.o
LOAD obj/Release/main.o
LOAD obj/Release/modem.o
LOAD obj/Release/rfm_22_23.o
LOAD obj/Release/rs485.o
LOAD /usr/lib/gcc/avr/4.7.0/avr4/libgcc.a
LOAD /usr/lib/gcc/avr/4.7.0/../../../avr/lib/avr4/libm.a
LOAD /usr/lib/gcc/avr/4.7.0/avr4/libgcc.a
LOAD /usr/lib/gcc/avr/4.7.0/../../../avr/lib/avr4/libc.a
LOAD /usr/lib/gcc/avr/4.7.0/avr4/libgcc.a

.hash
 *(.hash)

.dynsym
 *(.dynsym)

.dynstr
 *(.dynstr)

.gnu.version
 *(.gnu.version)

.gnu.version_d
 *(.gnu.version_d)

.gnu.version_r
 *(.gnu.version_r)

.rel.init
 *(.rel.init)

.rela.init
 *(.rela.init)

.rel.text
 *(.rel.text)
 *(.rel.text.*)
 *(.rel.gnu.linkonce.t*)

.rela.text
 *(.rela.text)
 *(.rela.text.*)
 *(.rela.gnu.linkonce.t*)

.rel.fini
 *(.rel.fini)

.rela.fini
 *(.rela.fini)

.rel.rodata
 *(.rel.rodata)
 *(.rel.rodata.*)
 *(.rel.gnu.linkonce.r*)

.rela.rodata
 *(.rela.rodata)
 *(.rela.rodata.*)
 *(.rela.gnu.linkonce.r*)

.rel.data
 *(.rel.data)
 *(.rel.data.*)
 *(.rel.gnu.linkonce.d*)

.rela.data
 *(.rela.data)
 *(.rela.data.*)
 *(.rela.gnu.linkonce.d*)

.rel.ctors
 *(.rel.ctors)

.rela.ctors
 *(.rela.ctors)

.rel.dtors
 *(.rel.dtors)

.rela.dtors
 *(.rela.dtors)

.rel.got
 *(.rel.got)

.rela.got
 *(.rela.got)

.rel.bss
 *(.rel.bss)

.rela.bss
 *(.rela.bss)

.rel.plt
 *(.rel.plt)

.rela.plt
 *(.rela.plt)

.text           0x0000000000000000      0xa58
 *(.vectors)
 .vectors       0x0000000000000000       0x26 /usr/lib/gcc/avr/4.7.0/../../../avr/lib/avr4/crtm8.o
                0x0000000000000000                __vectors
                0x0000000000000000                __vector_default
 *(.vectors)
 *(.progmem.gcc*)
 *(.progmem*)
                0x0000000000000026                . = ALIGN (0x2)
                0x0000000000000026                __trampolines_start = .
 *(.trampolines)
 .trampolines   0x0000000000000026        0x0 linker stubs
 *(.trampolines*)
                0x0000000000000026                __trampolines_end = .
 *(.jumptables)
 *(.jumptables*)
 *(.lowtext)
 *(.lowtext*)
                0x0000000000000026                __ctors_start = .
 *(.ctors)
                0x0000000000000026                __ctors_end = .
                0x0000000000000026                __dtors_start = .
 *(.dtors)
                0x0000000000000026                __dtors_end = .
 SORT(*)(.ctors)
 SORT(*)(.dtors)
 *(.init0)
 .init0         0x0000000000000026        0x0 /usr/lib/gcc/avr/4.7.0/../../../avr/lib/avr4/crtm8.o
                0x0000000000000026                __init
 *(.init0)
 *(.init1)
 *(.init1)
 *(.init2)
 .init2         0x0000000000000026        0xc /usr/lib/gcc/avr/4.7.0/../../../avr/lib/avr4/crtm8.o
 *(.init2)
 *(.init3)
 *(.init3)
 *(.init4)
 .init4         0x0000000000000032       0x16 /usr/lib/gcc/avr/4.7.0/avr4/libgcc.a(_copy_data.o)
                0x0000000000000032                __do_copy_data
 .init4         0x0000000000000048       0x10 /usr/lib/gcc/avr/4.7.0/avr4/libgcc.a(_clear_bss.o)
                0x0000000000000048                __do_clear_bss
 *(.init4)
 *(.init5)
 *(.init5)
 *(.init6)
 *(.init6)
 *(.init7)
 *(.init7)
 *(.init8)
 *(.init8)
 *(.init9)
 .init9         0x0000000000000058        0x4 /usr/lib/gcc/avr/4.7.0/../../../avr/lib/avr4/crtm8.o
 *(.init9)
 *(.text)
 .text          0x000000000000005c        0x2 /usr/lib/gcc/avr/4.7.0/../../../avr/lib/avr4/crtm8.o
                0x000000000000005c                __vector_12
                0x000000000000005c                __bad_interrupt
                0x000000000000005c                __vector_6
                0x000000000000005c                __vector_3
                0x000000000000005c                __vector_13
                0x000000000000005c                __vector_17
                0x000000000000005c                __vector_7
                0x000000000000005c                __vector_5
                0x000000000000005c                __vector_4
                0x000000000000005c                __vector_9
                0x000000000000005c                __vector_15
                0x000000000000005c                __vector_8
                0x000000000000005c                __vector_14
                0x000000000000005c                __vector_10
                0x000000000000005c                __vector_16
                0x000000000000005c                __vector_18
 .text          0x000000000000005e        0x0 obj/Release/configure.o
 .text          0x000000000000005e      0x240 obj/Release/main.o
                0x000000000000005e                led_flash
                0x00000000000000e6                __vector_11
                0x0000000000000162                __vector_1
                0x00000000000001b0                __vector_2
                0x00000000000001fc                init
 .text          0x000000000000029e      0x258 obj/Release/modem.o
                0x000000000000029e                packet_handler
                0x000000000000032a                receive_single_data_packet
                0x0000000000000360                receive_multiple_data_packet
                0x0000000000000452                transmit_data_packet
                0x00000000000004e4                delay_timer
 .text          0x00000000000004f6      0x424 obj/Release/rfm_22_23.o
                0x00000000000004f6                rfm_22_read_burst
                0x000000000000051e                rfm_22_write_burst
                0x0000000000000546                rfm_22_write
                0x000000000000055e                rfm_22_read
                0x0000000000000578                rfm_22_init
                0x00000000000006e0                rfm_22_clear
                0x0000000000000700                rfm_22_transmit_command
                0x0000000000000724                rfm_22_transmit_packet
                0x00000000000007c8                rfm_22_transmit_packet_256
                0x00000000000007e4                rfm_22_transmit_small_packet
                0x0000000000000826                rfm_22_receive_packet
                0x00000000000008c8                rfm_22_receive_packet_256
                0x00000000000008e6                rfm_22_read_packet
 .text          0x000000000000091a      0x11c obj/Release/rs485.o
                0x000000000000091a                rs485_set_baudrate
                0x0000000000000962                rs485_init
                0x0000000000000978                rs485_receive_packet
                0x0000000000000a02                rs485_transmit_packet
 .text          0x0000000000000a36        0x0 /usr/lib/gcc/avr/4.7.0/avr4/libgcc.a(_exit.o)
 .text          0x0000000000000a36        0x0 /usr/lib/gcc/avr/4.7.0/avr4/libgcc.a(_copy_data.o)
 .text          0x0000000000000a36        0x0 /usr/lib/gcc/avr/4.7.0/avr4/libgcc.a(_clear_bss.o)
 .text          0x0000000000000a36        0x0 /usr/lib/gcc/avr/4.7.0/../../../avr/lib/avr4/libc.a(eerd_byte_atmega8.o)
                0x0000000000000a36                . = ALIGN (0x2)
 *(.text.*)
 .text.startup  0x0000000000000a36        0xe obj/Release/main.o
                0x0000000000000a36                main
 .text.libgcc.mul
                0x0000000000000a44        0x0 /usr/lib/gcc/avr/4.7.0/avr4/libgcc.a(_exit.o)
 .text.libgcc.div
                0x0000000000000a44        0x0 /usr/lib/gcc/avr/4.7.0/avr4/libgcc.a(_exit.o)
 .text.libgcc   0x0000000000000a44        0x0 /usr/lib/gcc/avr/4.7.0/avr4/libgcc.a(_exit.o)
 .text.libgcc.prologue
                0x0000000000000a44        0x0 /usr/lib/gcc/avr/4.7.0/avr4/libgcc.a(_exit.o)
 .text.libgcc.builtins
                0x0000000000000a44        0x0 /usr/lib/gcc/avr/4.7.0/avr4/libgcc.a(_exit.o)
 .text.libgcc.fmul
                0x0000000000000a44        0x0 /usr/lib/gcc/avr/4.7.0/avr4/libgcc.a(_exit.o)
 .text.libgcc.mul
                0x0000000000000a44        0x0 /usr/lib/gcc/avr/4.7.0/avr4/libgcc.a(_copy_data.o)
 .text.libgcc.div
                0x0000000000000a44        0x0 /usr/lib/gcc/avr/4.7.0/avr4/libgcc.a(_copy_data.o)
 .text.libgcc   0x0000000000000a44        0x0 /usr/lib/gcc/avr/4.7.0/avr4/libgcc.a(_copy_data.o)
 .text.libgcc.prologue
                0x0000000000000a44        0x0 /usr/lib/gcc/avr/4.7.0/avr4/libgcc.a(_copy_data.o)
 .text.libgcc.builtins
                0x0000000000000a44        0x0 /usr/lib/gcc/avr/4.7.0/avr4/libgcc.a(_copy_data.o)
 .text.libgcc.fmul
                0x0000000000000a44        0x0 /usr/lib/gcc/avr/4.7.0/avr4/libgcc.a(_copy_data.o)
 .text.libgcc.mul
                0x0000000000000a44        0x0 /usr/lib/gcc/avr/4.7.0/avr4/libgcc.a(_clear_bss.o)
 .text.libgcc.div
                0x0000000000000a44        0x0 /usr/lib/gcc/avr/4.7.0/avr4/libgcc.a(_clear_bss.o)
 .text.libgcc   0x0000000000000a44        0x0 /usr/lib/gcc/avr/4.7.0/avr4/libgcc.a(_clear_bss.o)
 .text.libgcc.prologue
                0x0000000000000a44        0x0 /usr/lib/gcc/avr/4.7.0/avr4/libgcc.a(_clear_bss.o)
 .text.libgcc.builtins
                0x0000000000000a44        0x0 /usr/lib/gcc/avr/4.7.0/avr4/libgcc.a(_clear_bss.o)
 .text.libgcc.fmul
                0x0000000000000a44        0x0 /usr/lib/gcc/avr/4.7.0/avr4/libgcc.a(_clear_bss.o)
 .text.avr-libc
                0x0000000000000a44       0x10 /usr/lib/gcc/avr/4.7.0/../../../avr/lib/avr4/libc.a(eerd_byte_atmega8.o)
                0x0000000000000a44                __eerd_byte_m8
                0x0000000000000a54                . = ALIGN (0x2)
 *(.fini9)
 .fini9         0x0000000000000a54        0x0 /usr/lib/gcc/avr/4.7.0/avr4/libgcc.a(_exit.o)
                0x0000000000000a54                exit
                0x0000000000000a54                _exit
 *(.fini9)
 *(.fini8)
 *(.fini8)
 *(.fini7)
 *(.fini7)
 *(.fini6)
 *(.fini6)
 *(.fini5)
 *(.fini5)
 *(.fini4)
 *(.fini4)
 *(.fini3)
 *(.fini3)
 *(.fini2)
 *(.fini2)
 *(.fini1)
 *(.fini1)
 *(.fini0)
 .fini0         0x0000000000000a54        0x4 /usr/lib/gcc/avr/4.7.0/avr4/libgcc.a(_exit.o)
 *(.fini0)
                0x0000000000000a58                _etext = .

.data           0x0000000000800060       0x14 load address 0x0000000000000a58
                0x0000000000800060                PROVIDE (__data_start, .)
 *(.data)
 .data          0x0000000000800060        0x0 /usr/lib/gcc/avr/4.7.0/../../../avr/lib/avr4/crtm8.o
 .data          0x0000000000800060        0x0 obj/Release/configure.o
 .data          0x0000000000800060        0x0 obj/Release/main.o
 .data          0x0000000000800060        0x0 obj/Release/modem.o
 .data          0x0000000000800060        0x0 obj/Release/rfm_22_23.o
 .data          0x0000000000800060        0x0 obj/Release/rs485.o
 .data          0x0000000000800060        0x0 /usr/lib/gcc/avr/4.7.0/avr4/libgcc.a(_exit.o)
 .data          0x0000000000800060        0x0 /usr/lib/gcc/avr/4.7.0/avr4/libgcc.a(_copy_data.o)
 .data          0x0000000000800060        0x0 /usr/lib/gcc/avr/4.7.0/avr4/libgcc.a(_clear_bss.o)
 .data          0x0000000000800060        0x0 /usr/lib/gcc/avr/4.7.0/../../../avr/lib/avr4/libc.a(eerd_byte_atmega8.o)
 *(.data*)
 *(.rodata)
 .rodata        0x0000000000800060        0x6 obj/Release/rfm_22_23.o
 .rodata        0x0000000000800066        0xd obj/Release/rs485.o
 *(.rodata*)
 *(.gnu.linkonce.d*)
                0x0000000000800074                . = ALIGN (0x2)
 *fill*         0x0000000000800073        0x1 00
                0x0000000000800074                _edata = .
                0x0000000000800074                PROVIDE (__data_end, .)

.bss            0x0000000000800074      0x108
                0x0000000000800074                PROVIDE (__bss_start, .)
 *(.bss)
 .bss           0x0000000000800074        0x0 /usr/lib/gcc/avr/4.7.0/../../../avr/lib/avr4/crtm8.o
 .bss           0x0000000000800074        0x0 obj/Release/configure.o
 .bss           0x0000000000800074        0x0 obj/Release/main.o
 .bss           0x0000000000800074        0x0 obj/Release/modem.o
 .bss           0x0000000000800074        0x0 obj/Release/rfm_22_23.o
 .bss           0x0000000000800074        0x0 obj/Release/rs485.o
 .bss           0x0000000000800074        0x0 /usr/lib/gcc/avr/4.7.0/avr4/libgcc.a(_exit.o)
 .bss           0x0000000000800074        0x0 /usr/lib/gcc/avr/4.7.0/avr4/libgcc.a(_copy_data.o)
 .bss           0x0000000000800074        0x0 /usr/lib/gcc/avr/4.7.0/avr4/libgcc.a(_clear_bss.o)
 .bss           0x0000000000800074        0x0 /usr/lib/gcc/avr/4.7.0/../../../avr/lib/avr4/libc.a(eerd_byte_atmega8.o)
 *(.bss*)
 *(COMMON)
 COMMON         0x0000000000800074      0x108 obj/Release/main.o
                0x0000000000800074                device_address
                0x0000000000800075                packet_condition
                0x0000000000800076                npack
                0x0000000000800078                buffer
                0x0000000000800178                connect_address
                0x0000000000800179                header
                0x000000000080017c                PROVIDE (__bss_end, .)
                0x0000000000000a58                __data_load_start = LOADADDR (.data)
                0x0000000000000a6c                __data_load_end = (__data_load_start + SIZEOF (.data))

.noinit         0x000000000080017c        0x0
                0x000000000080017c                PROVIDE (__noinit_start, .)
 *(.noinit*)
                0x000000000080017c                PROVIDE (__noinit_end, .)
                0x000000000080017c                _end = .
                0x000000000080017c                PROVIDE (__heap_start, .)

.eeprom         0x0000000000810000        0x4
 *(.eeprom*)
 .eeprom        0x0000000000810000        0x4 obj/Release/main.o
                0x0000000000810000                connect_address_eep
                0x0000000000810001                device_address_eep
                0x0000000000810002                dummy
                0x0000000000810004                __eeprom_end = .

.fuse
 *(.fuse)
 *(.lfuse)
 *(.hfuse)
 *(.efuse)

.lock
 *(.lock*)

.signature
 *(.signature*)

.stab           0x0000000000000000      0x75c
 *(.stab)
 .stab          0x0000000000000000      0x6cc /usr/lib/gcc/avr/4.7.0/../../../avr/lib/avr4/crtm8.o
 .stab          0x00000000000006cc       0x90 /usr/lib/gcc/avr/4.7.0/../../../avr/lib/avr4/libc.a(eerd_byte_atmega8.o)
                                         0x9c (size before relaxing)

.stabstr        0x0000000000000000       0x83
 *(.stabstr)
 .stabstr       0x0000000000000000       0x83 /usr/lib/gcc/avr/4.7.0/../../../avr/lib/avr4/crtm8.o

.stab.excl
 *(.stab.excl)

.stab.exclstr
 *(.stab.exclstr)

.stab.index
 *(.stab.index)

.stab.indexstr
 *(.stab.indexstr)

.comment        0x0000000000000000       0x11
 *(.comment)
 .comment       0x0000000000000000       0x11 obj/Release/configure.o
                                         0x12 (size before relaxing)
 .comment       0x0000000000000000       0x12 obj/Release/main.o
 .comment       0x0000000000000000       0x12 obj/Release/modem.o
 .comment       0x0000000000000000       0x12 obj/Release/rfm_22_23.o
 .comment       0x0000000000000000       0x12 obj/Release/rs485.o

.debug
 *(.debug)

.line
 *(.line)

.debug_srcinfo
 *(.debug_srcinfo)

.debug_sfnames
 *(.debug_sfnames)

.debug_aranges
 *(.debug_aranges)

.debug_pubnames
 *(.debug_pubnames)

.debug_info
 *(.debug_info)
 *(.gnu.linkonce.wi.*)

.debug_abbrev
 *(.debug_abbrev)

.debug_line
 *(.debug_line)

.debug_frame
 *(.debug_frame)

.debug_str
 *(.debug_str)

.debug_loc
 *(.debug_loc)

.debug_macinfo
 *(.debug_macinfo)
OUTPUT(bin/Release/point-to-point.elf elf32-avr)
LOAD linker stubs

Cross Reference Table

Symbol                                            File
__bad_interrupt                                   /usr/lib/gcc/avr/4.7.0/../../../avr/lib/avr4/crtm8.o
__bss_end                                         /usr/lib/gcc/avr/4.7.0/avr4/libgcc.a(_clear_bss.o)
__bss_start                                       /usr/lib/gcc/avr/4.7.0/avr4/libgcc.a(_clear_bss.o)
__data_end                                        /usr/lib/gcc/avr/4.7.0/avr4/libgcc.a(_copy_data.o)
__data_load_start                                 /usr/lib/gcc/avr/4.7.0/avr4/libgcc.a(_copy_data.o)
__data_start                                      /usr/lib/gcc/avr/4.7.0/avr4/libgcc.a(_copy_data.o)
__do_clear_bss                                    /usr/lib/gcc/avr/4.7.0/avr4/libgcc.a(_clear_bss.o)
                                                  obj/Release/main.o
__do_copy_data                                    /usr/lib/gcc/avr/4.7.0/avr4/libgcc.a(_copy_data.o)
                                                  obj/Release/rs485.o
                                                  obj/Release/rfm_22_23.o
__eerd_byte_m8                                    /usr/lib/gcc/avr/4.7.0/../../../avr/lib/avr4/libc.a(eerd_byte_atmega8.o)
                                                  obj/Release/main.o
__heap_end                                        /usr/lib/gcc/avr/4.7.0/../../../avr/lib/avr4/crtm8.o
__init                                            /usr/lib/gcc/avr/4.7.0/../../../avr/lib/avr4/crtm8.o
__stack                                           /usr/lib/gcc/avr/4.7.0/../../../avr/lib/avr4/crtm8.o
__vector_1                                        obj/Release/main.o
                                                  /usr/lib/gcc/avr/4.7.0/../../../avr/lib/avr4/crtm8.o
__vector_10                                       /usr/lib/gcc/avr/4.7.0/../../../avr/lib/avr4/crtm8.o
__vector_11                                       obj/Release/main.o
                                                  /usr/lib/gcc/avr/4.7.0/../../../avr/lib/avr4/crtm8.o
__vector_12                                       /usr/lib/gcc/avr/4.7.0/../../../avr/lib/avr4/crtm8.o
__vector_13                                       /usr/lib/gcc/avr/4.7.0/../../../avr/lib/avr4/crtm8.o
__vector_14                                       /usr/lib/gcc/avr/4.7.0/../../../avr/lib/avr4/crtm8.o
__vector_15                                       /usr/lib/gcc/avr/4.7.0/../../../avr/lib/avr4/crtm8.o
__vector_16                                       /usr/lib/gcc/avr/4.7.0/../../../avr/lib/avr4/crtm8.o
__vector_17                                       /usr/lib/gcc/avr/4.7.0/../../../avr/lib/avr4/crtm8.o
__vector_18                                       /usr/lib/gcc/avr/4.7.0/../../../avr/lib/avr4/crtm8.o
__vector_2                                        obj/Release/main.o
                                                  /usr/lib/gcc/avr/4.7.0/../../../avr/lib/avr4/crtm8.o
__vector_3                                        /usr/lib/gcc/avr/4.7.0/../../../avr/lib/avr4/crtm8.o
__vector_4                                        /usr/lib/gcc/avr/4.7.0/../../../avr/lib/avr4/crtm8.o
__vector_5                                        /usr/lib/gcc/avr/4.7.0/../../../avr/lib/avr4/crtm8.o
__vector_6                                        /usr/lib/gcc/avr/4.7.0/../../../avr/lib/avr4/crtm8.o
__vector_7                                        /usr/lib/gcc/avr/4.7.0/../../../avr/lib/avr4/crtm8.o
__vector_8                                        /usr/lib/gcc/avr/4.7.0/../../../avr/lib/avr4/crtm8.o
__vector_9                                        /usr/lib/gcc/avr/4.7.0/../../../avr/lib/avr4/crtm8.o
__vector_default                                  /usr/lib/gcc/avr/4.7.0/../../../avr/lib/avr4/crtm8.o
__vectors                                         /usr/lib/gcc/avr/4.7.0/../../../avr/lib/avr4/crtm8.o
_exit                                             /usr/lib/gcc/avr/4.7.0/avr4/libgcc.a(_exit.o)
buffer                                            obj/Release/rs485.o
                                                  obj/Release/rfm_22_23.o
                                                  obj/Release/main.o
connect_address                                   obj/Release/rfm_22_23.o
                                                  obj/Release/main.o
connect_address_eep                               obj/Release/main.o
delay_timer                                       obj/Release/modem.o
                                                  obj/Release/rfm_22_23.o
device_address                                    obj/Release/rfm_22_23.o
                                                  obj/Release/main.o
device_address_eep                                obj/Release/main.o
dummy                                             obj/Release/main.o
exit                                              /usr/lib/gcc/avr/4.7.0/avr4/libgcc.a(_exit.o)
                                                  /usr/lib/gcc/avr/4.7.0/../../../avr/lib/avr4/crtm8.o
header                                            obj/Release/modem.o
                                                  obj/Release/main.o
init                                              obj/Release/main.o
led_flash                                         obj/Release/main.o
main                                              obj/Release/main.o
                                                  /usr/lib/gcc/avr/4.7.0/../../../avr/lib/avr4/crtm8.o
npack                                             obj/Release/rs485.o
                                                  obj/Release/rfm_22_23.o
                                                  obj/Release/modem.o
                                                  obj/Release/main.o
packet_condition                                  obj/Release/rs485.o
                                                  obj/Release/rfm_22_23.o
                                                  obj/Release/modem.o
                                                  obj/Release/main.o
packet_handler                                    obj/Release/modem.o
                                                  obj/Release/main.o
receive_multiple_data_packet                      obj/Release/modem.o
receive_single_data_packet                        obj/Release/modem.o
rfm_22_clear                                      obj/Release/rfm_22_23.o
                                                  obj/Release/main.o
rfm_22_init                                       obj/Release/rfm_22_23.o
                                                  obj/Release/main.o
rfm_22_read                                       obj/Release/rfm_22_23.o
                                                  obj/Release/modem.o
rfm_22_read_burst                                 obj/Release/rfm_22_23.o
                                                  obj/Release/modem.o
rfm_22_read_packet                                obj/Release/rfm_22_23.o
                                                  obj/Release/modem.o
rfm_22_receive_packet                             obj/Release/rfm_22_23.o
                                                  obj/Release/modem.o
rfm_22_receive_packet_256                         obj/Release/rfm_22_23.o
                                                  obj/Release/modem.o
rfm_22_transmit_command                           obj/Release/rfm_22_23.o
                                                  obj/Release/modem.o
rfm_22_transmit_packet                            obj/Release/rfm_22_23.o
                                                  obj/Release/modem.o
                                                  obj/Release/main.o
rfm_22_transmit_packet_256                        obj/Release/rfm_22_23.o
                                                  obj/Release/modem.o
                                                  obj/Release/main.o
rfm_22_transmit_small_packet                      obj/Release/rfm_22_23.o
                                                  obj/Release/modem.o
rfm_22_write                                      obj/Release/rfm_22_23.o
                                                  obj/Release/rs485.o
                                                  obj/Release/modem.o
                                                  obj/Release/main.o
rfm_22_write_burst                                obj/Release/rfm_22_23.o
rs485_init                                        obj/Release/rs485.o
                                                  obj/Release/main.o
rs485_receive_packet                              obj/Release/rs485.o
                                                  obj/Release/main.o
rs485_set_baudrate                                obj/Release/rs485.o
rs485_transmit_packet                             obj/Release/rs485.o
                                                  obj/Release/modem.o
transmit_data_packet                              obj/Release/modem.o
