Archive member included because of file (symbol)

/usr/lib/gcc/avr/4.5.3/avr4/libgcc.a(_exit.o)
                              /usr/lib/gcc/avr/4.5.3/../../../avr/lib/avr4/crtm8.o (exit)
/usr/lib/gcc/avr/4.5.3/avr4/libgcc.a(_copy_data.o)
                              obj/Debug/rfm_22_23.o (__do_copy_data)
/usr/lib/gcc/avr/4.5.3/avr4/libgcc.a(_clear_bss.o)
                              obj/Debug/main.o (__do_clear_bss)
/usr/lib/gcc/avr/4.5.3/avr4/libgcc.a(_fixunssfsi.o)
                              obj/Debug/main.o (__fixunssfsi)
/usr/lib/gcc/avr/4.5.3/avr4/libgcc.a(_addsub_sf.o)
                              /usr/lib/gcc/avr/4.5.3/avr4/libgcc.a(_fixunssfsi.o) (__subsf3)
/usr/lib/gcc/avr/4.5.3/avr4/libgcc.a(_mul_sf.o)
                              obj/Debug/main.o (__mulsf3)
/usr/lib/gcc/avr/4.5.3/avr4/libgcc.a(_div_sf.o)
                              obj/Debug/main.o (__divsf3)
/usr/lib/gcc/avr/4.5.3/avr4/libgcc.a(_gt_sf.o)
                              obj/Debug/main.o (__gtsf2)
/usr/lib/gcc/avr/4.5.3/avr4/libgcc.a(_ge_sf.o)
                              /usr/lib/gcc/avr/4.5.3/avr4/libgcc.a(_fixunssfsi.o) (__gesf2)
/usr/lib/gcc/avr/4.5.3/avr4/libgcc.a(_lt_sf.o)
                              obj/Debug/main.o (__ltsf2)
/usr/lib/gcc/avr/4.5.3/avr4/libgcc.a(_sf_to_si.o)
                              /usr/lib/gcc/avr/4.5.3/avr4/libgcc.a(_fixunssfsi.o) (__fixsfsi)
/usr/lib/gcc/avr/4.5.3/avr4/libgcc.a(_thenan_sf.o)
                              /usr/lib/gcc/avr/4.5.3/avr4/libgcc.a(_addsub_sf.o) (__thenan_sf)
/usr/lib/gcc/avr/4.5.3/avr4/libgcc.a(_prologue.o)
                              /usr/lib/gcc/avr/4.5.3/avr4/libgcc.a(_addsub_sf.o) (__prologue_saves__)
/usr/lib/gcc/avr/4.5.3/avr4/libgcc.a(_epilogue.o)
                              /usr/lib/gcc/avr/4.5.3/avr4/libgcc.a(_addsub_sf.o) (__epilogue_restores__)
/usr/lib/gcc/avr/4.5.3/avr4/libgcc.a(_pack_sf.o)
                              /usr/lib/gcc/avr/4.5.3/avr4/libgcc.a(_addsub_sf.o) (__pack_f)
/usr/lib/gcc/avr/4.5.3/avr4/libgcc.a(_unpack_sf.o)
                              /usr/lib/gcc/avr/4.5.3/avr4/libgcc.a(_addsub_sf.o) (__unpack_f)
/usr/lib/gcc/avr/4.5.3/avr4/libgcc.a(_fpcmp_parts_sf.o)
                              /usr/lib/gcc/avr/4.5.3/avr4/libgcc.a(_gt_sf.o) (__fpcmp_parts_f)
/usr/lib/gcc/avr/4.5.3/../../../avr/lib/avr4/libc.a(eerd_byte_atmega8.o)
                              obj/Debug/main.o (__eerd_byte_m8)

Allocating common symbols
Common symbol       size              file

device_address      0x1               obj/Debug/main.o
packet_condition    0x1               obj/Debug/main.o
npack               0x2               obj/Debug/main.o
buffer              0x100             obj/Debug/main.o
connect_address     0x1               obj/Debug/main.o
header              0x3               obj/Debug/main.o

Memory Configuration

Name             Origin             Length             Attributes
text             0x0000000000000000 0x0000000000002000 xr
data             0x0000000000800060 0x000000000000ffa0 rw !x
eeprom           0x0000000000810000 0x0000000000010000 rw !x
fuse             0x0000000000820000 0x0000000000000400 rw !x
lock             0x0000000000830000 0x0000000000000400 rw !x
signature        0x0000000000840000 0x0000000000000400 rw !x
*default*        0x0000000000000000 0xffffffffffffffff

Linker script and memory map

LOAD /usr/lib/gcc/avr/4.5.3/../../../avr/lib/avr4/crtm8.o
LOAD obj/Debug/configure.o
LOAD obj/Debug/main.o
LOAD obj/Debug/modem.o
LOAD obj/Debug/rfm_22_23.o
LOAD obj/Debug/rs485.o
LOAD /usr/lib/gcc/avr/4.5.3/avr4/libgcc.a
LOAD /usr/lib/gcc/avr/4.5.3/../../../avr/lib/avr4/libm.a
LOAD /usr/lib/gcc/avr/4.5.3/avr4/libgcc.a
LOAD /usr/lib/gcc/avr/4.5.3/../../../avr/lib/avr4/libc.a
LOAD /usr/lib/gcc/avr/4.5.3/avr4/libgcc.a

.hash
 *(.hash)

.dynsym
 *(.dynsym)

.dynstr
 *(.dynstr)

.gnu.version
 *(.gnu.version)

.gnu.version_d
 *(.gnu.version_d)

.gnu.version_r
 *(.gnu.version_r)

.rel.init
 *(.rel.init)

.rela.init
 *(.rela.init)

.rel.text
 *(.rel.text)
 *(.rel.text.*)
 *(.rel.gnu.linkonce.t*)

.rela.text
 *(.rela.text)
 *(.rela.text.*)
 *(.rela.gnu.linkonce.t*)

.rel.fini
 *(.rel.fini)

.rela.fini
 *(.rela.fini)

.rel.rodata
 *(.rel.rodata)
 *(.rel.rodata.*)
 *(.rel.gnu.linkonce.r*)

.rela.rodata
 *(.rela.rodata)
 *(.rela.rodata.*)
 *(.rela.gnu.linkonce.r*)

.rel.data
 *(.rel.data)
 *(.rel.data.*)
 *(.rel.gnu.linkonce.d*)

.rela.data
 *(.rela.data)
 *(.rela.data.*)
 *(.rela.gnu.linkonce.d*)

.rel.ctors
 *(.rel.ctors)

.rela.ctors
 *(.rela.ctors)

.rel.dtors
 *(.rel.dtors)

.rela.dtors
 *(.rela.dtors)

.rel.got
 *(.rel.got)

.rela.got
 *(.rela.got)

.rel.bss
 *(.rel.bss)

.rela.bss
 *(.rela.bss)

.rel.plt
 *(.rel.plt)

.rela.plt
 *(.rela.plt)

.text           0x0000000000000000     0x2222
 *(.vectors)
 .vectors       0x0000000000000000       0x26 /usr/lib/gcc/avr/4.5.3/../../../avr/lib/avr4/crtm8.o
                0x0000000000000000                __vectors
                0x0000000000000000                __vector_default
 *(.vectors)
 *(.progmem.gcc*)
 *(.progmem*)
                0x0000000000000026                . = ALIGN (0x2)
                0x0000000000000026                __trampolines_start = .
 *(.trampolines)
 .trampolines   0x0000000000000026        0x0 linker stubs
 *(.trampolines*)
                0x0000000000000026                __trampolines_end = .
 *(.jumptables)
 *(.jumptables*)
 *(.lowtext)
 *(.lowtext*)
                0x0000000000000026                __ctors_start = .
 *(.ctors)
                0x0000000000000026                __ctors_end = .
                0x0000000000000026                __dtors_start = .
 *(.dtors)
                0x0000000000000026                __dtors_end = .
 SORT(*)(.ctors)
 SORT(*)(.dtors)
 *(.init0)
 .init0         0x0000000000000026        0x0 /usr/lib/gcc/avr/4.5.3/../../../avr/lib/avr4/crtm8.o
                0x0000000000000026                __init
 *(.init0)
 *(.init1)
 *(.init1)
 *(.init2)
 .init2         0x0000000000000026        0xc /usr/lib/gcc/avr/4.5.3/../../../avr/lib/avr4/crtm8.o
 *(.init2)
 *(.init3)
 *(.init3)
 *(.init4)
 .init4         0x0000000000000032       0x16 /usr/lib/gcc/avr/4.5.3/avr4/libgcc.a(_copy_data.o)
                0x0000000000000032                __do_copy_data
 .init4         0x0000000000000048       0x10 /usr/lib/gcc/avr/4.5.3/avr4/libgcc.a(_clear_bss.o)
                0x0000000000000048                __do_clear_bss
 *(.init4)
 *(.init5)
 *(.init5)
 *(.init6)
 *(.init6)
 *(.init7)
 *(.init7)
 *(.init8)
 *(.init8)
 *(.init9)
 .init9         0x0000000000000058        0x4 /usr/lib/gcc/avr/4.5.3/../../../avr/lib/avr4/crtm8.o
 *(.init9)
 *(.text)
 .text          0x000000000000005c        0x2 /usr/lib/gcc/avr/4.5.3/../../../avr/lib/avr4/crtm8.o
                0x000000000000005c                __vector_12
                0x000000000000005c                __bad_interrupt
                0x000000000000005c                __vector_6
                0x000000000000005c                __vector_3
                0x000000000000005c                __vector_13
                0x000000000000005c                __vector_17
                0x000000000000005c                __vector_7
                0x000000000000005c                __vector_5
                0x000000000000005c                __vector_4
                0x000000000000005c                __vector_9
                0x000000000000005c                __vector_15
                0x000000000000005c                __vector_8
                0x000000000000005c                __vector_14
                0x000000000000005c                __vector_10
                0x000000000000005c                __vector_16
                0x000000000000005c                __vector_18
 .text          0x000000000000005e        0x0 obj/Debug/configure.o
 .text          0x000000000000005e      0x9f8 obj/Debug/main.o
                0x000000000000005e                led_flash
                0x000000000000042e                main
                0x0000000000000456                __vector_11
                0x00000000000004e6                __vector_1
                0x0000000000000544                __vector_2
                0x00000000000005a6                init
 .text          0x0000000000000a56       0xd8 obj/Debug/modem.o
                0x0000000000000a56                packet_handler
 .text          0x0000000000000b2e      0x896 obj/Debug/rfm_22_23.o
                0x0000000000000b2e                rfm_22_read_burst
                0x0000000000000bea                rfm_22_write_burst
                0x0000000000000c9e                rfm_22_write
                0x0000000000000d28                rfm_22_read
                0x0000000000000dba                rfm_22_init
                0x00000000000010be                rfm_22_clear
                0x00000000000010ec                rfm_22_wait_event
                0x0000000000001158                rfm_22_transmit_command
                0x0000000000001184                rfm_22_transmit_packet_256
                0x00000000000011b0                rfm_22_transmit_packet
                0x0000000000001246                rfm_22_transmit_small_packet
                0x0000000000001298                rfm_22_receive_packet_256
                0x00000000000012c2                rfm_22_receive_packet
                0x0000000000001380                rfm_22_read_small_packet
 .text          0x00000000000013c4      0x25e obj/Debug/rs485.o
                0x00000000000013c4                rs485_set_baudrate
                0x0000000000001426                rs485_init
                0x0000000000001480                rs485_receive_packet
                0x0000000000001554                rs485_transmit_packet
 .text          0x0000000000001622        0x0 /usr/lib/gcc/avr/4.5.3/avr4/libgcc.a(_exit.o)
 .text          0x0000000000001622        0x0 /usr/lib/gcc/avr/4.5.3/avr4/libgcc.a(_copy_data.o)
 .text          0x0000000000001622        0x0 /usr/lib/gcc/avr/4.5.3/avr4/libgcc.a(_clear_bss.o)
 .text          0x0000000000001622       0x50 /usr/lib/gcc/avr/4.5.3/avr4/libgcc.a(_fixunssfsi.o)
                0x0000000000001622                __fixunssfsi
 .text          0x0000000000001672      0x334 /usr/lib/gcc/avr/4.5.3/avr4/libgcc.a(_addsub_sf.o)
                0x0000000000001902                __addsf3
                0x0000000000001950                __subsf3
 .text          0x00000000000019a6      0x1ea /usr/lib/gcc/avr/4.5.3/avr4/libgcc.a(_mul_sf.o)
                0x00000000000019a6                __mulsf3
 .text          0x0000000000001b90      0x152 /usr/lib/gcc/avr/4.5.3/avr4/libgcc.a(_div_sf.o)
                0x0000000000001b90                __divsf3
 .text          0x0000000000001ce2       0x56 /usr/lib/gcc/avr/4.5.3/avr4/libgcc.a(_gt_sf.o)
                0x0000000000001ce2                __gtsf2
 .text          0x0000000000001d38       0x56 /usr/lib/gcc/avr/4.5.3/avr4/libgcc.a(_ge_sf.o)
                0x0000000000001d38                __gesf2
 .text          0x0000000000001d8e       0x56 /usr/lib/gcc/avr/4.5.3/avr4/libgcc.a(_lt_sf.o)
                0x0000000000001d8e                __ltsf2
 .text          0x0000000000001de4       0x9e /usr/lib/gcc/avr/4.5.3/avr4/libgcc.a(_sf_to_si.o)
                0x0000000000001de4                __fixsfsi
 .text          0x0000000000001e82        0x0 /usr/lib/gcc/avr/4.5.3/avr4/libgcc.a(_thenan_sf.o)
 .text          0x0000000000001e82        0x0 /usr/lib/gcc/avr/4.5.3/avr4/libgcc.a(_prologue.o)
 .text          0x0000000000001e82        0x0 /usr/lib/gcc/avr/4.5.3/avr4/libgcc.a(_epilogue.o)
 .text          0x0000000000001e82      0x19a /usr/lib/gcc/avr/4.5.3/avr4/libgcc.a(_pack_sf.o)
                0x0000000000001e82                __pack_f
 .text          0x000000000000201c       0xd2 /usr/lib/gcc/avr/4.5.3/avr4/libgcc.a(_unpack_sf.o)
                0x000000000000201c                __unpack_f
 .text          0x00000000000020ee       0xb2 /usr/lib/gcc/avr/4.5.3/avr4/libgcc.a(_fpcmp_parts_sf.o)
                0x00000000000020ee                __fpcmp_parts_f
 .text          0x00000000000021a0        0x0 /usr/lib/gcc/avr/4.5.3/../../../avr/lib/avr4/libc.a(eerd_byte_atmega8.o)
                0x00000000000021a0                . = ALIGN (0x2)
 *(.text.*)
 .text.libgcc   0x00000000000021a0        0x0 /usr/lib/gcc/avr/4.5.3/avr4/libgcc.a(_exit.o)
 .text.libgcc   0x00000000000021a0        0x0 /usr/lib/gcc/avr/4.5.3/avr4/libgcc.a(_copy_data.o)
 .text.libgcc   0x00000000000021a0        0x0 /usr/lib/gcc/avr/4.5.3/avr4/libgcc.a(_clear_bss.o)
 .text.libgcc   0x00000000000021a0       0x38 /usr/lib/gcc/avr/4.5.3/avr4/libgcc.a(_prologue.o)
                0x00000000000021a0                __prologue_saves__
 .text.libgcc   0x00000000000021d8       0x36 /usr/lib/gcc/avr/4.5.3/avr4/libgcc.a(_epilogue.o)
                0x00000000000021d8                __epilogue_restores__
 .text.avr-libc
                0x000000000000220e       0x10 /usr/lib/gcc/avr/4.5.3/../../../avr/lib/avr4/libc.a(eerd_byte_atmega8.o)
                0x000000000000220e                __eerd_byte_m8
                0x000000000000221e                . = ALIGN (0x2)
 *(.fini9)
 .fini9         0x000000000000221e        0x0 /usr/lib/gcc/avr/4.5.3/avr4/libgcc.a(_exit.o)
                0x000000000000221e                exit
                0x000000000000221e                _exit
 *(.fini9)
 *(.fini8)
 *(.fini8)
 *(.fini7)
 *(.fini7)
 *(.fini6)
 *(.fini6)
 *(.fini5)
 *(.fini5)
 *(.fini4)
 *(.fini4)
 *(.fini3)
 *(.fini3)
 *(.fini2)
 *(.fini2)
 *(.fini1)
 *(.fini1)
 *(.fini0)
 .fini0         0x000000000000221e        0x4 /usr/lib/gcc/avr/4.5.3/avr4/libgcc.a(_exit.o)
 *(.fini0)
                0x0000000000002222                _etext = .

.data           0x0000000000800060       0x24 load address 0x0000000000002222
                0x0000000000800060                PROVIDE (__data_start, .)
 *(.data)
 .data          0x0000000000800060        0x0 /usr/lib/gcc/avr/4.5.3/../../../avr/lib/avr4/crtm8.o
 .data          0x0000000000800060        0x0 obj/Debug/configure.o
 .data          0x0000000000800060        0x0 obj/Debug/main.o
 .data          0x0000000000800060        0x0 obj/Debug/modem.o
 .data          0x0000000000800060        0xf obj/Debug/rfm_22_23.o
 .data          0x000000000080006f        0xd obj/Debug/rs485.o
 .data          0x000000000080007c        0x0 /usr/lib/gcc/avr/4.5.3/avr4/libgcc.a(_exit.o)
 .data          0x000000000080007c        0x0 /usr/lib/gcc/avr/4.5.3/avr4/libgcc.a(_copy_data.o)
 .data          0x000000000080007c        0x0 /usr/lib/gcc/avr/4.5.3/avr4/libgcc.a(_clear_bss.o)
 .data          0x000000000080007c        0x0 /usr/lib/gcc/avr/4.5.3/avr4/libgcc.a(_fixunssfsi.o)
 .data          0x000000000080007c        0x0 /usr/lib/gcc/avr/4.5.3/avr4/libgcc.a(_addsub_sf.o)
 .data          0x000000000080007c        0x0 /usr/lib/gcc/avr/4.5.3/avr4/libgcc.a(_mul_sf.o)
 .data          0x000000000080007c        0x0 /usr/lib/gcc/avr/4.5.3/avr4/libgcc.a(_div_sf.o)
 .data          0x000000000080007c        0x0 /usr/lib/gcc/avr/4.5.3/avr4/libgcc.a(_gt_sf.o)
 .data          0x000000000080007c        0x0 /usr/lib/gcc/avr/4.5.3/avr4/libgcc.a(_ge_sf.o)
 .data          0x000000000080007c        0x0 /usr/lib/gcc/avr/4.5.3/avr4/libgcc.a(_lt_sf.o)
 .data          0x000000000080007c        0x0 /usr/lib/gcc/avr/4.5.3/avr4/libgcc.a(_sf_to_si.o)
 .data          0x000000000080007c        0x8 /usr/lib/gcc/avr/4.5.3/avr4/libgcc.a(_thenan_sf.o)
                0x000000000080007c                __thenan_sf
 .data          0x0000000000800084        0x0 /usr/lib/gcc/avr/4.5.3/avr4/libgcc.a(_prologue.o)
 .data          0x0000000000800084        0x0 /usr/lib/gcc/avr/4.5.3/avr4/libgcc.a(_epilogue.o)
 .data          0x0000000000800084        0x0 /usr/lib/gcc/avr/4.5.3/avr4/libgcc.a(_pack_sf.o)
 .data          0x0000000000800084        0x0 /usr/lib/gcc/avr/4.5.3/avr4/libgcc.a(_unpack_sf.o)
 .data          0x0000000000800084        0x0 /usr/lib/gcc/avr/4.5.3/avr4/libgcc.a(_fpcmp_parts_sf.o)
 .data          0x0000000000800084        0x0 /usr/lib/gcc/avr/4.5.3/../../../avr/lib/avr4/libc.a(eerd_byte_atmega8.o)
 *(.data*)
 *(.rodata)
 *(.rodata*)
 *(.gnu.linkonce.d*)
                0x0000000000800084                . = ALIGN (0x2)
                0x0000000000800084                _edata = .
                0x0000000000800084                PROVIDE (__data_end, .)

.bss            0x0000000000800084      0x108
                0x0000000000800084                PROVIDE (__bss_start, .)
 *(.bss)
 .bss           0x0000000000800084        0x0 /usr/lib/gcc/avr/4.5.3/../../../avr/lib/avr4/crtm8.o
 .bss           0x0000000000800084        0x0 obj/Debug/configure.o
 .bss           0x0000000000800084        0x0 obj/Debug/main.o
 .bss           0x0000000000800084        0x0 obj/Debug/modem.o
 .bss           0x0000000000800084        0x0 obj/Debug/rfm_22_23.o
 .bss           0x0000000000800084        0x0 obj/Debug/rs485.o
 .bss           0x0000000000800084        0x0 /usr/lib/gcc/avr/4.5.3/avr4/libgcc.a(_exit.o)
 .bss           0x0000000000800084        0x0 /usr/lib/gcc/avr/4.5.3/avr4/libgcc.a(_copy_data.o)
 .bss           0x0000000000800084        0x0 /usr/lib/gcc/avr/4.5.3/avr4/libgcc.a(_clear_bss.o)
 .bss           0x0000000000800084        0x0 /usr/lib/gcc/avr/4.5.3/avr4/libgcc.a(_fixunssfsi.o)
 .bss           0x0000000000800084        0x0 /usr/lib/gcc/avr/4.5.3/avr4/libgcc.a(_addsub_sf.o)
 .bss           0x0000000000800084        0x0 /usr/lib/gcc/avr/4.5.3/avr4/libgcc.a(_mul_sf.o)
 .bss           0x0000000000800084        0x0 /usr/lib/gcc/avr/4.5.3/avr4/libgcc.a(_div_sf.o)
 .bss           0x0000000000800084        0x0 /usr/lib/gcc/avr/4.5.3/avr4/libgcc.a(_gt_sf.o)
 .bss           0x0000000000800084        0x0 /usr/lib/gcc/avr/4.5.3/avr4/libgcc.a(_ge_sf.o)
 .bss           0x0000000000800084        0x0 /usr/lib/gcc/avr/4.5.3/avr4/libgcc.a(_lt_sf.o)
 .bss           0x0000000000800084        0x0 /usr/lib/gcc/avr/4.5.3/avr4/libgcc.a(_sf_to_si.o)
 .bss           0x0000000000800084        0x0 /usr/lib/gcc/avr/4.5.3/avr4/libgcc.a(_thenan_sf.o)
 .bss           0x0000000000800084        0x0 /usr/lib/gcc/avr/4.5.3/avr4/libgcc.a(_prologue.o)
 .bss           0x0000000000800084        0x0 /usr/lib/gcc/avr/4.5.3/avr4/libgcc.a(_epilogue.o)
 .bss           0x0000000000800084        0x0 /usr/lib/gcc/avr/4.5.3/avr4/libgcc.a(_pack_sf.o)
 .bss           0x0000000000800084        0x0 /usr/lib/gcc/avr/4.5.3/avr4/libgcc.a(_unpack_sf.o)
 .bss           0x0000000000800084        0x0 /usr/lib/gcc/avr/4.5.3/avr4/libgcc.a(_fpcmp_parts_sf.o)
 .bss           0x0000000000800084        0x0 /usr/lib/gcc/avr/4.5.3/../../../avr/lib/avr4/libc.a(eerd_byte_atmega8.o)
 *(.bss*)
 *(COMMON)
 COMMON         0x0000000000800084      0x108 obj/Debug/main.o
                0x0000000000800084                device_address
                0x0000000000800085                packet_condition
                0x0000000000800086                npack
                0x0000000000800088                buffer
                0x0000000000800188                connect_address
                0x0000000000800189                header
                0x000000000080018c                PROVIDE (__bss_end, .)
                0x0000000000002222                __data_load_start = LOADADDR (.data)
                0x0000000000002246                __data_load_end = (__data_load_start + SIZEOF (.data))

.noinit         0x000000000080018c        0x0
                0x000000000080018c                PROVIDE (__noinit_start, .)
 *(.noinit*)
                0x000000000080018c                PROVIDE (__noinit_end, .)
                0x000000000080018c                _end = .
                0x000000000080018c                PROVIDE (__heap_start, .)

.eeprom         0x0000000000810000        0x4
 *(.eeprom*)
 .eeprom        0x0000000000810000        0x4 obj/Debug/main.o
                0x0000000000810000                dummy
                0x0000000000810002                device_address_eep
                0x0000000000810003                connect_address_eep
                0x0000000000810004                __eeprom_end = .

.fuse
 *(.fuse)
 *(.lfuse)
 *(.hfuse)
 *(.efuse)

.lock
 *(.lock*)

.signature
 *(.signature*)

.stab           0x0000000000000000     0x3708
 *(.stab)
 .stab          0x0000000000000000      0x6cc /usr/lib/gcc/avr/4.5.3/../../../avr/lib/avr4/crtm8.o
 .stab          0x00000000000006cc      0x3b4 obj/Debug/configure.o
                                        0x3c0 (size before relaxing)
 .stab          0x0000000000000a80     0x150c obj/Debug/main.o
                                       0x15a8 (size before relaxing)
 .stab          0x0000000000001f8c      0x33c obj/Debug/modem.o
                                        0x5a0 (size before relaxing)
 .stab          0x00000000000022c8      0xf00 obj/Debug/rfm_22_23.o
                                       0x1128 (size before relaxing)
 .stab          0x00000000000031c8      0x4b0 obj/Debug/rs485.o
                                        0x6d8 (size before relaxing)
 .stab          0x0000000000003678       0x90 /usr/lib/gcc/avr/4.5.3/../../../avr/lib/avr4/libc.a(eerd_byte_atmega8.o)
                                         0x9c (size before relaxing)

.stabstr        0x0000000000000000     0x2ae8
 *(.stabstr)
 .stabstr       0x0000000000000000     0x2ae8 /usr/lib/gcc/avr/4.5.3/../../../avr/lib/avr4/crtm8.o

.stab.excl
 *(.stab.excl)

.stab.exclstr
 *(.stab.exclstr)

.stab.index
 *(.stab.index)

.stab.indexstr
 *(.stab.indexstr)

.comment
 *(.comment)

.debug
 *(.debug)

.line
 *(.line)

.debug_srcinfo
 *(.debug_srcinfo)

.debug_sfnames
 *(.debug_sfnames)

.debug_aranges
 *(.debug_aranges)

.debug_pubnames
 *(.debug_pubnames)

.debug_info
 *(.debug_info)
 *(.gnu.linkonce.wi.*)

.debug_abbrev
 *(.debug_abbrev)

.debug_line
 *(.debug_line)

.debug_frame
 *(.debug_frame)

.debug_str
 *(.debug_str)

.debug_loc
 *(.debug_loc)

.debug_macinfo
 *(.debug_macinfo)
OUTPUT(bin/Debug/project1.elf elf32-avr)
LOAD linker stubs

Cross Reference Table

Symbol                                            File
__addsf3                                          /usr/lib/gcc/avr/4.5.3/avr4/libgcc.a(_addsub_sf.o)
__bad_interrupt                                   /usr/lib/gcc/avr/4.5.3/../../../avr/lib/avr4/crtm8.o
__bss_end                                         /usr/lib/gcc/avr/4.5.3/avr4/libgcc.a(_clear_bss.o)
__bss_start                                       /usr/lib/gcc/avr/4.5.3/avr4/libgcc.a(_clear_bss.o)
__data_end                                        /usr/lib/gcc/avr/4.5.3/avr4/libgcc.a(_copy_data.o)
__data_load_start                                 /usr/lib/gcc/avr/4.5.3/avr4/libgcc.a(_copy_data.o)
__data_start                                      /usr/lib/gcc/avr/4.5.3/avr4/libgcc.a(_copy_data.o)
__divsf3                                          /usr/lib/gcc/avr/4.5.3/avr4/libgcc.a(_div_sf.o)
                                                  obj/Debug/main.o
__do_clear_bss                                    /usr/lib/gcc/avr/4.5.3/avr4/libgcc.a(_clear_bss.o)
                                                  obj/Debug/main.o
__do_copy_data                                    /usr/lib/gcc/avr/4.5.3/avr4/libgcc.a(_copy_data.o)
                                                  /usr/lib/gcc/avr/4.5.3/avr4/libgcc.a(_thenan_sf.o)
                                                  obj/Debug/rs485.o
                                                  obj/Debug/rfm_22_23.o
__eerd_byte_m8                                    /usr/lib/gcc/avr/4.5.3/../../../avr/lib/avr4/libc.a(eerd_byte_atmega8.o)
                                                  obj/Debug/main.o
__epilogue_restores__                             /usr/lib/gcc/avr/4.5.3/avr4/libgcc.a(_epilogue.o)
                                                  /usr/lib/gcc/avr/4.5.3/avr4/libgcc.a(_pack_sf.o)
                                                  /usr/lib/gcc/avr/4.5.3/avr4/libgcc.a(_sf_to_si.o)
                                                  /usr/lib/gcc/avr/4.5.3/avr4/libgcc.a(_lt_sf.o)
                                                  /usr/lib/gcc/avr/4.5.3/avr4/libgcc.a(_ge_sf.o)
                                                  /usr/lib/gcc/avr/4.5.3/avr4/libgcc.a(_gt_sf.o)
                                                  /usr/lib/gcc/avr/4.5.3/avr4/libgcc.a(_div_sf.o)
                                                  /usr/lib/gcc/avr/4.5.3/avr4/libgcc.a(_mul_sf.o)
                                                  /usr/lib/gcc/avr/4.5.3/avr4/libgcc.a(_addsub_sf.o)
__fixsfsi                                         /usr/lib/gcc/avr/4.5.3/avr4/libgcc.a(_sf_to_si.o)
                                                  /usr/lib/gcc/avr/4.5.3/avr4/libgcc.a(_fixunssfsi.o)
__fixunssfsi                                      /usr/lib/gcc/avr/4.5.3/avr4/libgcc.a(_fixunssfsi.o)
                                                  obj/Debug/rfm_22_23.o
                                                  obj/Debug/main.o
__fpcmp_parts_f                                   /usr/lib/gcc/avr/4.5.3/avr4/libgcc.a(_fpcmp_parts_sf.o)
                                                  /usr/lib/gcc/avr/4.5.3/avr4/libgcc.a(_lt_sf.o)
                                                  /usr/lib/gcc/avr/4.5.3/avr4/libgcc.a(_ge_sf.o)
                                                  /usr/lib/gcc/avr/4.5.3/avr4/libgcc.a(_gt_sf.o)
__gesf2                                           /usr/lib/gcc/avr/4.5.3/avr4/libgcc.a(_ge_sf.o)
                                                  /usr/lib/gcc/avr/4.5.3/avr4/libgcc.a(_fixunssfsi.o)
__gtsf2                                           /usr/lib/gcc/avr/4.5.3/avr4/libgcc.a(_gt_sf.o)
                                                  obj/Debug/rfm_22_23.o
                                                  obj/Debug/main.o
__heap_end                                        /usr/lib/gcc/avr/4.5.3/../../../avr/lib/avr4/crtm8.o
__init                                            /usr/lib/gcc/avr/4.5.3/../../../avr/lib/avr4/crtm8.o
__ltsf2                                           /usr/lib/gcc/avr/4.5.3/avr4/libgcc.a(_lt_sf.o)
                                                  obj/Debug/rfm_22_23.o
                                                  obj/Debug/main.o
__mulsf3                                          /usr/lib/gcc/avr/4.5.3/avr4/libgcc.a(_mul_sf.o)
                                                  obj/Debug/rfm_22_23.o
                                                  obj/Debug/main.o
__pack_f                                          /usr/lib/gcc/avr/4.5.3/avr4/libgcc.a(_pack_sf.o)
                                                  /usr/lib/gcc/avr/4.5.3/avr4/libgcc.a(_div_sf.o)
                                                  /usr/lib/gcc/avr/4.5.3/avr4/libgcc.a(_mul_sf.o)
                                                  /usr/lib/gcc/avr/4.5.3/avr4/libgcc.a(_addsub_sf.o)
__prologue_saves__                                /usr/lib/gcc/avr/4.5.3/avr4/libgcc.a(_prologue.o)
                                                  /usr/lib/gcc/avr/4.5.3/avr4/libgcc.a(_sf_to_si.o)
                                                  /usr/lib/gcc/avr/4.5.3/avr4/libgcc.a(_lt_sf.o)
                                                  /usr/lib/gcc/avr/4.5.3/avr4/libgcc.a(_ge_sf.o)
                                                  /usr/lib/gcc/avr/4.5.3/avr4/libgcc.a(_gt_sf.o)
                                                  /usr/lib/gcc/avr/4.5.3/avr4/libgcc.a(_div_sf.o)
                                                  /usr/lib/gcc/avr/4.5.3/avr4/libgcc.a(_mul_sf.o)
                                                  /usr/lib/gcc/avr/4.5.3/avr4/libgcc.a(_addsub_sf.o)
__stack                                           /usr/lib/gcc/avr/4.5.3/../../../avr/lib/avr4/crtm8.o
__subsf3                                          /usr/lib/gcc/avr/4.5.3/avr4/libgcc.a(_addsub_sf.o)
                                                  /usr/lib/gcc/avr/4.5.3/avr4/libgcc.a(_fixunssfsi.o)
__thenan_sf                                       /usr/lib/gcc/avr/4.5.3/avr4/libgcc.a(_thenan_sf.o)
                                                  /usr/lib/gcc/avr/4.5.3/avr4/libgcc.a(_div_sf.o)
                                                  /usr/lib/gcc/avr/4.5.3/avr4/libgcc.a(_mul_sf.o)
                                                  /usr/lib/gcc/avr/4.5.3/avr4/libgcc.a(_addsub_sf.o)
__unpack_f                                        /usr/lib/gcc/avr/4.5.3/avr4/libgcc.a(_unpack_sf.o)
                                                  /usr/lib/gcc/avr/4.5.3/avr4/libgcc.a(_sf_to_si.o)
                                                  /usr/lib/gcc/avr/4.5.3/avr4/libgcc.a(_lt_sf.o)
                                                  /usr/lib/gcc/avr/4.5.3/avr4/libgcc.a(_ge_sf.o)
                                                  /usr/lib/gcc/avr/4.5.3/avr4/libgcc.a(_gt_sf.o)
                                                  /usr/lib/gcc/avr/4.5.3/avr4/libgcc.a(_div_sf.o)
                                                  /usr/lib/gcc/avr/4.5.3/avr4/libgcc.a(_mul_sf.o)
                                                  /usr/lib/gcc/avr/4.5.3/avr4/libgcc.a(_addsub_sf.o)
__vector_1                                        obj/Debug/main.o
                                                  /usr/lib/gcc/avr/4.5.3/../../../avr/lib/avr4/crtm8.o
__vector_10                                       /usr/lib/gcc/avr/4.5.3/../../../avr/lib/avr4/crtm8.o
__vector_11                                       obj/Debug/main.o
                                                  /usr/lib/gcc/avr/4.5.3/../../../avr/lib/avr4/crtm8.o
__vector_12                                       /usr/lib/gcc/avr/4.5.3/../../../avr/lib/avr4/crtm8.o
__vector_13                                       /usr/lib/gcc/avr/4.5.3/../../../avr/lib/avr4/crtm8.o
__vector_14                                       /usr/lib/gcc/avr/4.5.3/../../../avr/lib/avr4/crtm8.o
__vector_15                                       /usr/lib/gcc/avr/4.5.3/../../../avr/lib/avr4/crtm8.o
__vector_16                                       /usr/lib/gcc/avr/4.5.3/../../../avr/lib/avr4/crtm8.o
__vector_17                                       /usr/lib/gcc/avr/4.5.3/../../../avr/lib/avr4/crtm8.o
__vector_18                                       /usr/lib/gcc/avr/4.5.3/../../../avr/lib/avr4/crtm8.o
__vector_2                                        obj/Debug/main.o
                                                  /usr/lib/gcc/avr/4.5.3/../../../avr/lib/avr4/crtm8.o
__vector_3                                        /usr/lib/gcc/avr/4.5.3/../../../avr/lib/avr4/crtm8.o
__vector_4                                        /usr/lib/gcc/avr/4.5.3/../../../avr/lib/avr4/crtm8.o
__vector_5                                        /usr/lib/gcc/avr/4.5.3/../../../avr/lib/avr4/crtm8.o
__vector_6                                        /usr/lib/gcc/avr/4.5.3/../../../avr/lib/avr4/crtm8.o
__vector_7                                        /usr/lib/gcc/avr/4.5.3/../../../avr/lib/avr4/crtm8.o
__vector_8                                        /usr/lib/gcc/avr/4.5.3/../../../avr/lib/avr4/crtm8.o
__vector_9                                        /usr/lib/gcc/avr/4.5.3/../../../avr/lib/avr4/crtm8.o
__vector_default                                  /usr/lib/gcc/avr/4.5.3/../../../avr/lib/avr4/crtm8.o
__vectors                                         /usr/lib/gcc/avr/4.5.3/../../../avr/lib/avr4/crtm8.o
_exit                                             /usr/lib/gcc/avr/4.5.3/avr4/libgcc.a(_exit.o)
buffer                                            obj/Debug/rs485.o
                                                  obj/Debug/rfm_22_23.o
                                                  obj/Debug/main.o
connect_address                                   obj/Debug/rfm_22_23.o
                                                  obj/Debug/main.o
connect_address_eep                               obj/Debug/main.o
device_address                                    obj/Debug/rfm_22_23.o
                                                  obj/Debug/main.o
device_address_eep                                obj/Debug/main.o
dummy                                             obj/Debug/main.o
exit                                              /usr/lib/gcc/avr/4.5.3/avr4/libgcc.a(_exit.o)
                                                  /usr/lib/gcc/avr/4.5.3/../../../avr/lib/avr4/crtm8.o
header                                            obj/Debug/modem.o
                                                  obj/Debug/main.o
init                                              obj/Debug/main.o
led_flash                                         obj/Debug/main.o
main                                              obj/Debug/main.o
                                                  /usr/lib/gcc/avr/4.5.3/../../../avr/lib/avr4/crtm8.o
npack                                             obj/Debug/rs485.o
                                                  obj/Debug/rfm_22_23.o
                                                  obj/Debug/modem.o
                                                  obj/Debug/main.o
packet_condition                                  obj/Debug/rs485.o
                                                  obj/Debug/rfm_22_23.o
                                                  obj/Debug/modem.o
                                                  obj/Debug/main.o
packet_handler                                    obj/Debug/modem.o
                                                  obj/Debug/main.o
rfm_22_clear                                      obj/Debug/rfm_22_23.o
                                                  obj/Debug/main.o
rfm_22_init                                       obj/Debug/rfm_22_23.o
                                                  obj/Debug/main.o
rfm_22_read                                       obj/Debug/rfm_22_23.o
rfm_22_read_burst                                 obj/Debug/rfm_22_23.o
                                                  obj/Debug/modem.o
rfm_22_read_small_packet                          obj/Debug/rfm_22_23.o
rfm_22_receive_packet                             obj/Debug/rfm_22_23.o
                                                  obj/Debug/modem.o
rfm_22_receive_packet_256                         obj/Debug/rfm_22_23.o
                                                  obj/Debug/modem.o
rfm_22_transmit_command                           obj/Debug/rfm_22_23.o
                                                  obj/Debug/modem.o
rfm_22_transmit_packet                            obj/Debug/rfm_22_23.o
                                                  obj/Debug/modem.o
                                                  obj/Debug/main.o
rfm_22_transmit_packet_256                        obj/Debug/rfm_22_23.o
                                                  obj/Debug/modem.o
                                                  obj/Debug/main.o
rfm_22_transmit_small_packet                      obj/Debug/rfm_22_23.o
rfm_22_wait_event                                 obj/Debug/rfm_22_23.o
rfm_22_write                                      obj/Debug/rfm_22_23.o
                                                  obj/Debug/rs485.o
                                                  obj/Debug/modem.o
                                                  obj/Debug/main.o
rfm_22_write_burst                                obj/Debug/rfm_22_23.o
rs485_init                                        obj/Debug/rs485.o
                                                  obj/Debug/main.o
rs485_receive_packet                              obj/Debug/rs485.o
                                                  obj/Debug/main.o
rs485_set_baudrate                                obj/Debug/rs485.o
rs485_transmit_packet                             obj/Debug/rs485.o
                                                  obj/Debug/modem.o
