Archive member included because of file (symbol)

/usr/lib/gcc/avr/4.7.0/avr4/libgcc.a(_exit.o)
                              /usr/lib/gcc/avr/4.7.0/../../../avr/lib/avr4/crtm8.o (exit)
/usr/lib/gcc/avr/4.7.0/avr4/libgcc.a(_copy_data.o)
                              obj/Debug/rfm_22_23.o (__do_copy_data)
/usr/lib/gcc/avr/4.7.0/avr4/libgcc.a(_clear_bss.o)
                              obj/Debug/main.o (__do_clear_bss)
/usr/lib/gcc/avr/4.7.0/avr4/libgcc.a(_fixunssfsi.o)
                              obj/Debug/modem.o (__fixunssfsi)
/usr/lib/gcc/avr/4.7.0/avr4/libgcc.a(_addsub_sf.o)
                              /usr/lib/gcc/avr/4.7.0/avr4/libgcc.a(_fixunssfsi.o) (__subsf3)
/usr/lib/gcc/avr/4.7.0/avr4/libgcc.a(_mul_sf.o)
                              obj/Debug/modem.o (__mulsf3)
/usr/lib/gcc/avr/4.7.0/avr4/libgcc.a(_gt_sf.o)
                              obj/Debug/modem.o (__gtsf2)
/usr/lib/gcc/avr/4.7.0/avr4/libgcc.a(_ge_sf.o)
                              /usr/lib/gcc/avr/4.7.0/avr4/libgcc.a(_fixunssfsi.o) (__gesf2)
/usr/lib/gcc/avr/4.7.0/avr4/libgcc.a(_lt_sf.o)
                              obj/Debug/modem.o (__ltsf2)
/usr/lib/gcc/avr/4.7.0/avr4/libgcc.a(_si_to_sf.o)
                              obj/Debug/modem.o (__floatsisf)
/usr/lib/gcc/avr/4.7.0/avr4/libgcc.a(_sf_to_si.o)
                              /usr/lib/gcc/avr/4.7.0/avr4/libgcc.a(_fixunssfsi.o) (__fixsfsi)
/usr/lib/gcc/avr/4.7.0/avr4/libgcc.a(_thenan_sf.o)
                              /usr/lib/gcc/avr/4.7.0/avr4/libgcc.a(_addsub_sf.o) (__thenan_sf)
/usr/lib/gcc/avr/4.7.0/avr4/libgcc.a(_prologue.o)
                              /usr/lib/gcc/avr/4.7.0/avr4/libgcc.a(_addsub_sf.o) (__prologue_saves__)
/usr/lib/gcc/avr/4.7.0/avr4/libgcc.a(_epilogue.o)
                              /usr/lib/gcc/avr/4.7.0/avr4/libgcc.a(_addsub_sf.o) (__epilogue_restores__)
/usr/lib/gcc/avr/4.7.0/avr4/libgcc.a(_clzsi2.o)
                              /usr/lib/gcc/avr/4.7.0/avr4/libgcc.a(_si_to_sf.o) (__clzsi2)
/usr/lib/gcc/avr/4.7.0/avr4/libgcc.a(_clzhi2.o)
                              /usr/lib/gcc/avr/4.7.0/avr4/libgcc.a(_clzsi2.o) (__clzhi2)
/usr/lib/gcc/avr/4.7.0/avr4/libgcc.a(_pack_sf.o)
                              /usr/lib/gcc/avr/4.7.0/avr4/libgcc.a(_addsub_sf.o) (__pack_f)
/usr/lib/gcc/avr/4.7.0/avr4/libgcc.a(_unpack_sf.o)
                              /usr/lib/gcc/avr/4.7.0/avr4/libgcc.a(_addsub_sf.o) (__unpack_f)
/usr/lib/gcc/avr/4.7.0/avr4/libgcc.a(_fpcmp_parts_sf.o)
                              /usr/lib/gcc/avr/4.7.0/avr4/libgcc.a(_gt_sf.o) (__fpcmp_parts_f)
/usr/lib/gcc/avr/4.7.0/../../../avr/lib/avr4/libc.a(eerd_byte_atmega8.o)
                              obj/Debug/main.o (__eerd_byte_m8)
/usr/lib/gcc/avr/4.7.0/../../../avr/lib/avr4/libc.a(eewr_byte_atmega8.o)
                              obj/Debug/main.o (__eewr_byte_m8)

Allocating common symbols
Common symbol       size              file

device_address      0x1               obj/Debug/main.o
master_address      0x1               obj/Debug/main.o
packet_condition    0x1               obj/Debug/main.o
npack               0x1               obj/Debug/main.o
modem_address       0x30              obj/Debug/main.o
retx_address        0x10              obj/Debug/main.o
nmodem              0x1               obj/Debug/main.o
buffer              0x100             obj/Debug/main.o
header              0x3               obj/Debug/main.o
device_type         0x1               obj/Debug/main.o
nretx               0x1               obj/Debug/main.o

Memory Configuration

Name             Origin             Length             Attributes
text             0x0000000000000000 0x0000000000002000 xr
data             0x0000000000800060 0x000000000000ffa0 rw !x
eeprom           0x0000000000810000 0x0000000000010000 rw !x
fuse             0x0000000000820000 0x0000000000000400 rw !x
lock             0x0000000000830000 0x0000000000000400 rw !x
signature        0x0000000000840000 0x0000000000000400 rw !x
*default*        0x0000000000000000 0xffffffffffffffff

Linker script and memory map

LOAD /usr/lib/gcc/avr/4.7.0/../../../avr/lib/avr4/crtm8.o
LOAD obj/Debug/main.o
LOAD obj/Debug/modem.o
LOAD obj/Debug/rfm_22_23.o
LOAD obj/Debug/route.o
LOAD obj/Debug/rs485.o
LOAD /usr/lib/gcc/avr/4.7.0/avr4/libgcc.a
LOAD /usr/lib/gcc/avr/4.7.0/../../../avr/lib/avr4/libm.a
LOAD /usr/lib/gcc/avr/4.7.0/avr4/libgcc.a
LOAD /usr/lib/gcc/avr/4.7.0/../../../avr/lib/avr4/libc.a
LOAD /usr/lib/gcc/avr/4.7.0/avr4/libgcc.a

.hash
 *(.hash)

.dynsym
 *(.dynsym)

.dynstr
 *(.dynstr)

.gnu.version
 *(.gnu.version)

.gnu.version_d
 *(.gnu.version_d)

.gnu.version_r
 *(.gnu.version_r)

.rel.init
 *(.rel.init)

.rela.init
 *(.rela.init)

.rel.text
 *(.rel.text)
 *(.rel.text.*)
 *(.rel.gnu.linkonce.t*)

.rela.text
 *(.rela.text)
 *(.rela.text.*)
 *(.rela.gnu.linkonce.t*)

.rel.fini
 *(.rel.fini)

.rela.fini
 *(.rela.fini)

.rel.rodata
 *(.rel.rodata)
 *(.rel.rodata.*)
 *(.rel.gnu.linkonce.r*)

.rela.rodata
 *(.rela.rodata)
 *(.rela.rodata.*)
 *(.rela.gnu.linkonce.r*)

.rel.data
 *(.rel.data)
 *(.rel.data.*)
 *(.rel.gnu.linkonce.d*)

.rela.data
 *(.rela.data)
 *(.rela.data.*)
 *(.rela.gnu.linkonce.d*)

.rel.ctors
 *(.rel.ctors)

.rela.ctors
 *(.rela.ctors)

.rel.dtors
 *(.rel.dtors)

.rela.dtors
 *(.rela.dtors)

.rel.got
 *(.rel.got)

.rela.got
 *(.rela.got)

.rel.bss
 *(.rel.bss)

.rela.bss
 *(.rela.bss)

.rel.plt
 *(.rel.plt)

.rela.plt
 *(.rela.plt)

.text           0x0000000000000000     0x1a72
 *(.vectors)
 .vectors       0x0000000000000000       0x26 /usr/lib/gcc/avr/4.7.0/../../../avr/lib/avr4/crtm8.o
                0x0000000000000000                __vectors
                0x0000000000000000                __vector_default
 *(.vectors)
 *(.progmem.gcc*)
 *(.progmem*)
                0x0000000000000026                . = ALIGN (0x2)
                0x0000000000000026                __trampolines_start = .
 *(.trampolines)
 .trampolines   0x0000000000000026        0x0 linker stubs
 *(.trampolines*)
                0x0000000000000026                __trampolines_end = .
 *(.jumptables)
 *(.jumptables*)
 *(.lowtext)
 *(.lowtext*)
                0x0000000000000026                __ctors_start = .
 *(.ctors)
                0x0000000000000026                __ctors_end = .
                0x0000000000000026                __dtors_start = .
 *(.dtors)
                0x0000000000000026                __dtors_end = .
 SORT(*)(.ctors)
 SORT(*)(.dtors)
 *(.init0)
 .init0         0x0000000000000026        0x0 /usr/lib/gcc/avr/4.7.0/../../../avr/lib/avr4/crtm8.o
                0x0000000000000026                __init
 *(.init0)
 *(.init1)
 *(.init1)
 *(.init2)
 .init2         0x0000000000000026        0xc /usr/lib/gcc/avr/4.7.0/../../../avr/lib/avr4/crtm8.o
 *(.init2)
 *(.init3)
 *(.init3)
 *(.init4)
 .init4         0x0000000000000032       0x16 /usr/lib/gcc/avr/4.7.0/avr4/libgcc.a(_copy_data.o)
                0x0000000000000032                __do_copy_data
 .init4         0x0000000000000048       0x10 /usr/lib/gcc/avr/4.7.0/avr4/libgcc.a(_clear_bss.o)
                0x0000000000000048                __do_clear_bss
 *(.init4)
 *(.init5)
 *(.init5)
 *(.init6)
 *(.init6)
 *(.init7)
 *(.init7)
 *(.init8)
 *(.init8)
 *(.init9)
 .init9         0x0000000000000058        0x4 /usr/lib/gcc/avr/4.7.0/../../../avr/lib/avr4/crtm8.o
 *(.init9)
 *(.text)
 .text          0x000000000000005c        0x2 /usr/lib/gcc/avr/4.7.0/../../../avr/lib/avr4/crtm8.o
                0x000000000000005c                __vector_12
                0x000000000000005c                __bad_interrupt
                0x000000000000005c                __vector_6
                0x000000000000005c                __vector_3
                0x000000000000005c                __vector_13
                0x000000000000005c                __vector_17
                0x000000000000005c                __vector_7
                0x000000000000005c                __vector_5
                0x000000000000005c                __vector_4
                0x000000000000005c                __vector_9
                0x000000000000005c                __vector_15
                0x000000000000005c                __vector_8
                0x000000000000005c                __vector_14
                0x000000000000005c                __vector_10
                0x000000000000005c                __vector_16
                0x000000000000005c                __vector_18
 .text          0x000000000000005e      0x3f8 obj/Debug/main.o
                0x000000000000005e                led_flash
                0x00000000000000e6                __vector_11
                0x0000000000000158                __vector_1
                0x00000000000001be                reset_slave
                0x00000000000001e6                reset_master
                0x000000000000023a                __vector_2
                0x00000000000002a6                init
 .text          0x0000000000000456      0x6ce obj/Debug/modem.o
                0x0000000000000456                receive_single_data_packet
                0x000000000000047c                receive_multiple_data_packet
                0x0000000000000556                packet_handler_master
                0x000000000000061c                packet_handler_slave
                0x00000000000007f0                transmit_data_packet
                0x000000000000086c                master_transmit
                0x000000000000090e                packet_handler_retx
                0x0000000000000b10                delay_timer
 .text          0x0000000000000b24      0x24e obj/Debug/rfm_22_23.o
                0x0000000000000b24                rfm_22_read_burst
                0x0000000000000b4c                rfm_22_write_burst
                0x0000000000000b74                rfm_22_write
                0x0000000000000b8c                rfm_22_read
                0x0000000000000ba6                rfm_22_init
                0x0000000000000cf0                rfm_22_transmit_packet
                0x0000000000000d3e                rfm_22_read_packet
 .text          0x0000000000000d72       0xd0 obj/Debug/route.o
                0x0000000000000d72                ping
 .text          0x0000000000000e42       0x8e obj/Debug/rs485.o
                0x0000000000000e42                rs485_init
                0x0000000000000e5c                rs485_receive_packet
                0x0000000000000eae                rs485_transmit_packet
 .text          0x0000000000000ed0        0x0 /usr/lib/gcc/avr/4.7.0/avr4/libgcc.a(_exit.o)
 .text          0x0000000000000ed0        0x0 /usr/lib/gcc/avr/4.7.0/avr4/libgcc.a(_copy_data.o)
 .text          0x0000000000000ed0        0x0 /usr/lib/gcc/avr/4.7.0/avr4/libgcc.a(_clear_bss.o)
 .text          0x0000000000000ed0       0x52 /usr/lib/gcc/avr/4.7.0/avr4/libgcc.a(_fixunssfsi.o)
                0x0000000000000ed0                __fixunssfsi
 .text          0x0000000000000f22      0x340 /usr/lib/gcc/avr/4.7.0/avr4/libgcc.a(_addsub_sf.o)
                0x00000000000011c2                __addsf3
                0x000000000000120e                __subsf3
 .text          0x0000000000001262      0x1c0 /usr/lib/gcc/avr/4.7.0/avr4/libgcc.a(_mul_sf.o)
                0x0000000000001262                __mulsf3
 .text          0x0000000000001422       0x54 /usr/lib/gcc/avr/4.7.0/avr4/libgcc.a(_gt_sf.o)
                0x0000000000001422                __gtsf2
 .text          0x0000000000001476       0x54 /usr/lib/gcc/avr/4.7.0/avr4/libgcc.a(_ge_sf.o)
                0x0000000000001476                __gesf2
 .text          0x00000000000014ca       0x54 /usr/lib/gcc/avr/4.7.0/avr4/libgcc.a(_lt_sf.o)
                0x00000000000014ca                __ltsf2
 .text          0x000000000000151e       0xb0 /usr/lib/gcc/avr/4.7.0/avr4/libgcc.a(_si_to_sf.o)
                0x000000000000151e                __floatsisf
 .text          0x00000000000015ce       0x98 /usr/lib/gcc/avr/4.7.0/avr4/libgcc.a(_sf_to_si.o)
                0x00000000000015ce                __fixsfsi
 .text          0x0000000000001666        0x0 /usr/lib/gcc/avr/4.7.0/avr4/libgcc.a(_thenan_sf.o)
 .text          0x0000000000001666        0x0 /usr/lib/gcc/avr/4.7.0/avr4/libgcc.a(_prologue.o)
 .text          0x0000000000001666        0x0 /usr/lib/gcc/avr/4.7.0/avr4/libgcc.a(_epilogue.o)
 .text          0x0000000000001666        0x0 /usr/lib/gcc/avr/4.7.0/avr4/libgcc.a(_clzsi2.o)
 .text          0x0000000000001666        0x0 /usr/lib/gcc/avr/4.7.0/avr4/libgcc.a(_clzhi2.o)
 .text          0x0000000000001666      0x182 /usr/lib/gcc/avr/4.7.0/avr4/libgcc.a(_pack_sf.o)
                0x0000000000001666                __pack_f
 .text          0x00000000000017e8       0xde /usr/lib/gcc/avr/4.7.0/avr4/libgcc.a(_unpack_sf.o)
                0x00000000000017e8                __unpack_f
 .text          0x00000000000018c6       0xc2 /usr/lib/gcc/avr/4.7.0/avr4/libgcc.a(_fpcmp_parts_sf.o)
                0x00000000000018c6                __fpcmp_parts_f
 .text          0x0000000000001988        0x0 /usr/lib/gcc/avr/4.7.0/../../../avr/lib/avr4/libc.a(eerd_byte_atmega8.o)
 .text          0x0000000000001988        0x0 /usr/lib/gcc/avr/4.7.0/../../../avr/lib/avr4/libc.a(eewr_byte_atmega8.o)
                0x0000000000001988                . = ALIGN (0x2)
 *(.text.*)
 .text.startup  0x0000000000001988       0x1c obj/Debug/main.o
                0x0000000000001988                main
 .text.libgcc.mul
                0x00000000000019a4        0x0 /usr/lib/gcc/avr/4.7.0/avr4/libgcc.a(_exit.o)
 .text.libgcc.div
                0x00000000000019a4        0x0 /usr/lib/gcc/avr/4.7.0/avr4/libgcc.a(_exit.o)
 .text.libgcc   0x00000000000019a4        0x0 /usr/lib/gcc/avr/4.7.0/avr4/libgcc.a(_exit.o)
 .text.libgcc.prologue
                0x00000000000019a4        0x0 /usr/lib/gcc/avr/4.7.0/avr4/libgcc.a(_exit.o)
 .text.libgcc.builtins
                0x00000000000019a4        0x0 /usr/lib/gcc/avr/4.7.0/avr4/libgcc.a(_exit.o)
 .text.libgcc.fmul
                0x00000000000019a4        0x0 /usr/lib/gcc/avr/4.7.0/avr4/libgcc.a(_exit.o)
 .text.libgcc.mul
                0x00000000000019a4        0x0 /usr/lib/gcc/avr/4.7.0/avr4/libgcc.a(_copy_data.o)
 .text.libgcc.div
                0x00000000000019a4        0x0 /usr/lib/gcc/avr/4.7.0/avr4/libgcc.a(_copy_data.o)
 .text.libgcc   0x00000000000019a4        0x0 /usr/lib/gcc/avr/4.7.0/avr4/libgcc.a(_copy_data.o)
 .text.libgcc.prologue
                0x00000000000019a4        0x0 /usr/lib/gcc/avr/4.7.0/avr4/libgcc.a(_copy_data.o)
 .text.libgcc.builtins
                0x00000000000019a4        0x0 /usr/lib/gcc/avr/4.7.0/avr4/libgcc.a(_copy_data.o)
 .text.libgcc.fmul
                0x00000000000019a4        0x0 /usr/lib/gcc/avr/4.7.0/avr4/libgcc.a(_copy_data.o)
 .text.libgcc.mul
                0x00000000000019a4        0x0 /usr/lib/gcc/avr/4.7.0/avr4/libgcc.a(_clear_bss.o)
 .text.libgcc.div
                0x00000000000019a4        0x0 /usr/lib/gcc/avr/4.7.0/avr4/libgcc.a(_clear_bss.o)
 .text.libgcc   0x00000000000019a4        0x0 /usr/lib/gcc/avr/4.7.0/avr4/libgcc.a(_clear_bss.o)
 .text.libgcc.prologue
                0x00000000000019a4        0x0 /usr/lib/gcc/avr/4.7.0/avr4/libgcc.a(_clear_bss.o)
 .text.libgcc.builtins
                0x00000000000019a4        0x0 /usr/lib/gcc/avr/4.7.0/avr4/libgcc.a(_clear_bss.o)
 .text.libgcc.fmul
                0x00000000000019a4        0x0 /usr/lib/gcc/avr/4.7.0/avr4/libgcc.a(_clear_bss.o)
 .text.libgcc.mul
                0x00000000000019a4        0x0 /usr/lib/gcc/avr/4.7.0/avr4/libgcc.a(_prologue.o)
 .text.libgcc.div
                0x00000000000019a4        0x0 /usr/lib/gcc/avr/4.7.0/avr4/libgcc.a(_prologue.o)
 .text.libgcc   0x00000000000019a4        0x0 /usr/lib/gcc/avr/4.7.0/avr4/libgcc.a(_prologue.o)
 .text.libgcc.prologue
                0x00000000000019a4       0x38 /usr/lib/gcc/avr/4.7.0/avr4/libgcc.a(_prologue.o)
                0x00000000000019a4                __prologue_saves__
 .text.libgcc.builtins
                0x00000000000019dc        0x0 /usr/lib/gcc/avr/4.7.0/avr4/libgcc.a(_prologue.o)
 .text.libgcc.fmul
                0x00000000000019dc        0x0 /usr/lib/gcc/avr/4.7.0/avr4/libgcc.a(_prologue.o)
 .text.libgcc.mul
                0x00000000000019dc        0x0 /usr/lib/gcc/avr/4.7.0/avr4/libgcc.a(_epilogue.o)
 .text.libgcc.div
                0x00000000000019dc        0x0 /usr/lib/gcc/avr/4.7.0/avr4/libgcc.a(_epilogue.o)
 .text.libgcc   0x00000000000019dc        0x0 /usr/lib/gcc/avr/4.7.0/avr4/libgcc.a(_epilogue.o)
 .text.libgcc.prologue
                0x00000000000019dc       0x36 /usr/lib/gcc/avr/4.7.0/avr4/libgcc.a(_epilogue.o)
                0x00000000000019dc                __epilogue_restores__
 .text.libgcc.builtins
                0x0000000000001a12        0x0 /usr/lib/gcc/avr/4.7.0/avr4/libgcc.a(_epilogue.o)
 .text.libgcc.fmul
                0x0000000000001a12        0x0 /usr/lib/gcc/avr/4.7.0/avr4/libgcc.a(_epilogue.o)
 .text.libgcc.mul
                0x0000000000001a12        0x0 /usr/lib/gcc/avr/4.7.0/avr4/libgcc.a(_clzsi2.o)
 .text.libgcc.div
                0x0000000000001a12        0x0 /usr/lib/gcc/avr/4.7.0/avr4/libgcc.a(_clzsi2.o)
 .text.libgcc   0x0000000000001a12        0x0 /usr/lib/gcc/avr/4.7.0/avr4/libgcc.a(_clzsi2.o)
 .text.libgcc.prologue
                0x0000000000001a12        0x0 /usr/lib/gcc/avr/4.7.0/avr4/libgcc.a(_clzsi2.o)
 .text.libgcc.builtins
                0x0000000000001a12        0xe /usr/lib/gcc/avr/4.7.0/avr4/libgcc.a(_clzsi2.o)
                0x0000000000001a12                __clzsi2
 .text.libgcc.fmul
                0x0000000000001a20        0x0 /usr/lib/gcc/avr/4.7.0/avr4/libgcc.a(_clzsi2.o)
 .text.libgcc.mul
                0x0000000000001a20        0x0 /usr/lib/gcc/avr/4.7.0/avr4/libgcc.a(_clzhi2.o)
 .text.libgcc.div
                0x0000000000001a20        0x0 /usr/lib/gcc/avr/4.7.0/avr4/libgcc.a(_clzhi2.o)
 .text.libgcc   0x0000000000001a20        0x0 /usr/lib/gcc/avr/4.7.0/avr4/libgcc.a(_clzhi2.o)
 .text.libgcc.prologue
                0x0000000000001a20        0x0 /usr/lib/gcc/avr/4.7.0/avr4/libgcc.a(_clzhi2.o)
 .text.libgcc.builtins
                0x0000000000001a20       0x24 /usr/lib/gcc/avr/4.7.0/avr4/libgcc.a(_clzhi2.o)
                0x0000000000001a20                __clzhi2
 .text.libgcc.fmul
                0x0000000000001a44        0x0 /usr/lib/gcc/avr/4.7.0/avr4/libgcc.a(_clzhi2.o)
 .text.avr-libc
                0x0000000000001a44       0x10 /usr/lib/gcc/avr/4.7.0/../../../avr/lib/avr4/libc.a(eerd_byte_atmega8.o)
                0x0000000000001a44                __eerd_byte_m8
 .text.avr-libc
                0x0000000000001a54       0x1a /usr/lib/gcc/avr/4.7.0/../../../avr/lib/avr4/libc.a(eewr_byte_atmega8.o)
                0x0000000000001a54                __eewr_byte_m8
                0x0000000000001a56                __eewr_r18_m8
                0x0000000000001a6e                . = ALIGN (0x2)
 *(.fini9)
 .fini9         0x0000000000001a6e        0x0 /usr/lib/gcc/avr/4.7.0/avr4/libgcc.a(_exit.o)
                0x0000000000001a6e                exit
                0x0000000000001a6e                _exit
 *(.fini9)
 *(.fini8)
 *(.fini8)
 *(.fini7)
 *(.fini7)
 *(.fini6)
 *(.fini6)
 *(.fini5)
 *(.fini5)
 *(.fini4)
 *(.fini4)
 *(.fini3)
 *(.fini3)
 *(.fini2)
 *(.fini2)
 *(.fini1)
 *(.fini1)
 *(.fini0)
 .fini0         0x0000000000001a6e        0x4 /usr/lib/gcc/avr/4.7.0/avr4/libgcc.a(_exit.o)
 *(.fini0)
                0x0000000000001a72                _etext = .

.data           0x0000000000800060        0xe load address 0x0000000000001a72
                0x0000000000800060                PROVIDE (__data_start, .)
 *(.data)
 .data          0x0000000000800060        0x0 /usr/lib/gcc/avr/4.7.0/../../../avr/lib/avr4/crtm8.o
 .data          0x0000000000800060        0x0 obj/Debug/main.o
 .data          0x0000000000800060        0x0 obj/Debug/modem.o
 .data          0x0000000000800060        0x0 obj/Debug/rfm_22_23.o
 .data          0x0000000000800060        0x0 obj/Debug/route.o
 .data          0x0000000000800060        0x0 obj/Debug/rs485.o
 .data          0x0000000000800060        0x0 /usr/lib/gcc/avr/4.7.0/avr4/libgcc.a(_exit.o)
 .data          0x0000000000800060        0x0 /usr/lib/gcc/avr/4.7.0/avr4/libgcc.a(_copy_data.o)
 .data          0x0000000000800060        0x0 /usr/lib/gcc/avr/4.7.0/avr4/libgcc.a(_clear_bss.o)
 .data          0x0000000000800060        0x0 /usr/lib/gcc/avr/4.7.0/avr4/libgcc.a(_fixunssfsi.o)
 .data          0x0000000000800060        0x0 /usr/lib/gcc/avr/4.7.0/avr4/libgcc.a(_addsub_sf.o)
 .data          0x0000000000800060        0x0 /usr/lib/gcc/avr/4.7.0/avr4/libgcc.a(_mul_sf.o)
 .data          0x0000000000800060        0x0 /usr/lib/gcc/avr/4.7.0/avr4/libgcc.a(_gt_sf.o)
 .data          0x0000000000800060        0x0 /usr/lib/gcc/avr/4.7.0/avr4/libgcc.a(_ge_sf.o)
 .data          0x0000000000800060        0x0 /usr/lib/gcc/avr/4.7.0/avr4/libgcc.a(_lt_sf.o)
 .data          0x0000000000800060        0x0 /usr/lib/gcc/avr/4.7.0/avr4/libgcc.a(_si_to_sf.o)
 .data          0x0000000000800060        0x0 /usr/lib/gcc/avr/4.7.0/avr4/libgcc.a(_sf_to_si.o)
 .data          0x0000000000800060        0x0 /usr/lib/gcc/avr/4.7.0/avr4/libgcc.a(_thenan_sf.o)
 .data          0x0000000000800060        0x0 /usr/lib/gcc/avr/4.7.0/avr4/libgcc.a(_prologue.o)
 .data          0x0000000000800060        0x0 /usr/lib/gcc/avr/4.7.0/avr4/libgcc.a(_epilogue.o)
 .data          0x0000000000800060        0x0 /usr/lib/gcc/avr/4.7.0/avr4/libgcc.a(_clzsi2.o)
 .data          0x0000000000800060        0x0 /usr/lib/gcc/avr/4.7.0/avr4/libgcc.a(_clzhi2.o)
 .data          0x0000000000800060        0x0 /usr/lib/gcc/avr/4.7.0/avr4/libgcc.a(_pack_sf.o)
 .data          0x0000000000800060        0x0 /usr/lib/gcc/avr/4.7.0/avr4/libgcc.a(_unpack_sf.o)
 .data          0x0000000000800060        0x0 /usr/lib/gcc/avr/4.7.0/avr4/libgcc.a(_fpcmp_parts_sf.o)
 .data          0x0000000000800060        0x0 /usr/lib/gcc/avr/4.7.0/../../../avr/lib/avr4/libc.a(eerd_byte_atmega8.o)
 .data          0x0000000000800060        0x0 /usr/lib/gcc/avr/4.7.0/../../../avr/lib/avr4/libc.a(eewr_byte_atmega8.o)
 *(.data*)
 *(.rodata)
 .rodata        0x0000000000800060        0x6 obj/Debug/rfm_22_23.o
 .rodata        0x0000000000800066        0x8 /usr/lib/gcc/avr/4.7.0/avr4/libgcc.a(_thenan_sf.o)
                0x0000000000800066                __thenan_sf
 *(.rodata*)
 *(.gnu.linkonce.d*)
                0x000000000080006e                . = ALIGN (0x2)
                0x000000000080006e                _edata = .
                0x000000000080006e                PROVIDE (__data_end, .)

.bss            0x000000000080006e      0x14a
                0x000000000080006e                PROVIDE (__bss_start, .)
 *(.bss)
 .bss           0x000000000080006e        0x0 /usr/lib/gcc/avr/4.7.0/../../../avr/lib/avr4/crtm8.o
 .bss           0x000000000080006e        0x0 obj/Debug/main.o
 .bss           0x000000000080006e        0x0 obj/Debug/modem.o
 .bss           0x000000000080006e        0x0 obj/Debug/rfm_22_23.o
 .bss           0x000000000080006e        0x0 obj/Debug/route.o
 .bss           0x000000000080006e        0x0 obj/Debug/rs485.o
 .bss           0x000000000080006e        0x0 /usr/lib/gcc/avr/4.7.0/avr4/libgcc.a(_exit.o)
 .bss           0x000000000080006e        0x0 /usr/lib/gcc/avr/4.7.0/avr4/libgcc.a(_copy_data.o)
 .bss           0x000000000080006e        0x0 /usr/lib/gcc/avr/4.7.0/avr4/libgcc.a(_clear_bss.o)
 .bss           0x000000000080006e        0x0 /usr/lib/gcc/avr/4.7.0/avr4/libgcc.a(_fixunssfsi.o)
 .bss           0x000000000080006e        0x0 /usr/lib/gcc/avr/4.7.0/avr4/libgcc.a(_addsub_sf.o)
 .bss           0x000000000080006e        0x0 /usr/lib/gcc/avr/4.7.0/avr4/libgcc.a(_mul_sf.o)
 .bss           0x000000000080006e        0x0 /usr/lib/gcc/avr/4.7.0/avr4/libgcc.a(_gt_sf.o)
 .bss           0x000000000080006e        0x0 /usr/lib/gcc/avr/4.7.0/avr4/libgcc.a(_ge_sf.o)
 .bss           0x000000000080006e        0x0 /usr/lib/gcc/avr/4.7.0/avr4/libgcc.a(_lt_sf.o)
 .bss           0x000000000080006e        0x0 /usr/lib/gcc/avr/4.7.0/avr4/libgcc.a(_si_to_sf.o)
 .bss           0x000000000080006e        0x0 /usr/lib/gcc/avr/4.7.0/avr4/libgcc.a(_sf_to_si.o)
 .bss           0x000000000080006e        0x0 /usr/lib/gcc/avr/4.7.0/avr4/libgcc.a(_thenan_sf.o)
 .bss           0x000000000080006e        0x0 /usr/lib/gcc/avr/4.7.0/avr4/libgcc.a(_prologue.o)
 .bss           0x000000000080006e        0x0 /usr/lib/gcc/avr/4.7.0/avr4/libgcc.a(_epilogue.o)
 .bss           0x000000000080006e        0x0 /usr/lib/gcc/avr/4.7.0/avr4/libgcc.a(_clzsi2.o)
 .bss           0x000000000080006e        0x0 /usr/lib/gcc/avr/4.7.0/avr4/libgcc.a(_clzhi2.o)
 .bss           0x000000000080006e        0x0 /usr/lib/gcc/avr/4.7.0/avr4/libgcc.a(_pack_sf.o)
 .bss           0x000000000080006e        0x0 /usr/lib/gcc/avr/4.7.0/avr4/libgcc.a(_unpack_sf.o)
 .bss           0x000000000080006e        0x0 /usr/lib/gcc/avr/4.7.0/avr4/libgcc.a(_fpcmp_parts_sf.o)
 .bss           0x000000000080006e        0x0 /usr/lib/gcc/avr/4.7.0/../../../avr/lib/avr4/libc.a(eerd_byte_atmega8.o)
 .bss           0x000000000080006e        0x0 /usr/lib/gcc/avr/4.7.0/../../../avr/lib/avr4/libc.a(eewr_byte_atmega8.o)
 *(.bss*)
 *(COMMON)
 COMMON         0x000000000080006e      0x14a obj/Debug/main.o
                0x000000000080006e                device_address
                0x000000000080006f                master_address
                0x0000000000800070                packet_condition
                0x0000000000800071                npack
                0x0000000000800072                modem_address
                0x00000000008000a2                retx_address
                0x00000000008000b2                nmodem
                0x00000000008000b3                buffer
                0x00000000008001b3                header
                0x00000000008001b6                device_type
                0x00000000008001b7                nretx
                0x00000000008001b8                PROVIDE (__bss_end, .)
                0x0000000000001a72                __data_load_start = LOADADDR (.data)
                0x0000000000001a80                __data_load_end = (__data_load_start + SIZEOF (.data))

.noinit         0x00000000008001b8        0x0
                0x00000000008001b8                PROVIDE (__noinit_start, .)
 *(.noinit*)
                0x00000000008001b8                PROVIDE (__noinit_end, .)
                0x00000000008001b8                _end = .
                0x00000000008001b8                PROVIDE (__heap_start, .)

.eeprom         0x0000000000810000       0x46
 *(.eeprom*)
 .eeprom        0x0000000000810000       0x46 obj/Debug/main.o
                0x0000000000810000                retx_address_eep
                0x0000000000810010                modem_address_eep
                0x0000000000810040                nmodem_eep
                0x0000000000810041                nretx_eep
                0x0000000000810042                master_address_eep
                0x0000000000810043                device_address_eep
                0x0000000000810044                dummy
                0x0000000000810046                __eeprom_end = .

.fuse
 *(.fuse)
 *(.lfuse)
 *(.hfuse)
 *(.efuse)

.lock
 *(.lock*)

.signature
 *(.signature*)

.stab           0x0000000000000000     0x3348
 *(.stab)
 .stab          0x0000000000000000      0x6cc /usr/lib/gcc/avr/4.7.0/../../../avr/lib/avr4/crtm8.o
 .stab          0x00000000000006cc      0xea0 obj/Debug/main.o
                                        0xeac (size before relaxing)
 .stab          0x000000000000156c      0xdd4 obj/Debug/modem.o
                                        0xfa8 (size before relaxing)
 .stab          0x0000000000002340      0x81c obj/Debug/rfm_22_23.o
                                        0xa38 (size before relaxing)
 .stab          0x0000000000002b5c      0x318 obj/Debug/route.o
                                        0x4e0 (size before relaxing)
 .stab          0x0000000000002e74      0x36c obj/Debug/rs485.o
                                        0x534 (size before relaxing)
 .stab          0x00000000000031e0       0x90 /usr/lib/gcc/avr/4.7.0/../../../avr/lib/avr4/libc.a(eerd_byte_atmega8.o)
                                         0x9c (size before relaxing)
 .stab          0x0000000000003270       0xd8 /usr/lib/gcc/avr/4.7.0/../../../avr/lib/avr4/libc.a(eewr_byte_atmega8.o)
                                         0xe4 (size before relaxing)

.stabstr        0x0000000000000000     0x112c
 *(.stabstr)
 .stabstr       0x0000000000000000     0x112c /usr/lib/gcc/avr/4.7.0/../../../avr/lib/avr4/crtm8.o

.stab.excl
 *(.stab.excl)

.stab.exclstr
 *(.stab.exclstr)

.stab.index
 *(.stab.index)

.stab.indexstr
 *(.stab.indexstr)

.comment        0x0000000000000000       0x11
 *(.comment)
 .comment       0x0000000000000000       0x11 obj/Debug/main.o
                                         0x12 (size before relaxing)
 .comment       0x0000000000000000       0x12 obj/Debug/modem.o
 .comment       0x0000000000000000       0x12 obj/Debug/rfm_22_23.o
 .comment       0x0000000000000000       0x12 obj/Debug/route.o
 .comment       0x0000000000000000       0x12 obj/Debug/rs485.o
 .comment       0x0000000000000000       0x12 /usr/lib/gcc/avr/4.7.0/avr4/libgcc.a(_fixunssfsi.o)
 .comment       0x0000000000000000       0x12 /usr/lib/gcc/avr/4.7.0/avr4/libgcc.a(_addsub_sf.o)
 .comment       0x0000000000000000       0x12 /usr/lib/gcc/avr/4.7.0/avr4/libgcc.a(_mul_sf.o)
 .comment       0x0000000000000000       0x12 /usr/lib/gcc/avr/4.7.0/avr4/libgcc.a(_gt_sf.o)
 .comment       0x0000000000000000       0x12 /usr/lib/gcc/avr/4.7.0/avr4/libgcc.a(_ge_sf.o)
 .comment       0x0000000000000000       0x12 /usr/lib/gcc/avr/4.7.0/avr4/libgcc.a(_lt_sf.o)
 .comment       0x0000000000000000       0x12 /usr/lib/gcc/avr/4.7.0/avr4/libgcc.a(_si_to_sf.o)
 .comment       0x0000000000000000       0x12 /usr/lib/gcc/avr/4.7.0/avr4/libgcc.a(_sf_to_si.o)
 .comment       0x0000000000000000       0x12 /usr/lib/gcc/avr/4.7.0/avr4/libgcc.a(_thenan_sf.o)
 .comment       0x0000000000000000       0x12 /usr/lib/gcc/avr/4.7.0/avr4/libgcc.a(_pack_sf.o)
 .comment       0x0000000000000000       0x12 /usr/lib/gcc/avr/4.7.0/avr4/libgcc.a(_unpack_sf.o)
 .comment       0x0000000000000000       0x12 /usr/lib/gcc/avr/4.7.0/avr4/libgcc.a(_fpcmp_parts_sf.o)

.debug
 *(.debug)

.line
 *(.line)

.debug_srcinfo
 *(.debug_srcinfo)

.debug_sfnames
 *(.debug_sfnames)

.debug_aranges
 *(.debug_aranges)

.debug_pubnames
 *(.debug_pubnames)

.debug_info
 *(.debug_info)
 *(.gnu.linkonce.wi.*)

.debug_abbrev
 *(.debug_abbrev)

.debug_line
 *(.debug_line)

.debug_frame
 *(.debug_frame)

.debug_str
 *(.debug_str)

.debug_loc
 *(.debug_loc)

.debug_macinfo
 *(.debug_macinfo)
OUTPUT(bin/Debug/modem_firmware.elf elf32-avr)
LOAD linker stubs

Cross Reference Table

Symbol                                            File
__addsf3                                          /usr/lib/gcc/avr/4.7.0/avr4/libgcc.a(_addsub_sf.o)
__bad_interrupt                                   /usr/lib/gcc/avr/4.7.0/../../../avr/lib/avr4/crtm8.o
__bss_end                                         /usr/lib/gcc/avr/4.7.0/avr4/libgcc.a(_clear_bss.o)
__bss_start                                       /usr/lib/gcc/avr/4.7.0/avr4/libgcc.a(_clear_bss.o)
__clzhi2                                          /usr/lib/gcc/avr/4.7.0/avr4/libgcc.a(_clzhi2.o)
                                                  /usr/lib/gcc/avr/4.7.0/avr4/libgcc.a(_clzsi2.o)
__clzsi2                                          /usr/lib/gcc/avr/4.7.0/avr4/libgcc.a(_clzsi2.o)
                                                  /usr/lib/gcc/avr/4.7.0/avr4/libgcc.a(_si_to_sf.o)
__data_end                                        /usr/lib/gcc/avr/4.7.0/avr4/libgcc.a(_copy_data.o)
__data_load_start                                 /usr/lib/gcc/avr/4.7.0/avr4/libgcc.a(_copy_data.o)
__data_start                                      /usr/lib/gcc/avr/4.7.0/avr4/libgcc.a(_copy_data.o)
__do_clear_bss                                    /usr/lib/gcc/avr/4.7.0/avr4/libgcc.a(_clear_bss.o)
                                                  obj/Debug/main.o
__do_copy_data                                    /usr/lib/gcc/avr/4.7.0/avr4/libgcc.a(_copy_data.o)
                                                  /usr/lib/gcc/avr/4.7.0/avr4/libgcc.a(_thenan_sf.o)
                                                  obj/Debug/rfm_22_23.o
__eerd_byte_m8                                    /usr/lib/gcc/avr/4.7.0/../../../avr/lib/avr4/libc.a(eerd_byte_atmega8.o)
                                                  obj/Debug/main.o
__eewr_byte_m8                                    /usr/lib/gcc/avr/4.7.0/../../../avr/lib/avr4/libc.a(eewr_byte_atmega8.o)
                                                  obj/Debug/modem.o
                                                  obj/Debug/main.o
__eewr_r18_m8                                     /usr/lib/gcc/avr/4.7.0/../../../avr/lib/avr4/libc.a(eewr_byte_atmega8.o)
__epilogue_restores__                             /usr/lib/gcc/avr/4.7.0/avr4/libgcc.a(_epilogue.o)
                                                  /usr/lib/gcc/avr/4.7.0/avr4/libgcc.a(_sf_to_si.o)
                                                  /usr/lib/gcc/avr/4.7.0/avr4/libgcc.a(_si_to_sf.o)
                                                  /usr/lib/gcc/avr/4.7.0/avr4/libgcc.a(_lt_sf.o)
                                                  /usr/lib/gcc/avr/4.7.0/avr4/libgcc.a(_ge_sf.o)
                                                  /usr/lib/gcc/avr/4.7.0/avr4/libgcc.a(_gt_sf.o)
                                                  /usr/lib/gcc/avr/4.7.0/avr4/libgcc.a(_mul_sf.o)
                                                  /usr/lib/gcc/avr/4.7.0/avr4/libgcc.a(_addsub_sf.o)
__fixsfsi                                         /usr/lib/gcc/avr/4.7.0/avr4/libgcc.a(_sf_to_si.o)
                                                  /usr/lib/gcc/avr/4.7.0/avr4/libgcc.a(_fixunssfsi.o)
__fixunssfsi                                      /usr/lib/gcc/avr/4.7.0/avr4/libgcc.a(_fixunssfsi.o)
                                                  obj/Debug/modem.o
__floatsisf                                       /usr/lib/gcc/avr/4.7.0/avr4/libgcc.a(_si_to_sf.o)
                                                  obj/Debug/modem.o
__fpcmp_parts_f                                   /usr/lib/gcc/avr/4.7.0/avr4/libgcc.a(_fpcmp_parts_sf.o)
                                                  /usr/lib/gcc/avr/4.7.0/avr4/libgcc.a(_lt_sf.o)
                                                  /usr/lib/gcc/avr/4.7.0/avr4/libgcc.a(_ge_sf.o)
                                                  /usr/lib/gcc/avr/4.7.0/avr4/libgcc.a(_gt_sf.o)
__gesf2                                           /usr/lib/gcc/avr/4.7.0/avr4/libgcc.a(_ge_sf.o)
                                                  /usr/lib/gcc/avr/4.7.0/avr4/libgcc.a(_fixunssfsi.o)
__gtsf2                                           /usr/lib/gcc/avr/4.7.0/avr4/libgcc.a(_gt_sf.o)
                                                  obj/Debug/modem.o
__heap_end                                        /usr/lib/gcc/avr/4.7.0/../../../avr/lib/avr4/crtm8.o
__init                                            /usr/lib/gcc/avr/4.7.0/../../../avr/lib/avr4/crtm8.o
__ltsf2                                           /usr/lib/gcc/avr/4.7.0/avr4/libgcc.a(_lt_sf.o)
                                                  obj/Debug/modem.o
__mulsf3                                          /usr/lib/gcc/avr/4.7.0/avr4/libgcc.a(_mul_sf.o)
                                                  obj/Debug/modem.o
__pack_f                                          /usr/lib/gcc/avr/4.7.0/avr4/libgcc.a(_pack_sf.o)
                                                  /usr/lib/gcc/avr/4.7.0/avr4/libgcc.a(_si_to_sf.o)
                                                  /usr/lib/gcc/avr/4.7.0/avr4/libgcc.a(_mul_sf.o)
                                                  /usr/lib/gcc/avr/4.7.0/avr4/libgcc.a(_addsub_sf.o)
__prologue_saves__                                /usr/lib/gcc/avr/4.7.0/avr4/libgcc.a(_prologue.o)
                                                  /usr/lib/gcc/avr/4.7.0/avr4/libgcc.a(_sf_to_si.o)
                                                  /usr/lib/gcc/avr/4.7.0/avr4/libgcc.a(_si_to_sf.o)
                                                  /usr/lib/gcc/avr/4.7.0/avr4/libgcc.a(_lt_sf.o)
                                                  /usr/lib/gcc/avr/4.7.0/avr4/libgcc.a(_ge_sf.o)
                                                  /usr/lib/gcc/avr/4.7.0/avr4/libgcc.a(_gt_sf.o)
                                                  /usr/lib/gcc/avr/4.7.0/avr4/libgcc.a(_mul_sf.o)
                                                  /usr/lib/gcc/avr/4.7.0/avr4/libgcc.a(_addsub_sf.o)
__stack                                           /usr/lib/gcc/avr/4.7.0/../../../avr/lib/avr4/crtm8.o
__subsf3                                          /usr/lib/gcc/avr/4.7.0/avr4/libgcc.a(_addsub_sf.o)
                                                  /usr/lib/gcc/avr/4.7.0/avr4/libgcc.a(_fixunssfsi.o)
__thenan_sf                                       /usr/lib/gcc/avr/4.7.0/avr4/libgcc.a(_thenan_sf.o)
                                                  /usr/lib/gcc/avr/4.7.0/avr4/libgcc.a(_mul_sf.o)
                                                  /usr/lib/gcc/avr/4.7.0/avr4/libgcc.a(_addsub_sf.o)
__unpack_f                                        /usr/lib/gcc/avr/4.7.0/avr4/libgcc.a(_unpack_sf.o)
                                                  /usr/lib/gcc/avr/4.7.0/avr4/libgcc.a(_sf_to_si.o)
                                                  /usr/lib/gcc/avr/4.7.0/avr4/libgcc.a(_lt_sf.o)
                                                  /usr/lib/gcc/avr/4.7.0/avr4/libgcc.a(_ge_sf.o)
                                                  /usr/lib/gcc/avr/4.7.0/avr4/libgcc.a(_gt_sf.o)
                                                  /usr/lib/gcc/avr/4.7.0/avr4/libgcc.a(_mul_sf.o)
                                                  /usr/lib/gcc/avr/4.7.0/avr4/libgcc.a(_addsub_sf.o)
__vector_1                                        obj/Debug/main.o
                                                  /usr/lib/gcc/avr/4.7.0/../../../avr/lib/avr4/crtm8.o
__vector_10                                       /usr/lib/gcc/avr/4.7.0/../../../avr/lib/avr4/crtm8.o
__vector_11                                       obj/Debug/main.o
                                                  /usr/lib/gcc/avr/4.7.0/../../../avr/lib/avr4/crtm8.o
__vector_12                                       /usr/lib/gcc/avr/4.7.0/../../../avr/lib/avr4/crtm8.o
__vector_13                                       /usr/lib/gcc/avr/4.7.0/../../../avr/lib/avr4/crtm8.o
__vector_14                                       /usr/lib/gcc/avr/4.7.0/../../../avr/lib/avr4/crtm8.o
__vector_15                                       /usr/lib/gcc/avr/4.7.0/../../../avr/lib/avr4/crtm8.o
__vector_16                                       /usr/lib/gcc/avr/4.7.0/../../../avr/lib/avr4/crtm8.o
__vector_17                                       /usr/lib/gcc/avr/4.7.0/../../../avr/lib/avr4/crtm8.o
__vector_18                                       /usr/lib/gcc/avr/4.7.0/../../../avr/lib/avr4/crtm8.o
__vector_2                                        obj/Debug/main.o
                                                  /usr/lib/gcc/avr/4.7.0/../../../avr/lib/avr4/crtm8.o
__vector_3                                        /usr/lib/gcc/avr/4.7.0/../../../avr/lib/avr4/crtm8.o
__vector_4                                        /usr/lib/gcc/avr/4.7.0/../../../avr/lib/avr4/crtm8.o
__vector_5                                        /usr/lib/gcc/avr/4.7.0/../../../avr/lib/avr4/crtm8.o
__vector_6                                        /usr/lib/gcc/avr/4.7.0/../../../avr/lib/avr4/crtm8.o
__vector_7                                        /usr/lib/gcc/avr/4.7.0/../../../avr/lib/avr4/crtm8.o
__vector_8                                        /usr/lib/gcc/avr/4.7.0/../../../avr/lib/avr4/crtm8.o
__vector_9                                        /usr/lib/gcc/avr/4.7.0/../../../avr/lib/avr4/crtm8.o
__vector_default                                  /usr/lib/gcc/avr/4.7.0/../../../avr/lib/avr4/crtm8.o
__vectors                                         /usr/lib/gcc/avr/4.7.0/../../../avr/lib/avr4/crtm8.o
_exit                                             /usr/lib/gcc/avr/4.7.0/avr4/libgcc.a(_exit.o)
buffer                                            obj/Debug/rs485.o
                                                  obj/Debug/rfm_22_23.o
                                                  obj/Debug/main.o
delay_timer                                       obj/Debug/modem.o
                                                  obj/Debug/route.o
                                                  obj/Debug/rfm_22_23.o
device_address                                    obj/Debug/route.o
                                                  obj/Debug/rfm_22_23.o
                                                  obj/Debug/modem.o
                                                  obj/Debug/main.o
device_address_eep                                obj/Debug/main.o
device_type                                       obj/Debug/main.o
dummy                                             obj/Debug/main.o
exit                                              /usr/lib/gcc/avr/4.7.0/avr4/libgcc.a(_exit.o)
                                                  /usr/lib/gcc/avr/4.7.0/../../../avr/lib/avr4/crtm8.o
header                                            obj/Debug/route.o
                                                  obj/Debug/modem.o
                                                  obj/Debug/main.o
init                                              obj/Debug/main.o
led_flash                                         obj/Debug/main.o
                                                  obj/Debug/route.o
main                                              obj/Debug/main.o
                                                  /usr/lib/gcc/avr/4.7.0/../../../avr/lib/avr4/crtm8.o
master_address                                    obj/Debug/rfm_22_23.o
                                                  obj/Debug/modem.o
                                                  obj/Debug/main.o
master_address_eep                                obj/Debug/main.o
                                                  obj/Debug/modem.o
master_transmit                                   obj/Debug/modem.o
                                                  obj/Debug/main.o
modem_address                                     obj/Debug/modem.o
                                                  obj/Debug/main.o
modem_address_eep                                 obj/Debug/main.o
nmodem                                            obj/Debug/modem.o
                                                  obj/Debug/main.o
nmodem_eep                                        obj/Debug/main.o
npack                                             obj/Debug/rs485.o
                                                  obj/Debug/modem.o
                                                  obj/Debug/main.o
nretx                                             obj/Debug/modem.o
                                                  obj/Debug/main.o
nretx_eep                                         obj/Debug/main.o
packet_condition                                  obj/Debug/modem.o
                                                  obj/Debug/main.o
packet_handler_master                             obj/Debug/modem.o
                                                  obj/Debug/main.o
packet_handler_retx                               obj/Debug/modem.o
                                                  obj/Debug/main.o
packet_handler_slave                              obj/Debug/modem.o
                                                  obj/Debug/main.o
ping                                              obj/Debug/route.o
                                                  obj/Debug/main.o
receive_multiple_data_packet                      obj/Debug/modem.o
receive_single_data_packet                        obj/Debug/modem.o
reset_master                                      obj/Debug/main.o
reset_slave                                       obj/Debug/main.o
retx_address                                      obj/Debug/modem.o
                                                  obj/Debug/main.o
retx_address_eep                                  obj/Debug/main.o
rfm_22_init                                       obj/Debug/rfm_22_23.o
                                                  obj/Debug/main.o
rfm_22_read                                       obj/Debug/rfm_22_23.o
                                                  obj/Debug/modem.o
rfm_22_read_burst                                 obj/Debug/rfm_22_23.o
                                                  obj/Debug/route.o
                                                  obj/Debug/modem.o
rfm_22_read_packet                                obj/Debug/rfm_22_23.o
                                                  obj/Debug/modem.o
rfm_22_transmit_packet                            obj/Debug/rfm_22_23.o
                                                  obj/Debug/route.o
                                                  obj/Debug/modem.o
rfm_22_write                                      obj/Debug/rfm_22_23.o
                                                  obj/Debug/rs485.o
                                                  obj/Debug/route.o
                                                  obj/Debug/modem.o
                                                  obj/Debug/main.o
rfm_22_write_burst                                obj/Debug/rfm_22_23.o
rs485_init                                        obj/Debug/rs485.o
                                                  obj/Debug/main.o
rs485_receive_packet                              obj/Debug/rs485.o
                                                  obj/Debug/main.o
rs485_transmit_packet                             obj/Debug/rs485.o
                                                  obj/Debug/modem.o
transmit_data_packet                              obj/Debug/modem.o
                                                  obj/Debug/main.o
