   1               		.file	"transmit.c"
   2               	__SREG__ = 0x3f
   3               	__SP_H__ = 0x3e
   4               	__SP_L__ = 0x3d
   5               	__CCP__  = 0x34
   6               	__tmp_reg__ = 0
   7               	__zero_reg__ = 1
  15               	.Ltext0:
  16               		.data
  17               	.LC0:
  18 0000 6565 6565 		.string	"eeeeee"
  18      6565 00
  19               	.LC1:
  20 0007 696E 6974 		.string	"init failed"
  20      2066 6169 
  20      6C65 6400 
  21               	.LC2:
  22 0013 696E 6974 		.string	"init success"
  22      2073 7563 
  22      6365 7373 
  22      00
  23               		.text
  24               	.global	main
  26               	main:
  27               	.LFB6:
  28               	.LM1:
  29               	/* prologue: function */
  30               	/* frame size = 0 */
  31               	.LM2:
  32 0000 8CE0      		ldi r24,lo8(12)
  33 0002 00D0      		rcall lcd_init
  34               	.LM3:
  35 0004 80E0      		ldi r24,lo8(buffer)
  36 0006 90E0      		ldi r25,hi8(buffer)
  37 0008 60E0      		ldi r22,lo8(.LC0)
  38 000a 70E0      		ldi r23,hi8(.LC0)
  39 000c 00D0      		rcall strcpy
  40               	.LM4:
  41 000e 00D0      		rcall rfm_22_init
  42               	.LM5:
  43 0010 8823      		tst r24
  44 0012 01F0      		breq .L2
  45 0014 80E0      		ldi r24,lo8(.LC1)
  46 0016 90E0      		ldi r25,hi8(.LC1)
  47 0018 00C0      		rjmp .L5
  48               	.L2:
  49               	.LM6:
  50 001a 80E0      		ldi r24,lo8(.LC2)
  51 001c 90E0      		ldi r25,hi8(.LC2)
  52               	.L5:
  53 001e 00D0      		rcall lcd_puts
  54               	.LM7:
  55 0020 81E0      		ldi r24,lo8(1)
  56 0022 65E0      		ldi r22,lo8(5)
  57 0024 00D0      		rcall rfm_22_transmit
  58               	.LM8:
  59 0026 80E0      		ldi r24,lo8(0)
  60 0028 90E0      		ldi r25,hi8(0)
  61               	/* epilogue start */
  62 002a 0895      		ret
  63               	.LFE6:
  65               	.global	master_address
  66               		.data
  69               	master_address:
  70 0020 AA        		.byte	-86
  71               	.global	device_address
  74               	device_address:
  75 0021 AA        		.byte	-86
  76               		.comm buffer,256,1
  77               		.comm header,3,1
 102               	.Letext0:
DEFINED SYMBOLS
                            *ABS*:00000000 transmit.c
C:\Users\Dltech\AppData\Local\Temp/ccDLLsp6.s:2      *ABS*:0000003f __SREG__
C:\Users\Dltech\AppData\Local\Temp/ccDLLsp6.s:3      *ABS*:0000003e __SP_H__
C:\Users\Dltech\AppData\Local\Temp/ccDLLsp6.s:4      *ABS*:0000003d __SP_L__
C:\Users\Dltech\AppData\Local\Temp/ccDLLsp6.s:5      *ABS*:00000034 __CCP__
C:\Users\Dltech\AppData\Local\Temp/ccDLLsp6.s:6      *ABS*:00000000 __tmp_reg__
C:\Users\Dltech\AppData\Local\Temp/ccDLLsp6.s:7      *ABS*:00000001 __zero_reg__
C:\Users\Dltech\AppData\Local\Temp/ccDLLsp6.s:26     .text:00000000 main
                            *COM*:00000100 buffer
C:\Users\Dltech\AppData\Local\Temp/ccDLLsp6.s:69     .data:00000020 master_address
C:\Users\Dltech\AppData\Local\Temp/ccDLLsp6.s:74     .data:00000021 device_address
                            *COM*:00000003 header

UNDEFINED SYMBOLS
lcd_init
strcpy
rfm_22_init
lcd_puts
rfm_22_transmit
__do_copy_data
__do_clear_bss
